Archive member included to satisfy reference by file (symbol)

c:/tools/gcc-arm-none-eabi-10.3-2021.10/bin/../lib/gcc/arm-none-eabi/10.3.1/../../../../arm-none-eabi/lib/thumb/v7e-m+fp/hard\libc_nano.a(lib_a-exit.o)
                              c:/tools/gcc-arm-none-eabi-10.3-2021.10/bin/../lib/gcc/arm-none-eabi/10.3.1/../../../../arm-none-eabi/lib/thumb/v7e-m+fp/hard/crt0.o (exit)
c:/tools/gcc-arm-none-eabi-10.3-2021.10/bin/../lib/gcc/arm-none-eabi/10.3.1/../../../../arm-none-eabi/lib/thumb/v7e-m+fp/hard\libc_nano.a(lib_a-impure.o)
                              c:/tools/gcc-arm-none-eabi-10.3-2021.10/bin/../lib/gcc/arm-none-eabi/10.3.1/../../../../arm-none-eabi/lib/thumb/v7e-m+fp/hard\libc_nano.a(lib_a-exit.o) (_global_impure_ptr)
c:/tools/gcc-arm-none-eabi-10.3-2021.10/bin/../lib/gcc/arm-none-eabi/10.3.1/../../../../arm-none-eabi/lib/thumb/v7e-m+fp/hard\libc_nano.a(lib_a-init.o)
                              c:/tools/gcc-arm-none-eabi-10.3-2021.10/bin/../lib/gcc/arm-none-eabi/10.3.1/../../../../arm-none-eabi/lib/thumb/v7e-m+fp/hard/crt0.o (__libc_init_array)
c:/tools/gcc-arm-none-eabi-10.3-2021.10/bin/../lib/gcc/arm-none-eabi/10.3.1/../../../../arm-none-eabi/lib/thumb/v7e-m+fp/hard\libc_nano.a(lib_a-memcpy-stub.o)
                              build/as5047p.o (memcpy)
c:/tools/gcc-arm-none-eabi-10.3-2021.10/bin/../lib/gcc/arm-none-eabi/10.3.1/../../../../arm-none-eabi/lib/thumb/v7e-m+fp/hard\libc_nano.a(lib_a-memset.o)
                              c:/tools/gcc-arm-none-eabi-10.3-2021.10/bin/../lib/gcc/arm-none-eabi/10.3.1/../../../../arm-none-eabi/lib/thumb/v7e-m+fp/hard/crt0.o (memset)
c:/tools/gcc-arm-none-eabi-10.3-2021.10/bin/../lib/gcc/arm-none-eabi/10.3.1/../../../../arm-none-eabi/lib/thumb/v7e-m+fp/hard\libc_nano.a(lib_a-nano-vfprintf_float.o)
                              (_printf_float)
c:/tools/gcc-arm-none-eabi-10.3-2021.10/bin/../lib/gcc/arm-none-eabi/10.3.1/../../../../arm-none-eabi/lib/thumb/v7e-m+fp/hard\libc_nano.a(lib_a-nano-vfprintf_i.o)
                              c:/tools/gcc-arm-none-eabi-10.3-2021.10/bin/../lib/gcc/arm-none-eabi/10.3.1/../../../../arm-none-eabi/lib/thumb/v7e-m+fp/hard\libc_nano.a(lib_a-nano-vfprintf_float.o) (_printf_common)
c:/tools/gcc-arm-none-eabi-10.3-2021.10/bin/../lib/gcc/arm-none-eabi/10.3.1/../../../../arm-none-eabi/lib/thumb/v7e-m+fp/hard\libc_nano.a(lib_a-printf.o)
                              build/main.o (printf)
c:/tools/gcc-arm-none-eabi-10.3-2021.10/bin/../lib/gcc/arm-none-eabi/10.3.1/../../../../arm-none-eabi/lib/thumb/v7e-m+fp/hard\libc_nano.a(lib_a-puts.o)
                              build/main.o (puts)
c:/tools/gcc-arm-none-eabi-10.3-2021.10/bin/../lib/gcc/arm-none-eabi/10.3.1/../../../../arm-none-eabi/lib/thumb/v7e-m+fp/hard\libc_nano.a(lib_a-strlen.o)
                              c:/tools/gcc-arm-none-eabi-10.3-2021.10/bin/../lib/gcc/arm-none-eabi/10.3.1/../../../../arm-none-eabi/lib/thumb/v7e-m+fp/hard\libc_nano.a(lib_a-nano-vfprintf_float.o) (strlen)
c:/tools/gcc-arm-none-eabi-10.3-2021.10/bin/../lib/gcc/arm-none-eabi/10.3.1/../../../../arm-none-eabi/lib/thumb/v7e-m+fp/hard\libc_nano.a(lib_a-wbuf.o)
                              c:/tools/gcc-arm-none-eabi-10.3-2021.10/bin/../lib/gcc/arm-none-eabi/10.3.1/../../../../arm-none-eabi/lib/thumb/v7e-m+fp/hard\libc_nano.a(lib_a-puts.o) (__swbuf_r)
c:/tools/gcc-arm-none-eabi-10.3-2021.10/bin/../lib/gcc/arm-none-eabi/10.3.1/../../../../arm-none-eabi/lib/thumb/v7e-m+fp/hard\libc_nano.a(lib_a-wsetup.o)
                              c:/tools/gcc-arm-none-eabi-10.3-2021.10/bin/../lib/gcc/arm-none-eabi/10.3.1/../../../../arm-none-eabi/lib/thumb/v7e-m+fp/hard\libc_nano.a(lib_a-puts.o) (__swsetup_r)
c:/tools/gcc-arm-none-eabi-10.3-2021.10/bin/../lib/gcc/arm-none-eabi/10.3.1/../../../../arm-none-eabi/lib/thumb/v7e-m+fp/hard\libc_nano.a(lib_a-dtoa.o)
                              c:/tools/gcc-arm-none-eabi-10.3-2021.10/bin/../lib/gcc/arm-none-eabi/10.3.1/../../../../arm-none-eabi/lib/thumb/v7e-m+fp/hard\libc_nano.a(lib_a-nano-vfprintf_float.o) (_dtoa_r)
c:/tools/gcc-arm-none-eabi-10.3-2021.10/bin/../lib/gcc/arm-none-eabi/10.3.1/../../../../arm-none-eabi/lib/thumb/v7e-m+fp/hard\libc_nano.a(lib_a-fflush.o)
                              c:/tools/gcc-arm-none-eabi-10.3-2021.10/bin/../lib/gcc/arm-none-eabi/10.3.1/../../../../arm-none-eabi/lib/thumb/v7e-m+fp/hard\libc_nano.a(lib_a-wbuf.o) (_fflush_r)
c:/tools/gcc-arm-none-eabi-10.3-2021.10/bin/../lib/gcc/arm-none-eabi/10.3.1/../../../../arm-none-eabi/lib/thumb/v7e-m+fp/hard\libc_nano.a(lib_a-findfp.o)
                              c:/tools/gcc-arm-none-eabi-10.3-2021.10/bin/../lib/gcc/arm-none-eabi/10.3.1/../../../../arm-none-eabi/lib/thumb/v7e-m+fp/hard\libc_nano.a(lib_a-printf.o) (__sinit)
c:/tools/gcc-arm-none-eabi-10.3-2021.10/bin/../lib/gcc/arm-none-eabi/10.3.1/../../../../arm-none-eabi/lib/thumb/v7e-m+fp/hard\libc_nano.a(lib_a-fwalk.o)
[...]
Memory Configuration

Name             Origin             Length             Attributes
RAM              0x20000000         0x00040000         xrw
FLASH            0x08000000         0x00100000         xr
*default*        0x00000000         0xffffffff

Linker script and memory map

LOAD c:/tools/gcc-arm-none-eabi-10.3-2021.10/bin/../lib/gcc/arm-none-eabi/10.3.1/thumb/v7e-m+fp/hard/crti.o
LOAD c:/tools/gcc-arm-none-eabi-10.3-2021.10/bin/../lib/gcc/arm-none-eabi/10.3.1/thumb/v7e-m+fp/hard/crtbegin.o
LOAD c:/tools/gcc-arm-none-eabi-10.3-2021.10/bin/../lib/gcc/arm-none-eabi/10.3.1/../../../../arm-none-eabi/lib/thumb/v7e-m+fp/hard/crt0.o
LOAD build/main.o
LOAD build/gpio.o
LOAD build/adc.o
LOAD build/dma.o
LOAD build/spi.o
LOAD build/tim.o
LOAD build/as5047p_hal.o
LOAD build/as5047p.o
LOAD build/ICM_20648.o
LOAD build/usart.o
LOAD build/stm32f4xx_it.o
LOAD build/stm32f4xx_hal_msp.o
LOAD build/stm32f4xx_hal_adc.o
LOAD build/stm32f4xx_hal_adc_ex.o
LOAD build/stm32f4xx_ll_adc.o
LOAD build/stm32f4xx_hal_rcc.o
LOAD build/stm32f4xx_hal_rcc_ex.o
LOAD build/stm32f4xx_hal_flash.o
LOAD build/stm32f4xx_hal_flash_ex.o
LOAD build/stm32f4xx_hal_flash_ramfunc.o
LOAD build/stm32f4xx_hal_gpio.o
LOAD build/stm32f4xx_hal_dma_ex.o
LOAD build/stm32f4xx_hal_dma.o
LOAD build/stm32f4xx_hal_pwr.o
LOAD build/stm32f4xx_hal_pwr_ex.o
LOAD build/stm32f4xx_hal_cortex.o
LOAD build/stm32f4xx_hal.o
LOAD build/stm32f4xx_hal_exti.o
LOAD build/stm32f4xx_hal_spi.o
LOAD build/stm32f4xx_hal_tim.o
LOAD build/stm32f4xx_hal_tim_ex.o
LOAD build/stm32f4xx_hal_uart.o
LOAD build/system_stm32f4xx.o
LOAD build/startup_stm32f412cx.o
LOAD c:/tools/gcc-arm-none-eabi-10.3-2021.10/bin/../lib/gcc/arm-none-eabi/10.3.1/../../../../arm-none-eabi/lib/thumb/v7e-m+fp/hard\libc_nano.a
LOAD c:/tools/gcc-arm-none-eabi-10.3-2021.10/bin/../lib/gcc/arm-none-eabi/10.3.1/../../../../arm-none-eabi/lib/thumb/v7e-m+fp/hard\libm.a
LOAD c:/tools/gcc-arm-none-eabi-10.3-2021.10/bin/../lib/gcc/arm-none-eabi/10.3.1/../../../../arm-none-eabi/lib/thumb/v7e-m+fp/hard\libnosys.a
START GROUP
LOAD c:/tools/gcc-arm-none-eabi-10.3-2021.10/bin/../lib/gcc/arm-none-eabi/10.3.1/thumb/v7e-m+fp/hard\libgcc.a
LOAD c:/tools/gcc-arm-none-eabi-10.3-2021.10/bin/../lib/gcc/arm-none-eabi/10.3.1/../../../../arm-none-eabi/lib/thumb/v7e-m+fp/hard\libc_nano.a
END GROUP
START GROUP
LOAD c:/tools/gcc-arm-none-eabi-10.3-2021.10/bin/../lib/gcc/arm-none-eabi/10.3.1/thumb/v7e-m+fp/hard\libgcc.a
LOAD c:/tools/gcc-arm-none-eabi-10.3-2021.10/bin/../lib/gcc/arm-none-eabi/10.3.1/../../../../arm-none-eabi/lib/thumb/v7e-m+fp/hard\libc_nano.a
END GROUP
LOAD c:/tools/gcc-arm-none-eabi-10.3-2021.10/bin/../lib/gcc/arm-none-eabi/10.3.1/thumb/v7e-m+fp/hard/crtend.o
LOAD c:/tools/gcc-arm-none-eabi-10.3-2021.10/bin/../lib/gcc/arm-none-eabi/10.3.1/thumb/v7e-m+fp/hard/crtn.o
                0x20040000                _estack = (ORIGIN (RAM) + LENGTH (RAM))
                0x00000200                _Min_Heap_Size = 0x200
                0x00000400                _Min_Stack_Size = 0x400

.isr_vector     0x08000000      0x1c4
                0x08000000                . = ALIGN (0x4)
 *(.isr_vector)
 .isr_vector    0x08000000      0x1c4 build/startup_stm32f412cx.o
                0x08000000                g_pfnVectors
                0x080001c4                . = ALIGN (0x4)

.text           0x080001d0     0x7578
                0x080001d0                . = ALIGN (0x4)
 *(.text)
 .text          0x080001d0       0x40 c:/tools/gcc-arm-none-eabi-10.3-2021.10/bin/../lib/gcc/arm-none-eabi/10.3.1/thumb/v7e-m+fp/hard/crtbegin.o
 .text          0x08000210       0x10 c:/tools/gcc-arm-none-eabi-10.3-2021.10/bin/../lib/gcc/arm-none-eabi/10.3.1/../../../../arm-none-eabi/lib/thumb/v7e-m+fp/hard\libc_nano.a(lib_a-strlen.o)
                0x08000210                strlen
 .text          0x08000220       0xa0 c:/tools/gcc-arm-none-eabi-10.3-2021.10/bin/../lib/gcc/arm-none-eabi/10.3.1/../../../../arm-none-eabi/lib/thumb/v7e-m+fp/hard\libc_nano.a(lib_a-memchr.o)
                0x08000220                memchr
 .text          0x080002c0      0x378 c:/tools/gcc-arm-none-eabi-10.3-2021.10/bin/../lib/gcc/arm-none-eabi/10.3.1/thumb/v7e-m+fp/hard\libgcc.a(_arm_addsubdf3.o)
                0x080002c0                __aeabi_drsub
                0x080002c8                __aeabi_dsub
                0x080002c8                __subdf3
                0x080002cc                __aeabi_dadd
                0x080002cc                __adddf3
                0x08000544                __floatunsidf
                0x08000544                __aeabi_ui2d
                0x08000564                __floatsidf
                0x08000564                __aeabi_i2d
                0x08000588                __aeabi_f2d
                0x08000588                __extendsfdf2
                0x080005cc                __floatundidf
                0x080005cc                __aeabi_ul2d
                0x080005dc                __floatdidf
                0x080005dc                __aeabi_l2d
 .text          0x08000638      0x424 c:/tools/gcc-arm-none-eabi-10.3-2021.10/bin/../lib/gcc/arm-none-eabi/10.3.1/thumb/v7e-m+fp/hard\libgcc.a(_arm_muldivdf3.o)
                0x08000638                __aeabi_dmul
                0x08000638                __muldf3
                0x0800088c                __divdf3
                0x0800088c                __aeabi_ddiv
 .text          0x08000a5c      0x110 c:/tools/gcc-arm-none-eabi-10.3-2021.10/bin/../lib/gcc/arm-none-eabi/10.3.1/thumb/v7e-m+fp/hard\libgcc.a(_arm_cmpdf2.o)
                0x08000a5c                __gtdf2
                0x08000a5c                __gedf2
                0x08000a64                __ltdf2
                0x08000a64                __ledf2
                0x08000a6c                __nedf2
                0x08000a6c                __eqdf2
                0x08000a6c                __cmpdf2
                0x08000ae8                __aeabi_cdrcmple
                0x08000af8                __aeabi_cdcmpeq
                0x08000af8                __aeabi_cdcmple
                0x08000b08                __aeabi_dcmpeq
                0x08000b1c                __aeabi_dcmplt
                0x08000b30                __aeabi_dcmple
                0x08000b44                __aeabi_dcmpge
                0x08000b58                __aeabi_dcmpgt
 .text          0x08000b6c       0x2c c:/tools/gcc-arm-none-eabi-10.3-2021.10/bin/../lib/gcc/arm-none-eabi/10.3.1/thumb/v7e-m+fp/hard\libgcc.a(_arm_unorddf2.o)
                0x08000b6c                __unorddf2
                0x08000b6c                __aeabi_dcmpun
 .text          0x08000b98       0x50 c:/tools/gcc-arm-none-eabi-10.3-2021.10/bin/../lib/gcc/arm-none-eabi/10.3.1/thumb/v7e-m+fp/hard\libgcc.a(_arm_fixdfsi.o)
                0x08000b98                __aeabi_d2iz
                0x08000b98                __fixdfsi
 .text          0x08000be8       0xa0 c:/tools/gcc-arm-none-eabi-10.3-2021.10/bin/../lib/gcc/arm-none-eabi/10.3.1/thumb/v7e-m+fp/hard\libgcc.a(_arm_truncdfsf2.o)
                0x08000be8                __truncdfsf2
                0x08000be8                __aeabi_d2f
 .text          0x08000c88       0x30 c:/tools/gcc-arm-none-eabi-10.3-2021.10/bin/../lib/gcc/arm-none-eabi/10.3.1/thumb/v7e-m+fp/hard\libgcc.a(_aeabi_uldivmod.o)
                0x08000c88                __aeabi_uldivmod
 .text          0x08000cb8      0x2d0 c:/tools/gcc-arm-none-eabi-10.3-2021.10/bin/../lib/gcc/arm-none-eabi/10.3.1/thumb/v7e-m+fp/hard\libgcc.a(_udivmoddi4.o)
                0x08000cb8                __udivmoddi4
 .text          0x08000f88        0x4 c:/tools/gcc-arm-none-eabi-10.3-2021.10/bin/../lib/gcc/arm-none-eabi/10.3.1/thumb/v7e-m+fp/hard\libgcc.a(_dvmd_tls.o)
                0x08000f88                __aeabi_idiv0
                0x08000f88                __aeabi_ldiv0
 *(.text*)
 .text.SetLED   0x08000f8c       0x48 build/main.o
                0x08000f8c                SetLED
 .text.SetDutyRatio
                0x08000fd4       0x8c build/main.o
                0x08000fd4                SetDutyRatio
 .text.GetSpeed
                0x08001060      0x20c build/main.o
                0x08001060                GetSpeed
 .text.GetWallSens
                0x0800126c       0x6c build/main.o
                0x0800126c                GetWallSens
 .text.GetBattVoltage
                0x080012d8       0x44 build/main.o
                0x080012d8                GetBattVoltage
 *fill*         0x0800131c        0x4 
 .text.GetYawDeg
                0x08001320      0x118 build/main.o
                0x08001320                GetYawDeg
 .text.HAL_TIM_PeriodElapsedCallback
                0x08001438       0x20 build/main.o
                0x08001438                HAL_TIM_PeriodElapsedCallback
 .text.DoPanic  0x08001458       0x54 build/main.o
                0x08001458                DoPanic
 .text.init     0x080014ac      0x12c build/main.o
                0x080014ac                init
 .text._write   0x080015d8       0x46 build/main.o
                0x080015d8                _write
 .text.Error_Handler
                0x0800161e        0x4 build/main.o
                0x0800161e                Error_Handler
 *fill*         0x08001622        0x2 
 .text.SystemClock_Config
                0x08001624       0xa4 build/main.o
                0x08001624                SystemClock_Config
 .text.main     0x080016c8       0x7c build/main.o
                0x080016c8                main
 .text.MX_GPIO_Init
                0x08001744       0xdc build/gpio.o
                0x08001744                MX_GPIO_Init
 .text.MX_ADC1_Init
                0x08001820       0xcc build/adc.o
                0x08001820                MX_ADC1_Init
 .text.HAL_ADC_MspInit
                0x080018ec       0xd4 build/adc.o
                0x080018ec                HAL_ADC_MspInit
 .text.MX_DMA_Init
                0x080019c0       0x34 build/dma.o
                0x080019c0                MX_DMA_Init
 .text.MX_SPI1_Init
                0x080019f4       0x48 build/spi.o
                0x080019f4                MX_SPI1_Init
 .text.MX_SPI2_Init
                0x08001a3c       0x48 build/spi.o
                0x08001a3c                MX_SPI2_Init
 .text.HAL_SPI_MspInit
                0x08001a84       0xc8 build/spi.o
                0x08001a84                HAL_SPI_MspInit
 .text.MX_TIM6_Init
                0x08001b4c       0x50 build/tim.o
                0x08001b4c                MX_TIM6_Init
 .text.HAL_TIM_PWM_MspInit
                0x08001b9c       0x50 build/tim.o
                0x08001b9c                HAL_TIM_PWM_MspInit
 .text.HAL_TIM_Base_MspInit
                0x08001bec       0x40 build/tim.o
                0x08001bec                HAL_TIM_Base_MspInit
 .text.HAL_TIM_MspPostInit
                0x08001c2c       0xc0 build/tim.o
                0x08001c2c                HAL_TIM_MspPostInit
 .text.MX_TIM1_Init
                0x08001cec       0xe0 build/tim.o
                0x08001cec                MX_TIM1_Init
 .text.MX_TIM2_Init
                0x08001dcc       0x94 build/tim.o
                0x08001dcc                MX_TIM2_Init
 .text.AS5047P_SelectSPIAndGPIO
                0x08001e60       0x50 build/as5047p_hal.o
 .text.AS5047P_HAL_GPIO_Write
                0x08001eb0       0x1c build/as5047p_hal.o
 .text.AS5047P_DeselectSlave
                0x08001ecc       0x10 build/as5047p_hal.o
 .text.AS5047P_SelectSlave
                0x08001edc       0x10 build/as5047p_hal.o
 .text.AS5047P_HAL_SPI_TxRx
                0x08001eec       0x28 build/as5047p_hal.o
 .text.AS5047P_HAL_Delay_ms
                0x08001f14        0x8 build/as5047p_hal.o
                0x08001f14                AS5047P_HAL_Delay_ms
 .text.AS5047P_HAL_Init
                0x08001f1c        0xa build/as5047p_hal.o
                0x08001f1c                AS5047P_HAL_Init
 .text.AS5047P_HAL_SPI_Transaction
                0x08001f26       0x20 build/as5047p_hal.o
                0x08001f26                AS5047P_HAL_SPI_Transaction
 .text.AS5047P_CalcParity
                0x08001f46       0x1a build/as5047p.o
 .text.AS5047P_IsParityOk
                0x08001f60       0x1a build/as5047p.o
 *fill*         0x08001f7a        0x2 
 .text.AS5047P_HandleError
                0x08001f7c       0x28 build/as5047p.o
 .text.AS5047P_ClearError
                0x08001fa4       0x10 build/as5047p.o
 .text.AS5047P_ReadWriteRaw
                0x08001fb4       0x68 build/as5047p.o
                0x08001fb4                AS5047P_ReadWriteRaw
 .text.AS5047P_ReadRegister
                0x0800201c       0x96 build/as5047p.o
                0x0800201c                AS5047P_ReadRegister
 .text.AS5047P_WriteRegister
                0x080020b2       0xb6 build/as5047p.o
                0x080020b2                AS5047P_WriteRegister
 .text.AS5047P_Init
                0x08002168       0x64 build/as5047p.o
                0x08002168                AS5047P_Init
 .text.AS5047P_ErrorPending
                0x080021cc        0xc build/as5047p.o
                0x080021cc                AS5047P_ErrorPending
 .text.AS5047P_ErrorAck
                0x080021d8       0x56 build/as5047p.o
                0x080021d8                AS5047P_ErrorAck
 .text.AS5047P_ReadPosition
                0x0800222e       0xd2 build/as5047p.o
                0x0800222e                AS5047P_ReadPosition
 .text.AS5047P_SetZeroPosition
                0x08002300       0xb6 build/as5047p.o
                0x08002300                AS5047P_SetZeroPosition
 *fill*         0x080023b6        0x2 
 .text.read_byte
                0x080023b8       0x50 build/ICM_20648.o
                0x080023b8                read_byte
 .text.write_byte
                0x08002408       0x50 build/ICM_20648.o
                0x08002408                write_byte
 .text.IMU_init
                0x08002458       0x54 build/ICM_20648.o
                0x08002458                IMU_init
 .text.read_gyro_data
                0x080024ac       0x58 build/ICM_20648.o
                0x080024ac                read_gyro_data
 .text.MX_USART6_UART_Init
                0x08002504       0x34 build/usart.o
                0x08002504                MX_USART6_UART_Init
 .text.HAL_UART_MspInit
                0x08002538       0x70 build/usart.o
                0x08002538                HAL_UART_MspInit
 .text.NMI_Handler
                0x080025a8        0x2 build/stm32f4xx_it.o
                0x080025a8                NMI_Handler
 .text.HardFault_Handler
                0x080025aa        0x2 build/stm32f4xx_it.o
                0x080025aa                HardFault_Handler
 .text.MemManage_Handler
                0x080025ac        0x2 build/stm32f4xx_it.o
                0x080025ac                MemManage_Handler
 .text.BusFault_Handler
                0x080025ae        0x2 build/stm32f4xx_it.o
                0x080025ae                BusFault_Handler
 .text.UsageFault_Handler
                0x080025b0        0x2 build/stm32f4xx_it.o
                0x080025b0                UsageFault_Handler
 .text.SVC_Handler
                0x080025b2        0x2 build/stm32f4xx_it.o
                0x080025b2                SVC_Handler
 .text.DebugMon_Handler
                0x080025b4        0x2 build/stm32f4xx_it.o
                0x080025b4                DebugMon_Handler
 .text.PendSV_Handler
                0x080025b6        0x2 build/stm32f4xx_it.o
                0x080025b6                PendSV_Handler
 .text.SysTick_Handler
                0x080025b8        0x8 build/stm32f4xx_it.o
                0x080025b8                SysTick_Handler
 .text.TIM6_IRQHandler
                0x080025c0       0x10 build/stm32f4xx_it.o
                0x080025c0                TIM6_IRQHandler
 .text.DMA2_Stream0_IRQHandler
                0x080025d0       0x10 build/stm32f4xx_it.o
                0x080025d0                DMA2_Stream0_IRQHandler
 .text.HAL_MspInit
                0x080025e0       0x38 build/stm32f4xx_hal_msp.o
                0x080025e0                HAL_MspInit
 .text.ADC_Init
                0x08002618      0x134 build/stm32f4xx_hal_adc.o
 .text.HAL_ADC_Init
                0x0800274c       0x56 build/stm32f4xx_hal_adc.o
                0x0800274c                HAL_ADC_Init
 *fill*         0x080027a2        0x2 
 .text.HAL_ADC_Start_DMA
                0x080027a4      0x164 build/stm32f4xx_hal_adc.o
                0x080027a4                HAL_ADC_Start_DMA
 .text.HAL_ADC_ConvCpltCallback
                0x08002908        0x2 build/stm32f4xx_hal_adc.o
                0x08002908                HAL_ADC_ConvCpltCallback
 .text.HAL_ADC_ConvHalfCpltCallback
                0x0800290a        0x2 build/stm32f4xx_hal_adc.o
                0x0800290a                HAL_ADC_ConvHalfCpltCallback
 .text.ADC_DMAHalfConvCplt
                0x0800290c        0xa build/stm32f4xx_hal_adc.o
 .text.HAL_ADC_ErrorCallback
                0x08002916        0x2 build/stm32f4xx_hal_adc.o
                0x08002916                HAL_ADC_ErrorCallback
 .text.ADC_DMAError
                0x08002918       0x16 build/stm32f4xx_hal_adc.o
 .text.ADC_DMAConvCplt
                0x0800292e       0x72 build/stm32f4xx_hal_adc.o
 .text.HAL_ADC_ConfigChannel
                0x080029a0      0x198 build/stm32f4xx_hal_adc.o
                0x080029a0                HAL_ADC_ConfigChannel
 .text.HAL_RCC_GetSysClockFreq
                0x08002b38       0xa4 build/stm32f4xx_hal_rcc.o
                0x08002b38                HAL_RCC_GetSysClockFreq
 .text.HAL_RCC_ClockConfig
                0x08002bdc      0x160 build/stm32f4xx_hal_rcc.o
                0x08002bdc                HAL_RCC_ClockConfig
 .text.HAL_RCC_GetHCLKFreq
                0x08002d3c        0xc build/stm32f4xx_hal_rcc.o
                0x08002d3c                HAL_RCC_GetHCLKFreq
 .text.HAL_RCC_GetPCLK1Freq
                0x08002d48       0x20 build/stm32f4xx_hal_rcc.o
                0x08002d48                HAL_RCC_GetPCLK1Freq
 .text.HAL_RCC_GetPCLK2Freq
                0x08002d68       0x20 build/stm32f4xx_hal_rcc.o
                0x08002d68                HAL_RCC_GetPCLK2Freq
 .text.HAL_RCC_OscConfig
                0x08002d88      0x410 build/stm32f4xx_hal_rcc_ex.o
                0x08002d88                HAL_RCC_OscConfig
 .text.HAL_GPIO_Init
                0x08003198      0x1a8 build/stm32f4xx_hal_gpio.o
                0x08003198                HAL_GPIO_Init
 .text.HAL_GPIO_WritePin
                0x08003340        0xc build/stm32f4xx_hal_gpio.o
                0x08003340                HAL_GPIO_WritePin
 .text.DMA_SetConfig
                0x0800334c       0x2c build/stm32f4xx_hal_dma.o
 .text.DMA_CalcBaseAndBitshift
                0x08003378       0x44 build/stm32f4xx_hal_dma.o
 .text.DMA_CheckFifoParam
                0x080033bc       0x8e build/stm32f4xx_hal_dma.o
 *fill*         0x0800344a        0x2 
 .text.HAL_DMA_Init
                0x0800344c       0xcc build/stm32f4xx_hal_dma.o
                0x0800344c                HAL_DMA_Init
 .text.HAL_DMA_Start_IT
                0x08003518       0x6a build/stm32f4xx_hal_dma.o
                0x08003518                HAL_DMA_Start_IT
 *fill*         0x08003582        0x2 
 .text.HAL_DMA_IRQHandler
                0x08003584      0x1dc build/stm32f4xx_hal_dma.o
                0x08003584                HAL_DMA_IRQHandler
 .text.HAL_NVIC_SetPriorityGrouping
                0x08003760       0x24 build/stm32f4xx_hal_cortex.o
                0x08003760                HAL_NVIC_SetPriorityGrouping
 .text.HAL_NVIC_SetPriority
                0x08003784       0x70 build/stm32f4xx_hal_cortex.o
                0x08003784                HAL_NVIC_SetPriority
 .text.HAL_NVIC_EnableIRQ
                0x080037f4       0x1c build/stm32f4xx_hal_cortex.o
                0x080037f4                HAL_NVIC_EnableIRQ
 .text.HAL_SYSTICK_Config
                0x08003810       0x28 build/stm32f4xx_hal_cortex.o
                0x08003810                HAL_SYSTICK_Config
 .text.HAL_InitTick
                0x08003838       0x4c build/stm32f4xx_hal.o
                0x08003838                HAL_InitTick
 .text.HAL_Init
                0x08003884       0x34 build/stm32f4xx_hal.o
                0x08003884                HAL_Init
 .text.HAL_IncTick
                0x080038b8       0x18 build/stm32f4xx_hal.o
                0x080038b8                HAL_IncTick
 .text.HAL_GetTick
                0x080038d0        0xc build/stm32f4xx_hal.o
                0x080038d0                HAL_GetTick
 .text.HAL_Delay
                0x080038dc       0x28 build/stm32f4xx_hal.o
                0x080038dc                HAL_Delay
 .text.SPI_WaitFlagStateUntilTimeout
                0x08003904       0xd4 build/stm32f4xx_hal_spi.o
 .text.SPI_EndRxTxTransaction
                0x080039d8       0x68 build/stm32f4xx_hal_spi.o
 .text.SPI_EndRxTransaction
                0x08003a40       0x8c build/stm32f4xx_hal_spi.o
 .text.HAL_SPI_Init
                0x08003acc       0xbe build/stm32f4xx_hal_spi.o
                0x08003acc                HAL_SPI_Init
 .text.HAL_SPI_Transmit
                0x08003b8a      0x1b8 build/stm32f4xx_hal_spi.o
                0x08003b8a                HAL_SPI_Transmit
 .text.HAL_SPI_TransmitReceive
                0x08003d42      0x238 build/stm32f4xx_hal_spi.o
                0x08003d42                HAL_SPI_TransmitReceive
 .text.HAL_SPI_Receive
                0x08003f7a      0x180 build/stm32f4xx_hal_spi.o
                0x08003f7a                HAL_SPI_Receive
 *fill*         0x080040fa        0x2 
 .text.TIM_OC1_SetConfig
                0x080040fc       0x68 build/stm32f4xx_hal_tim.o
 .text.TIM_OC3_SetConfig
                0x08004164       0x70 build/stm32f4xx_hal_tim.o
 .text.TIM_OC4_SetConfig
                0x080041d4       0x50 build/stm32f4xx_hal_tim.o
 .text.HAL_TIM_Base_Start_IT
                0x08004224       0x88 build/stm32f4xx_hal_tim.o
                0x08004224                HAL_TIM_Base_Start_IT
 .text.HAL_TIM_Base_Stop_IT
                0x080042ac       0x32 build/stm32f4xx_hal_tim.o
                0x080042ac                HAL_TIM_Base_Stop_IT
 .text.HAL_TIM_OC_DelayElapsedCallback
                0x080042de        0x2 build/stm32f4xx_hal_tim.o
                0x080042de                HAL_TIM_OC_DelayElapsedCallback
 .text.HAL_TIM_IC_CaptureCallback
                0x080042e0        0x2 build/stm32f4xx_hal_tim.o
                0x080042e0                HAL_TIM_IC_CaptureCallback
 .text.HAL_TIM_PWM_PulseFinishedCallback
                0x080042e2        0x2 build/stm32f4xx_hal_tim.o
                0x080042e2                HAL_TIM_PWM_PulseFinishedCallback
 .text.HAL_TIM_TriggerCallback
                0x080042e4        0x2 build/stm32f4xx_hal_tim.o
                0x080042e4                HAL_TIM_TriggerCallback
 .text.HAL_TIM_IRQHandler
                0x080042e6      0x17a build/stm32f4xx_hal_tim.o
                0x080042e6                HAL_TIM_IRQHandler
 .text.TIM_Base_SetConfig
                0x08004460       0xc8 build/stm32f4xx_hal_tim.o
                0x08004460                TIM_Base_SetConfig
 .text.HAL_TIM_Base_Init
                0x08004528       0x58 build/stm32f4xx_hal_tim.o
                0x08004528                HAL_TIM_Base_Init
 .text.HAL_TIM_PWM_Init
                0x08004580       0x58 build/stm32f4xx_hal_tim.o
                0x08004580                HAL_TIM_PWM_Init
 .text.TIM_OC2_SetConfig
                0x080045d8       0x70 build/stm32f4xx_hal_tim.o
                0x080045d8                TIM_OC2_SetConfig
 .text.HAL_TIM_PWM_ConfigChannel
                0x08004648       0xdc build/stm32f4xx_hal_tim.o
                0x08004648                HAL_TIM_PWM_ConfigChannel
 .text.TIM_CCxChannelCmd
                0x08004724       0x1e build/stm32f4xx_hal_tim.o
                0x08004724                TIM_CCxChannelCmd
 *fill*         0x08004742        0x2 
 .text.HAL_TIM_PWM_Start
                0x08004744      0x104 build/stm32f4xx_hal_tim.o
                0x08004744                HAL_TIM_PWM_Start
 .text.HAL_TIMEx_MasterConfigSynchronization
                0x08004848       0x8c build/stm32f4xx_hal_tim_ex.o
                0x08004848                HAL_TIMEx_MasterConfigSynchronization
 .text.HAL_TIMEx_ConfigBreakDeadTime
                0x080048d4       0x52 build/stm32f4xx_hal_tim_ex.o
                0x080048d4                HAL_TIMEx_ConfigBreakDeadTime
 .text.HAL_TIMEx_CommutCallback
                0x08004926        0x2 build/stm32f4xx_hal_tim_ex.o
                0x08004926                HAL_TIMEx_CommutCallback
 .text.HAL_TIMEx_BreakCallback
                0x08004928        0x2 build/stm32f4xx_hal_tim_ex.o
                0x08004928                HAL_TIMEx_BreakCallback
 *fill*         0x0800492a        0x2 
 .text.UART_SetConfig
                0x0800492c      0x110 build/stm32f4xx_hal_uart.o
 .text.HAL_UART_Init
                0x08004a3c       0x5e build/stm32f4xx_hal_uart.o
                0x08004a3c                HAL_UART_Init
 *fill*         0x08004a9a        0x2 
 .text.SystemInit
                0x08004a9c       0x14 build/system_stm32f4xx.o
                0x08004a9c                SystemInit
 .text.Reset_Handler
                0x08004ab0       0x50 build/startup_stm32f412cx.o
                0x08004ab0                Reset_Handler
 .text.Default_Handler
                0x08004b00        0x2 build/startup_stm32f412cx.o
                0x08004b00                RTC_Alarm_IRQHandler
                0x08004b00                EXTI2_IRQHandler
                0x08004b00                TIM8_CC_IRQHandler
                0x08004b00                FMPI2C1_EV_IRQHandler
                0x08004b00                SPI4_IRQHandler
                0x08004b00                TIM1_CC_IRQHandler
                0x08004b00                DMA2_Stream5_IRQHandler
                0x08004b00                DMA1_Stream5_IRQHandler
                0x08004b00                PVD_IRQHandler
                0x08004b00                SDIO_IRQHandler
                0x08004b00                TAMP_STAMP_IRQHandler
                0x08004b00                CAN2_RX1_IRQHandler
                0x08004b00                EXTI3_IRQHandler
                0x08004b00                TIM8_TRG_COM_TIM14_IRQHandler
                0x08004b00                DFSDM1_FLT1_IRQHandler
                0x08004b00                TIM1_UP_TIM10_IRQHandler
                0x08004b00                TIM8_UP_TIM13_IRQHandler
                0x08004b00                I2C3_ER_IRQHandler
                0x08004b00                EXTI0_IRQHandler
                0x08004b00                I2C2_EV_IRQHandler
                0x08004b00                DMA1_Stream2_IRQHandler
                0x08004b00                CAN1_RX0_IRQHandler
                0x08004b00                FPU_IRQHandler
                0x08004b00                CAN2_SCE_IRQHandler
                0x08004b00                DMA2_Stream2_IRQHandler
                0x08004b00                SPI1_IRQHandler
                0x08004b00                TIM1_BRK_TIM9_IRQHandler
                0x08004b00                CAN2_RX0_IRQHandler
                0x08004b00                DMA2_Stream3_IRQHandler
                0x08004b00                USART6_IRQHandler
                0x08004b00                USART3_IRQHandler
                0x08004b00                CAN1_RX1_IRQHandler
                0x08004b00                TIM4_IRQHandler
                0x08004b00                I2C1_EV_IRQHandler
                0x08004b00                DMA1_Stream6_IRQHandler
                0x08004b00                DMA1_Stream1_IRQHandler
                0x08004b00                TIM3_IRQHandler
                0x08004b00                RCC_IRQHandler
                0x08004b00                TIM8_BRK_TIM12_IRQHandler
                0x08004b00                Default_Handler
                0x08004b00                EXTI15_10_IRQHandler
                0x08004b00                ADC_IRQHandler
                0x08004b00                DMA1_Stream7_IRQHandler
                0x08004b00                SPI5_IRQHandler
                0x08004b00                TIM7_IRQHandler
                0x08004b00                CAN2_TX_IRQHandler
                0x08004b00                TIM5_IRQHandler
                0x08004b00                DMA2_Stream7_IRQHandler
                0x08004b00                I2C3_EV_IRQHandler
                0x08004b00                EXTI9_5_IRQHandler
                0x08004b00                RTC_WKUP_IRQHandler
                0x08004b00                SPI2_IRQHandler
                0x08004b00                DMA1_Stream0_IRQHandler
                0x08004b00                CAN1_TX_IRQHandler
                0x08004b00                FMPI2C1_ER_IRQHandler
                0x08004b00                EXTI4_IRQHandler
                0x08004b00                RNG_IRQHandler
                0x08004b00                WWDG_IRQHandler
                0x08004b00                TIM2_IRQHandler
                0x08004b00                OTG_FS_WKUP_IRQHandler
                0x08004b00                TIM1_TRG_COM_TIM11_IRQHandler
                0x08004b00                EXTI1_IRQHandler
                0x08004b00                USART2_IRQHandler
                0x08004b00                DFSDM1_FLT0_IRQHandler
                0x08004b00                I2C2_ER_IRQHandler
                0x08004b00                DMA2_Stream1_IRQHandler
                0x08004b00                CAN1_SCE_IRQHandler
                0x08004b00                FLASH_IRQHandler
                0x08004b00                DMA2_Stream4_IRQHandler
                0x08004b00                USART1_IRQHandler
                0x08004b00                OTG_FS_IRQHandler
                0x08004b00                SPI3_IRQHandler
                0x08004b00                DMA1_Stream4_IRQHandler
                0x08004b00                I2C1_ER_IRQHandler
                0x08004b00                DMA2_Stream6_IRQHandler
                0x08004b00                DMA1_Stream3_IRQHandler
 *fill*         0x08004b02        0x2 
 .text.__libc_init_array
                0x08004b04       0x48 c:/tools/gcc-arm-none-eabi-10.3-2021.10/bin/../lib/gcc/arm-none-eabi/10.3.1/../../../../arm-none-eabi/lib/thumb/v7e-m+fp/hard\libc_nano.a(lib_a-init.o)
                0x08004b04                __libc_init_array
 .text.memcpy   0x08004b4c       0x1c c:/tools/gcc-arm-none-eabi-10.3-2021.10/bin/../lib/gcc/arm-none-eabi/10.3.1/../../../../arm-none-eabi/lib/thumb/v7e-m+fp/hard\libc_nano.a(lib_a-memcpy-stub.o)
                0x08004b4c                memcpy
 .text.memset   0x08004b68       0x10 c:/tools/gcc-arm-none-eabi-10.3-2021.10/bin/../lib/gcc/arm-none-eabi/10.3.1/../../../../arm-none-eabi/lib/thumb/v7e-m+fp/hard\libc_nano.a(lib_a-memset.o)
                0x08004b68                memset
 .text.__cvt    0x08004b78       0xc4 c:/tools/gcc-arm-none-eabi-10.3-2021.10/bin/../lib/gcc/arm-none-eabi/10.3.1/../../../../arm-none-eabi/lib/thumb/v7e-m+fp/hard\libc_nano.a(lib_a-nano-vfprintf_float.o)
                0x08004b78                __cvt
 .text.__exponent
                0x08004c3c       0x7c c:/tools/gcc-arm-none-eabi-10.3-2021.10/bin/../lib/gcc/arm-none-eabi/10.3.1/../../../../arm-none-eabi/lib/thumb/v7e-m+fp/hard\libc_nano.a(lib_a-nano-vfprintf_float.o)
                0x08004c3c                __exponent
 .text._printf_float
                0x08004cb8      0x46c c:/tools/gcc-arm-none-eabi-10.3-2021.10/bin/../lib/gcc/arm-none-eabi/10.3.1/../../../../arm-none-eabi/lib/thumb/v7e-m+fp/hard\libc_nano.a(lib_a-nano-vfprintf_float.o)
                0x08004cb8                _printf_float
 .text._printf_common
                0x08005124       0xda c:/tools/gcc-arm-none-eabi-10.3-2021.10/bin/../lib/gcc/arm-none-eabi/10.3.1/../../../../arm-none-eabi/lib/thumb/v7e-m+fp/hard\libc_nano.a(lib_a-nano-vfprintf_i.o)
                0x08005124                _printf_common
 *fill*         0x080051fe        0x2 
 .text._printf_i
                0x08005200      0x24c c:/tools/gcc-arm-none-eabi-10.3-2021.10/bin/../lib/gcc/arm-none-eabi/10.3.1/../../../../arm-none-eabi/lib/thumb/v7e-m+fp/hard\libc_nano.a(lib_a-nano-vfprintf_i.o)
                0x08005200                _printf_i
 .text.printf   0x0800544c       0x30 c:/tools/gcc-arm-none-eabi-10.3-2021.10/bin/../lib/gcc/arm-none-eabi/10.3.1/../../../../arm-none-eabi/lib/thumb/v7e-m+fp/hard\libc_nano.a(lib_a-printf.o)
                0x0800544c                iprintf
                0x0800544c                printf
 .text._puts_r  0x0800547c       0xdc c:/tools/gcc-arm-none-eabi-10.3-2021.10/bin/../lib/gcc/arm-none-eabi/10.3.1/../../../../arm-none-eabi/lib/thumb/v7e-m+fp/hard\libc_nano.a(lib_a-puts.o)
                0x0800547c                _puts_r
 .text.puts     0x08005558       0x10 c:/tools/gcc-arm-none-eabi-10.3-2021.10/bin/../lib/gcc/arm-none-eabi/10.3.1/../../../../arm-none-eabi/lib/thumb/v7e-m+fp/hard\libc_nano.a(lib_a-puts.o)
                0x08005558                puts
 .text.__swbuf_r
                0x08005568       0xa4 c:/tools/gcc-arm-none-eabi-10.3-2021.10/bin/../lib/gcc/arm-none-eabi/10.3.1/../../../../arm-none-eabi/lib/thumb/v7e-m+fp/hard\libc_nano.a(lib_a-wbuf.o)
                0x08005568                __swbuf_r
 .text.__swsetup_r
                0x0800560c       0xdc c:/tools/gcc-arm-none-eabi-10.3-2021.10/bin/../lib/gcc/arm-none-eabi/10.3.1/../../../../arm-none-eabi/lib/thumb/v7e-m+fp/hard\libc_nano.a(lib_a-wsetup.o)
                0x0800560c                __swsetup_r
 .text.quorem   0x080056e8      0x116 c:/tools/gcc-arm-none-eabi-10.3-2021.10/bin/../lib/gcc/arm-none-eabi/10.3.1/../../../../arm-none-eabi/lib/thumb/v7e-m+fp/hard\libc_nano.a(lib_a-dtoa.o)
 *fill*         0x080057fe        0x2 
 .text._dtoa_r  0x08005800      0xbdc c:/tools/gcc-arm-none-eabi-10.3-2021.10/bin/../lib/gcc/arm-none-eabi/10.3.1/../../../../arm-none-eabi/lib/thumb/v7e-m+fp/hard\libc_nano.a(lib_a-dtoa.o)
                0x08005800                _dtoa_r
 .text.__sflush_r
                0x080063dc      0x10c c:/tools/gcc-arm-none-eabi-10.3-2021.10/bin/../lib/gcc/arm-none-eabi/10.3.1/../../../../arm-none-eabi/lib/thumb/v7e-m+fp/hard\libc_nano.a(lib_a-fflush.o)
                0x080063dc                __sflush_r
 .text._fflush_r
                0x080064e8       0x78 c:/tools/gcc-arm-none-eabi-10.3-2021.10/bin/../lib/gcc/arm-none-eabi/10.3.1/../../../../arm-none-eabi/lib/thumb/v7e-m+fp/hard\libc_nano.a(lib_a-fflush.o)
                0x080064e8                _fflush_r
 .text.std      0x08006560       0x48 c:/tools/gcc-arm-none-eabi-10.3-2021.10/bin/../lib/gcc/arm-none-eabi/10.3.1/../../../../arm-none-eabi/lib/thumb/v7e-m+fp/hard\libc_nano.a(lib_a-findfp.o)
 .text._cleanup_r
                0x080065a8        0xc c:/tools/gcc-arm-none-eabi-10.3-2021.10/bin/../lib/gcc/arm-none-eabi/10.3.1/../../../../arm-none-eabi/lib/thumb/v7e-m+fp/hard\libc_nano.a(lib_a-findfp.o)
                0x080065a8                _cleanup_r
 .text.__sfmoreglue
                0x080065b4       0x2c c:/tools/gcc-arm-none-eabi-10.3-2021.10/bin/../lib/gcc/arm-none-eabi/10.3.1/../../../../arm-none-eabi/lib/thumb/v7e-m+fp/hard\libc_nano.a(lib_a-findfp.o)
                0x080065b4                __sfmoreglue
 .text.__sfp_lock_acquire
                0x080065e0        0xc c:/tools/gcc-arm-none-eabi-10.3-2021.10/bin/../lib/gcc/arm-none-eabi/10.3.1/../../../../arm-none-eabi/lib/thumb/v7e-m+fp/hard\libc_nano.a(lib_a-findfp.o)
                0x080065e0                __sfp_lock_acquire
 .text.__sfp_lock_release
                0x080065ec        0xc c:/tools/gcc-arm-none-eabi-10.3-2021.10/bin/../lib/gcc/arm-none-eabi/10.3.1/../../../../arm-none-eabi/lib/thumb/v7e-m+fp/hard\libc_nano.a(lib_a-findfp.o)
                0x080065ec                __sfp_lock_release
 .text.__sinit_lock_acquire
                0x080065f8        0xc c:/tools/gcc-arm-none-eabi-10.3-2021.10/bin/../lib/gcc/arm-none-eabi/10.3.1/../../../../arm-none-eabi/lib/thumb/v7e-m+fp/hard\libc_nano.a(lib_a-findfp.o)
                0x080065f8                __sinit_lock_acquire
 .text.__sinit_lock_release
                0x08006604        0xc c:/tools/gcc-arm-none-eabi-10.3-2021.10/bin/../lib/gcc/arm-none-eabi/10.3.1/../../../../arm-none-eabi/lib/thumb/v7e-m+fp/hard\libc_nano.a(lib_a-findfp.o)
                0x08006604                __sinit_lock_release
 .text.__sinit  0x08006610       0x70 c:/tools/gcc-arm-none-eabi-10.3-2021.10/bin/../lib/gcc/arm-none-eabi/10.3.1/../../../../arm-none-eabi/lib/thumb/v7e-m+fp/hard\libc_nano.a(lib_a-findfp.o)
                0x08006610                __sinit
 .text.__sfp    0x08006680       0x8c c:/tools/gcc-arm-none-eabi-10.3-2021.10/bin/../lib/gcc/arm-none-eabi/10.3.1/../../../../arm-none-eabi/lib/thumb/v7e-m+fp/hard\libc_nano.a(lib_a-findfp.o)
                0x08006680                __sfp
 .text._fwalk_reent
                0x0800670c       0x3e c:/tools/gcc-arm-none-eabi-10.3-2021.10/bin/../lib/gcc/arm-none-eabi/10.3.1/../../../../arm-none-eabi/lib/thumb/v7e-m+fp/hard\libc_nano.a(lib_a-fwalk.o)
                0x0800670c                _fwalk_reent
 *fill*         0x0800674a        0x2 
 .text._localeconv_r
                0x0800674c        0x8 c:/tools/gcc-arm-none-eabi-10.3-2021.10/bin/../lib/gcc/arm-none-eabi/10.3.1/../../../../arm-none-eabi/lib/thumb/v7e-m+fp/hard\libc_nano.a(lib_a-localeconv.o)
                0x0800674c                _localeconv_r
 .text.__retarget_lock_init_recursive
                0x08006754        0x2 c:/tools/gcc-arm-none-eabi-10.3-2021.10/bin/../lib/gcc/arm-none-eabi/10.3.1/../../../../arm-none-eabi/lib/thumb/v7e-m+fp/hard\libc_nano.a(lib_a-lock.o)
                0x08006754                __retarget_lock_init_recursive
 .text.__retarget_lock_acquire_recursive
                0x08006756        0x2 c:/tools/gcc-arm-none-eabi-10.3-2021.10/bin/../lib/gcc/arm-none-eabi/10.3.1/../../../../arm-none-eabi/lib/thumb/v7e-m+fp/hard\libc_nano.a(lib_a-lock.o)
                0x08006756                __retarget_lock_acquire_recursive
 .text.__retarget_lock_release_recursive
                0x08006758        0x2 c:/tools/gcc-arm-none-eabi-10.3-2021.10/bin/../lib/gcc/arm-none-eabi/10.3.1/../../../../arm-none-eabi/lib/thumb/v7e-m+fp/hard\libc_nano.a(lib_a-lock.o)
                0x08006758                __retarget_lock_release_recursive
 .text.__swhatbuf_r
                0x0800675a       0x4a c:/tools/gcc-arm-none-eabi-10.3-2021.10/bin/../lib/gcc/arm-none-eabi/10.3.1/../../../../arm-none-eabi/lib/thumb/v7e-m+fp/hard\libc_nano.a(lib_a-makebuf.o)
                0x0800675a                __swhatbuf_r
 .text.__smakebuf_r
                0x080067a4       0x80 c:/tools/gcc-arm-none-eabi-10.3-2021.10/bin/../lib/gcc/arm-none-eabi/10.3.1/../../../../arm-none-eabi/lib/thumb/v7e-m+fp/hard\libc_nano.a(lib_a-makebuf.o)
                0x080067a4                __smakebuf_r
 .text.malloc   0x08006824       0x10 c:/tools/gcc-arm-none-eabi-10.3-2021.10/bin/../lib/gcc/arm-none-eabi/10.3.1/../../../../arm-none-eabi/lib/thumb/v7e-m+fp/hard\libc_nano.a(lib_a-malloc.o)
                0x08006824                malloc
 .text._Balloc  0x08006834       0x80 c:/tools/gcc-arm-none-eabi-10.3-2021.10/bin/../lib/gcc/arm-none-eabi/10.3.1/../../../../arm-none-eabi/lib/thumb/v7e-m+fp/hard\libc_nano.a(lib_a-mprec.o)
                0x08006834                _Balloc
 .text._Bfree   0x080068b4       0x44 c:/tools/gcc-arm-none-eabi-10.3-2021.10/bin/../lib/gcc/arm-none-eabi/10.3.1/../../../../arm-none-eabi/lib/thumb/v7e-m+fp/hard\libc_nano.a(lib_a-mprec.o)
                0x080068b4                _Bfree
 .text.__multadd
                0x080068f8       0x8c c:/tools/gcc-arm-none-eabi-10.3-2021.10/bin/../lib/gcc/arm-none-eabi/10.3.1/../../../../arm-none-eabi/lib/thumb/v7e-m+fp/hard\libc_nano.a(lib_a-mprec.o)
                0x080068f8                __multadd
 .text.__hi0bits
                0x08006984       0x40 c:/tools/gcc-arm-none-eabi-10.3-2021.10/bin/../lib/gcc/arm-none-eabi/10.3.1/../../../../arm-none-eabi/lib/thumb/v7e-m+fp/hard\libc_nano.a(lib_a-mprec.o)
                0x08006984                __hi0bits
 .text.__lo0bits
                0x080069c4       0x5e c:/tools/gcc-arm-none-eabi-10.3-2021.10/bin/../lib/gcc/arm-none-eabi/10.3.1/../../../../arm-none-eabi/lib/thumb/v7e-m+fp/hard\libc_nano.a(lib_a-mprec.o)
                0x080069c4                __lo0bits
 *fill*         0x08006a22        0x2 
 .text.__i2b    0x08006a24       0x2c c:/tools/gcc-arm-none-eabi-10.3-2021.10/bin/../lib/gcc/arm-none-eabi/10.3.1/../../../../arm-none-eabi/lib/thumb/v7e-m+fp/hard\libc_nano.a(lib_a-mprec.o)
                0x08006a24                __i2b
 .text.__multiply
                0x08006a50      0x154 c:/tools/gcc-arm-none-eabi-10.3-2021.10/bin/../lib/gcc/arm-none-eabi/10.3.1/../../../../arm-none-eabi/lib/thumb/v7e-m+fp/hard\libc_nano.a(lib_a-mprec.o)
                0x08006a50                __multiply
 .text.__pow5mult
                0x08006ba4       0xb4 c:/tools/gcc-arm-none-eabi-10.3-2021.10/bin/../lib/gcc/arm-none-eabi/10.3.1/../../../../arm-none-eabi/lib/thumb/v7e-m+fp/hard\libc_nano.a(lib_a-mprec.o)
                0x08006ba4                __pow5mult
 .text.__lshift
                0x08006c58       0xe0 c:/tools/gcc-arm-none-eabi-10.3-2021.10/bin/../lib/gcc/arm-none-eabi/10.3.1/../../../../arm-none-eabi/lib/thumb/v7e-m+fp/hard\libc_nano.a(lib_a-mprec.o)
                0x08006c58                __lshift
 .text.__mcmp   0x08006d38       0x38 c:/tools/gcc-arm-none-eabi-10.3-2021.10/bin/../lib/gcc/arm-none-eabi/10.3.1/../../../../arm-none-eabi/lib/thumb/v7e-m+fp/hard\libc_nano.a(lib_a-mprec.o)
                0x08006d38                __mcmp
 .text.__mdiff  0x08006d70      0x114 c:/tools/gcc-arm-none-eabi-10.3-2021.10/bin/../lib/gcc/arm-none-eabi/10.3.1/../../../../arm-none-eabi/lib/thumb/v7e-m+fp/hard\libc_nano.a(lib_a-mprec.o)
                0x08006d70                __mdiff
 .text.__d2b    0x08006e84       0xb8 c:/tools/gcc-arm-none-eabi-10.3-2021.10/bin/../lib/gcc/arm-none-eabi/10.3.1/../../../../arm-none-eabi/lib/thumb/v7e-m+fp/hard\libc_nano.a(lib_a-mprec.o)
                0x08006e84                __d2b
 .text._calloc_r
                0x08006f3c       0x2c c:/tools/gcc-arm-none-eabi-10.3-2021.10/bin/../lib/gcc/arm-none-eabi/10.3.1/../../../../arm-none-eabi/lib/thumb/v7e-m+fp/hard\libc_nano.a(lib_a-nano-callocr.o)
                0x08006f3c                _calloc_r
 .text._free_r  0x08006f68       0x98 c:/tools/gcc-arm-none-eabi-10.3-2021.10/bin/../lib/gcc/arm-none-eabi/10.3.1/../../../../arm-none-eabi/lib/thumb/v7e-m+fp/hard\libc_nano.a(lib_a-nano-freer.o)
                0x08006f68                _free_r
 .text.sbrk_aligned
                0x08007000       0x40 c:/tools/gcc-arm-none-eabi-10.3-2021.10/bin/../lib/gcc/arm-none-eabi/10.3.1/../../../../arm-none-eabi/lib/thumb/v7e-m+fp/hard\libc_nano.a(lib_a-nano-mallocr.o)
 .text._malloc_r
                0x08007040       0xe8 c:/tools/gcc-arm-none-eabi-10.3-2021.10/bin/../lib/gcc/arm-none-eabi/10.3.1/../../../../arm-none-eabi/lib/thumb/v7e-m+fp/hard\libc_nano.a(lib_a-nano-mallocr.o)
                0x08007040                _malloc_r
 .text.__sfputc_r
                0x08007128       0x2e c:/tools/gcc-arm-none-eabi-10.3-2021.10/bin/../lib/gcc/arm-none-eabi/10.3.1/../../../../arm-none-eabi/lib/thumb/v7e-m+fp/hard\libc_nano.a(lib_a-nano-vfprintf.o)
 .text.__sfputs_r
                0x08007156       0x24 c:/tools/gcc-arm-none-eabi-10.3-2021.10/bin/../lib/gcc/arm-none-eabi/10.3.1/../../../../arm-none-eabi/lib/thumb/v7e-m+fp/hard\libc_nano.a(lib_a-nano-vfprintf.o)
                0x08007156                __sfputs_r
 *fill*         0x0800717a        0x2 
 .text._vfprintf_r
                0x0800717c      0x260 c:/tools/gcc-arm-none-eabi-10.3-2021.10/bin/../lib/gcc/arm-none-eabi/10.3.1/../../../../arm-none-eabi/lib/thumb/v7e-m+fp/hard\libc_nano.a(lib_a-nano-vfprintf.o)
                0x0800717c                _vfprintf_r
                0x0800717c                _vfiprintf_r
 .text._sbrk_r  0x080073dc       0x20 c:/tools/gcc-arm-none-eabi-10.3-2021.10/bin/../lib/gcc/arm-none-eabi/10.3.1/../../../../arm-none-eabi/lib/thumb/v7e-m+fp/hard\libc_nano.a(lib_a-sbrkr.o)
                0x080073dc                _sbrk_r
 .text.__sread  0x080073fc       0x22 c:/tools/gcc-arm-none-eabi-10.3-2021.10/bin/../lib/gcc/arm-none-eabi/10.3.1/../../../../arm-none-eabi/lib/thumb/v7e-m+fp/hard\libc_nano.a(lib_a-stdio.o)
                0x080073fc                __sread
 .text.__swrite
                0x0800741e       0x38 c:/tools/gcc-arm-none-eabi-10.3-2021.10/bin/../lib/gcc/arm-none-eabi/10.3.1/../../../../arm-none-eabi/lib/thumb/v7e-m+fp/hard\libc_nano.a(lib_a-stdio.o)
                0x0800741e                __swrite
 .text.__sseek  0x08007456       0x24 c:/tools/gcc-arm-none-eabi-10.3-2021.10/bin/../lib/gcc/arm-none-eabi/10.3.1/../../../../arm-none-eabi/lib/thumb/v7e-m+fp/hard\libc_nano.a(lib_a-stdio.o)
                0x08007456                __sseek
 .text.__sclose
                0x0800747a        0x8 c:/tools/gcc-arm-none-eabi-10.3-2021.10/bin/../lib/gcc/arm-none-eabi/10.3.1/../../../../arm-none-eabi/lib/thumb/v7e-m+fp/hard\libc_nano.a(lib_a-stdio.o)
                0x0800747a                __sclose
 *fill*         0x08007482        0x2 
 .text._write_r
                0x08007484       0x24 c:/tools/gcc-arm-none-eabi-10.3-2021.10/bin/../lib/gcc/arm-none-eabi/10.3.1/../../../../arm-none-eabi/lib/thumb/v7e-m+fp/hard\libc_nano.a(lib_a-writer.o)
                0x08007484                _write_r
 .text.__assert_func
                0x080074a8       0x3c c:/tools/gcc-arm-none-eabi-10.3-2021.10/bin/../lib/gcc/arm-none-eabi/10.3.1/../../../../arm-none-eabi/lib/thumb/v7e-m+fp/hard\libc_nano.a(lib_a-assert.o)
                0x080074a8                __assert_func
 .text._close_r
                0x080074e4       0x20 c:/tools/gcc-arm-none-eabi-10.3-2021.10/bin/../lib/gcc/arm-none-eabi/10.3.1/../../../../arm-none-eabi/lib/thumb/v7e-m+fp/hard\libc_nano.a(lib_a-closer.o)
                0x080074e4                _close_r
 .text.fprintf  0x08007504       0x24 c:/tools/gcc-arm-none-eabi-10.3-2021.10/bin/../lib/gcc/arm-none-eabi/10.3.1/../../../../arm-none-eabi/lib/thumb/v7e-m+fp/hard\libc_nano.a(lib_a-fprintf.o)
                0x08007504                fiprintf
                0x08007504                fprintf
 .text._fstat_r
                0x08007528       0x24 c:/tools/gcc-arm-none-eabi-10.3-2021.10/bin/../lib/gcc/arm-none-eabi/10.3.1/../../../../arm-none-eabi/lib/thumb/v7e-m+fp/hard\libc_nano.a(lib_a-fstatr.o)
                0x08007528                _fstat_r
 .text._isatty_r
                0x0800754c       0x20 c:/tools/gcc-arm-none-eabi-10.3-2021.10/bin/../lib/gcc/arm-none-eabi/10.3.1/../../../../arm-none-eabi/lib/thumb/v7e-m+fp/hard\libc_nano.a(lib_a-isattyr.o)
                0x0800754c                _isatty_r
 .text._lseek_r
                0x0800756c       0x24 c:/tools/gcc-arm-none-eabi-10.3-2021.10/bin/../lib/gcc/arm-none-eabi/10.3.1/../../../../arm-none-eabi/lib/thumb/v7e-m+fp/hard\libc_nano.a(lib_a-lseekr.o)
                0x0800756c                _lseek_r
 .text.__ascii_mbtowc
                0x08007590       0x24 c:/tools/gcc-arm-none-eabi-10.3-2021.10/bin/../lib/gcc/arm-none-eabi/10.3.1/../../../../arm-none-eabi/lib/thumb/v7e-m+fp/hard\libc_nano.a(lib_a-mbtowc_r.o)
                0x08007590                __ascii_mbtowc
 .text.__malloc_lock
                0x080075b4        0xc c:/tools/gcc-arm-none-eabi-10.3-2021.10/bin/../lib/gcc/arm-none-eabi/10.3.1/../../../../arm-none-eabi/lib/thumb/v7e-m+fp/hard\libc_nano.a(lib_a-mlock.o)
                0x080075b4                __malloc_lock
 .text.__malloc_unlock
                0x080075c0        0xc c:/tools/gcc-arm-none-eabi-10.3-2021.10/bin/../lib/gcc/arm-none-eabi/10.3.1/../../../../arm-none-eabi/lib/thumb/v7e-m+fp/hard\libc_nano.a(lib_a-mlock.o)
                0x080075c0                __malloc_unlock
 .text._read_r  0x080075cc       0x24 c:/tools/gcc-arm-none-eabi-10.3-2021.10/bin/../lib/gcc/arm-none-eabi/10.3.1/../../../../arm-none-eabi/lib/thumb/v7e-m+fp/hard\libc_nano.a(lib_a-readr.o)
                0x080075cc                _read_r
 .text.__ascii_wctomb
                0x080075f0       0x1a c:/tools/gcc-arm-none-eabi-10.3-2021.10/bin/../lib/gcc/arm-none-eabi/10.3.1/../../../../arm-none-eabi/lib/thumb/v7e-m+fp/hard\libc_nano.a(lib_a-wctomb_r.o)
                0x080075f0                __ascii_wctomb
 .text.abort    0x0800760a        0xe c:/tools/gcc-arm-none-eabi-10.3-2021.10/bin/../lib/gcc/arm-none-eabi/10.3.1/../../../../arm-none-eabi/lib/thumb/v7e-m+fp/hard\libc_nano.a(lib_a-abort.o)
                0x0800760a                abort
 .text._raise_r
                0x08007618       0x50 c:/tools/gcc-arm-none-eabi-10.3-2021.10/bin/../lib/gcc/arm-none-eabi/10.3.1/../../../../arm-none-eabi/lib/thumb/v7e-m+fp/hard\libc_nano.a(lib_a-signal.o)
                0x08007618                _raise_r
 .text.raise    0x08007668       0x10 c:/tools/gcc-arm-none-eabi-10.3-2021.10/bin/../lib/gcc/arm-none-eabi/10.3.1/../../../../arm-none-eabi/lib/thumb/v7e-m+fp/hard\libc_nano.a(lib_a-signal.o)
                0x08007668                raise
 .text._kill_r  0x08007678       0x24 c:/tools/gcc-arm-none-eabi-10.3-2021.10/bin/../lib/gcc/arm-none-eabi/10.3.1/../../../../arm-none-eabi/lib/thumb/v7e-m+fp/hard\libc_nano.a(lib_a-signalr.o)
                0x08007678                _kill_r
 .text._getpid_r
                0x0800769c        0x4 c:/tools/gcc-arm-none-eabi-10.3-2021.10/bin/../lib/gcc/arm-none-eabi/10.3.1/../../../../arm-none-eabi/lib/thumb/v7e-m+fp/hard\libc_nano.a(lib_a-signalr.o)
                0x0800769c                _getpid_r
 .text._close   0x080076a0       0x10 c:/tools/gcc-arm-none-eabi-10.3-2021.10/bin/../lib/gcc/arm-none-eabi/10.3.1/../../../../arm-none-eabi/lib/thumb/v7e-m+fp/hard\libnosys.a(close.o)
                0x080076a0                _close
 .text._fstat   0x080076b0       0x10 c:/tools/gcc-arm-none-eabi-10.3-2021.10/bin/../lib/gcc/arm-none-eabi/10.3.1/../../../../arm-none-eabi/lib/thumb/v7e-m+fp/hard\libnosys.a(fstat.o)
                0x080076b0                _fstat
 .text._getpid  0x080076c0       0x10 c:/tools/gcc-arm-none-eabi-10.3-2021.10/bin/../lib/gcc/arm-none-eabi/10.3.1/../../../../arm-none-eabi/lib/thumb/v7e-m+fp/hard\libnosys.a(getpid.o)
                0x080076c0                _getpid
 .text._isatty  0x080076d0       0x10 c:/tools/gcc-arm-none-eabi-10.3-2021.10/bin/../lib/gcc/arm-none-eabi/10.3.1/../../../../arm-none-eabi/lib/thumb/v7e-m+fp/hard\libnosys.a(isatty.o)
                0x080076d0                _isatty
 .text._kill    0x080076e0       0x10 c:/tools/gcc-arm-none-eabi-10.3-2021.10/bin/../lib/gcc/arm-none-eabi/10.3.1/../../../../arm-none-eabi/lib/thumb/v7e-m+fp/hard\libnosys.a(kill.o)
                0x080076e0                _kill
 .text._lseek   0x080076f0       0x10 c:/tools/gcc-arm-none-eabi-10.3-2021.10/bin/../lib/gcc/arm-none-eabi/10.3.1/../../../../arm-none-eabi/lib/thumb/v7e-m+fp/hard\libnosys.a(lseek.o)
                0x080076f0                _lseek
 .text._read    0x08007700       0x10 c:/tools/gcc-arm-none-eabi-10.3-2021.10/bin/../lib/gcc/arm-none-eabi/10.3.1/../../../../arm-none-eabi/lib/thumb/v7e-m+fp/hard\libnosys.a(read.o)
                0x08007700                _read
 .text._sbrk    0x08007710       0x1c c:/tools/gcc-arm-none-eabi-10.3-2021.10/bin/../lib/gcc/arm-none-eabi/10.3.1/../../../../arm-none-eabi/lib/thumb/v7e-m+fp/hard\libnosys.a(sbrk.o)
                0x08007710                _sbrk
 .text._exit    0x0800772c        0x4 c:/tools/gcc-arm-none-eabi-10.3-2021.10/bin/../lib/gcc/arm-none-eabi/10.3.1/../../../../arm-none-eabi/lib/thumb/v7e-m+fp/hard\libnosys.a(_exit.o)
                0x0800772c                _exit
 *(.glue_7)
 .glue_7        0x08007730        0x0 linker stubs
 *(.glue_7t)
 .glue_7t       0x08007730        0x0 linker stubs
 *(.eh_frame)
 .eh_frame      0x08007730        0x0 c:/tools/gcc-arm-none-eabi-10.3-2021.10/bin/../lib/gcc/arm-none-eabi/10.3.1/thumb/v7e-m+fp/hard/crtbegin.o
 *(.init)
 .init          0x08007730        0x4 c:/tools/gcc-arm-none-eabi-10.3-2021.10/bin/../lib/gcc/arm-none-eabi/10.3.1/thumb/v7e-m+fp/hard/crti.o
                0x08007730                _init
 .init          0x08007734        0x8 c:/tools/gcc-arm-none-eabi-10.3-2021.10/bin/../lib/gcc/arm-none-eabi/10.3.1/thumb/v7e-m+fp/hard/crtn.o
 *(.fini)
 .fini          0x0800773c        0x4 c:/tools/gcc-arm-none-eabi-10.3-2021.10/bin/../lib/gcc/arm-none-eabi/10.3.1/thumb/v7e-m+fp/hard/crti.o
                0x0800773c                _fini
 .fini          0x08007740        0x8 c:/tools/gcc-arm-none-eabi-10.3-2021.10/bin/../lib/gcc/arm-none-eabi/10.3.1/thumb/v7e-m+fp/hard/crtn.o
                0x08007748                . = ALIGN (0x4)
                0x08007748                _etext = .

.vfp11_veneer   0x08007748        0x0
 .vfp11_veneer  0x08007748        0x0 linker stubs

.v4_bx          0x08007748        0x0
 .v4_bx         0x08007748        0x0 linker stubs

.iplt           0x08007748        0x0
 .iplt          0x08007748        0x0 c:/tools/gcc-arm-none-eabi-10.3-2021.10/bin/../lib/gcc/arm-none-eabi/10.3.1/thumb/v7e-m+fp/hard/crtbegin.o

.rodata         0x08007748      0x46c
                0x08007748                . = ALIGN (0x4)
 *(.rodata)
 *(.rodata*)
 .rodata.DoPanic.str1.4
                0x08007748        0x9 build/main.o
 *fill*         0x08007751        0x3 
 .rodata.main.str1.4
                0x08007754       0x16 build/main.o
 *fill*         0x0800776a        0x2 
 .rodata.IMU_init.str1.4
                0x0800776c        0x5 build/ICM_20648.o
 *fill*         0x08007771        0x3 
 .rodata.flagBitshiftOffset.0
                0x08007774        0x8 build/stm32f4xx_hal_dma.o
 .rodata.AHBPrescTable
                0x0800777c       0x10 build/system_stm32f4xx.o
                0x0800777c                AHBPrescTable
 .rodata.APBPrescTable
                0x0800778c        0x8 build/system_stm32f4xx.o
                0x0800778c                APBPrescTable
 .rodata._global_impure_ptr
                0x08007794        0x4 c:/tools/gcc-arm-none-eabi-10.3-2021.10/bin/../lib/gcc/arm-none-eabi/10.3.1/../../../../arm-none-eabi/lib/thumb/v7e-m+fp/hard\libc_nano.a(lib_a-impure.o)
                0x08007794                _global_impure_ptr
 .rodata._printf_float.str1.1
                0x08007798       0x12 c:/tools/gcc-arm-none-eabi-10.3-2021.10/bin/../lib/gcc/arm-none-eabi/10.3.1/../../../../arm-none-eabi/lib/thumb/v7e-m+fp/hard\libc_nano.a(lib_a-nano-vfprintf_float.o)
 .rodata._printf_i.str1.1
                0x080077aa       0x22 c:/tools/gcc-arm-none-eabi-10.3-2021.10/bin/../lib/gcc/arm-none-eabi/10.3.1/../../../../arm-none-eabi/lib/thumb/v7e-m+fp/hard\libc_nano.a(lib_a-nano-vfprintf_i.o)
 .rodata._dtoa_r.str1.1
                0x080077cc       0xb3 c:/tools/gcc-arm-none-eabi-10.3-2021.10/bin/../lib/gcc/arm-none-eabi/10.3.1/../../../../arm-none-eabi/lib/thumb/v7e-m+fp/hard\libc_nano.a(lib_a-dtoa.o)
                                 0xb5 (size before relaxing)
 *fill*         0x0800787f        0x1 
 .rodata.__sf_fake_stderr
                0x08007880       0x20 c:/tools/gcc-arm-none-eabi-10.3-2021.10/bin/../lib/gcc/arm-none-eabi/10.3.1/../../../../arm-none-eabi/lib/thumb/v7e-m+fp/hard\libc_nano.a(lib_a-findfp.o)
                0x08007880                __sf_fake_stderr
 .rodata.__sf_fake_stdin
                0x080078a0       0x20 c:/tools/gcc-arm-none-eabi-10.3-2021.10/bin/../lib/gcc/arm-none-eabi/10.3.1/../../../../arm-none-eabi/lib/thumb/v7e-m+fp/hard\libc_nano.a(lib_a-findfp.o)
                0x080078a0                __sf_fake_stdin
 .rodata.__sf_fake_stdout
                0x080078c0       0x20 c:/tools/gcc-arm-none-eabi-10.3-2021.10/bin/../lib/gcc/arm-none-eabi/10.3.1/../../../../arm-none-eabi/lib/thumb/v7e-m+fp/hard\libc_nano.a(lib_a-findfp.o)
                0x080078c0                __sf_fake_stdout
 .rodata._Balloc.str1.1
                0x080078e0       0x7f c:/tools/gcc-arm-none-eabi-10.3-2021.10/bin/../lib/gcc/arm-none-eabi/10.3.1/../../../../arm-none-eabi/lib/thumb/v7e-m+fp/hard\libc_nano.a(lib_a-mprec.o)
                                 0x96 (size before relaxing)
 .rodata.__multadd.str1.1
                0x0800795f       0x11 c:/tools/gcc-arm-none-eabi-10.3-2021.10/bin/../lib/gcc/arm-none-eabi/10.3.1/../../../../arm-none-eabi/lib/thumb/v7e-m+fp/hard\libc_nano.a(lib_a-mprec.o)
 *fill*         0x0800795f        0x1 
 .rodata.__mprec_bigtens
                0x08007960       0x28 c:/tools/gcc-arm-none-eabi-10.3-2021.10/bin/../lib/gcc/arm-none-eabi/10.3.1/../../../../arm-none-eabi/lib/thumb/v7e-m+fp/hard\libc_nano.a(lib_a-mprec.o)
                0x08007960                __mprec_bigtens
 .rodata.__mprec_tens
                0x08007988       0xc8 c:/tools/gcc-arm-none-eabi-10.3-2021.10/bin/../lib/gcc/arm-none-eabi/10.3.1/../../../../arm-none-eabi/lib/thumb/v7e-m+fp/hard\libc_nano.a(lib_a-mprec.o)
                0x08007988                __mprec_tens
 .rodata.p05.0  0x08007a50        0xc c:/tools/gcc-arm-none-eabi-10.3-2021.10/bin/../lib/gcc/arm-none-eabi/10.3.1/../../../../arm-none-eabi/lib/thumb/v7e-m+fp/hard\libc_nano.a(lib_a-mprec.o)
 .rodata._vfprintf_r.str1.1
                0x08007a5c       0x11 c:/tools/gcc-arm-none-eabi-10.3-2021.10/bin/../lib/gcc/arm-none-eabi/10.3.1/../../../../arm-none-eabi/lib/thumb/v7e-m+fp/hard\libc_nano.a(lib_a-nano-vfprintf.o)
 .rodata.__assert_func.str1.1
                0x08007a6d       0x3c c:/tools/gcc-arm-none-eabi-10.3-2021.10/bin/../lib/gcc/arm-none-eabi/10.3.1/../../../../arm-none-eabi/lib/thumb/v7e-m+fp/hard\libc_nano.a(lib_a-assert.o)
                                 0x3d (size before relaxing)
 .rodata._setlocale_r.str1.1
                0x08007aa9        0x8 c:/tools/gcc-arm-none-eabi-10.3-2021.10/bin/../lib/gcc/arm-none-eabi/10.3.1/../../../../arm-none-eabi/lib/thumb/v7e-m+fp/hard\libc_nano.a(lib_a-locale.o)
                                  0x9 (size before relaxing)
 .rodata.str1.1
                0x08007ab1        0x2 c:/tools/gcc-arm-none-eabi-10.3-2021.10/bin/../lib/gcc/arm-none-eabi/10.3.1/../../../../arm-none-eabi/lib/thumb/v7e-m+fp/hard\libc_nano.a(lib_a-locale.o)
 .rodata._ctype_
                0x08007ab3      0x101 c:/tools/gcc-arm-none-eabi-10.3-2021.10/bin/../lib/gcc/arm-none-eabi/10.3.1/../../../../arm-none-eabi/lib/thumb/v7e-m+fp/hard\libc_nano.a(lib_a-ctype_.o)
                0x08007ab3                _ctype_
                0x08007bb4                . = ALIGN (0x4)

.ARM.extab
 *(.ARM.extab* .gnu.linkonce.armextab.*)

.ARM            0x08007bb4        0x8
                0x08007bb4                __exidx_start = .
 *(.ARM.exidx*)
 .ARM.exidx     0x08007bb4        0x8 c:/tools/gcc-arm-none-eabi-10.3-2021.10/bin/../lib/gcc/arm-none-eabi/10.3.1/thumb/v7e-m+fp/hard\libgcc.a(_udivmoddi4.o)
                0x08007bbc                __exidx_end = .

.rel.dyn        0x08007bbc        0x0
 .rel.iplt      0x08007bbc        0x0 c:/tools/gcc-arm-none-eabi-10.3-2021.10/bin/../lib/gcc/arm-none-eabi/10.3.1/thumb/v7e-m+fp/hard/crtbegin.o

.preinit_array  0x08007bbc        0x0
                0x08007bbc                PROVIDE (__preinit_array_start = .)
 *(.preinit_array*)
                0x08007bbc                PROVIDE (__preinit_array_end = .)

.init_array     0x08007bbc        0x4
                0x08007bbc                PROVIDE (__init_array_start = .)
 *(SORT_BY_NAME(.init_array.*))
 *(.init_array*)
 .init_array    0x08007bbc        0x4 c:/tools/gcc-arm-none-eabi-10.3-2021.10/bin/../lib/gcc/arm-none-eabi/10.3.1/thumb/v7e-m+fp/hard/crtbegin.o
                0x08007bc0                PROVIDE (__init_array_end = .)

.fini_array     0x08007bc0        0x4
                [!provide]                PROVIDE (__fini_array_start = .)
 *(SORT_BY_NAME(.fini_array.*))
 *(.fini_array*)
 .fini_array    0x08007bc0        0x4 c:/tools/gcc-arm-none-eabi-10.3-2021.10/bin/../lib/gcc/arm-none-eabi/10.3.1/thumb/v7e-m+fp/hard/crtbegin.o
                [!provide]                PROVIDE (__fini_array_end = .)
                0x08007bc4                _sidata = LOADADDR (.data)

.data           0x20000000     0x2d9c load address 0x08007bc4
                0x20000000                . = ALIGN (0x4)
                0x20000000                _sdata = .
 *(.data)
 *(.data*)
 .data.errMesage
                0x20000000     0x2bc0 build/as5047p.o
 .data.uwTickFreq
                0x20002bc0        0x1 build/stm32f4xx_hal.o
                0x20002bc0                uwTickFreq
 *fill*         0x20002bc1        0x3 
 .data.uwTickPrio
                0x20002bc4        0x4 build/stm32f4xx_hal.o
                0x20002bc4                uwTickPrio
 .data.SystemCoreClock
                0x20002bc8        0x4 build/system_stm32f4xx.o
                0x20002bc8                SystemCoreClock
 .data._impure_ptr
                0x20002bcc        0x4 c:/tools/gcc-arm-none-eabi-10.3-2021.10/bin/../lib/gcc/arm-none-eabi/10.3.1/../../../../arm-none-eabi/lib/thumb/v7e-m+fp/hard\libc_nano.a(lib_a-impure.o)
                0x20002bcc                _impure_ptr
 .data.impure_data
                0x20002bd0       0x60 c:/tools/gcc-arm-none-eabi-10.3-2021.10/bin/../lib/gcc/arm-none-eabi/10.3.1/../../../../arm-none-eabi/lib/thumb/v7e-m+fp/hard\libc_nano.a(lib_a-impure.o)
 .data.__global_locale
                0x20002c30      0x16c c:/tools/gcc-arm-none-eabi-10.3-2021.10/bin/../lib/gcc/arm-none-eabi/10.3.1/../../../../arm-none-eabi/lib/thumb/v7e-m+fp/hard\libc_nano.a(lib_a-locale.o)
                0x20002c30                __global_locale
                0x20002d9c                . = ALIGN (0x4)
                0x20002d9c                _edata = .

.igot.plt       0x20002d9c        0x0 load address 0x0800a960
 .igot.plt      0x20002d9c        0x0 c:/tools/gcc-arm-none-eabi-10.3-2021.10/bin/../lib/gcc/arm-none-eabi/10.3.1/thumb/v7e-m+fp/hard/crtbegin.o
                0x20002d9c                . = ALIGN (0x4)

.bss            0x20002d9c      0x32c load address 0x0800a960
                0x20002d9c                _sbss = .
                0x20002d9c                __bss_start__ = _sbss
 *(.bss)
 .bss           0x20002d9c       0x1c c:/tools/gcc-arm-none-eabi-10.3-2021.10/bin/../lib/gcc/arm-none-eabi/10.3.1/thumb/v7e-m+fp/hard/crtbegin.o
 *(.bss*)
 .bss.adcval    0x20002db8        0xa build/main.o
                0x20002db8                adcval
 *fill*         0x20002dc2        0x2 
 .bss.angvel    0x20002dc4        0x4 build/main.o
                0x20002dc4                angvel
 .bss.b_angvel  0x20002dc8        0x4 build/main.o
                0x20002dc8                b_angvel
 .bss.b_encL_val
                0x20002dcc        0x2 build/main.o
                0x20002dcc                b_encL_val
 .bss.b_encR_val
                0x20002dce        0x2 build/main.o
                0x20002dce                b_encR_val
 .bss.b_spdL    0x20002dd0        0x4 build/main.o
                0x20002dd0                b_spdL
 .bss.b_spdR    0x20002dd4        0x4 build/main.o
                0x20002dd4                b_spdR
 .bss.deg       0x20002dd8        0x4 build/main.o
                0x20002dd8                deg
 .bss.encL      0x20002ddc       0x10 build/main.o
                0x20002ddc                encL
 .bss.encR      0x20002dec       0x10 build/main.o
                0x20002dec                encR
 .bss.r_b_yaw   0x20002dfc        0x4 build/main.o
                0x20002dfc                r_b_yaw
 .bss.r_yaw     0x20002e00        0x4 build/main.o
                0x20002e00                r_yaw
 .bss.r_yaw_new
                0x20002e04        0x4 build/main.o
                0x20002e04                r_yaw_new
 .bss.r_yaw_ref
                0x20002e08        0x4 build/main.o
                0x20002e08                r_yaw_ref
 .bss.senstype  0x20002e0c        0x1 build/main.o
                0x20002e0c                senstype
 *fill*         0x20002e0d        0x3 
 .bss.sensval   0x20002e10        0x8 build/main.o
                0x20002e10                sensval
 .bss.spd       0x20002e18        0x4 build/main.o
                0x20002e18                spd
 .bss.spdL      0x20002e1c        0x4 build/main.o
                0x20002e1c                spdL
 .bss.spdR      0x20002e20        0x4 build/main.o
                0x20002e20                spdR
 .bss.vbat      0x20002e24        0x4 build/main.o
                0x20002e24                vbat
 .bss.hadc1     0x20002e28       0x48 build/adc.o
                0x20002e28                hadc1
 .bss.hdma_adc1
                0x20002e70       0x60 build/adc.o
                0x20002e70                hdma_adc1
 .bss.hspi1     0x20002ed0       0x58 build/spi.o
                0x20002ed0                hspi1
 .bss.hspi2     0x20002f28       0x58 build/spi.o
                0x20002f28                hspi2
 .bss.htim1     0x20002f80       0x48 build/tim.o
                0x20002f80                htim1
 .bss.htim2     0x20002fc8       0x48 build/tim.o
                0x20002fc8                htim2
 .bss.htim6     0x20003010       0x48 build/tim.o
                0x20003010                htim6
 .bss.gpioPin   0x20003058        0x2 build/as5047p_hal.o
 *fill*         0x2000305a        0x2 
 .bss.gpioPort  0x2000305c        0x4 build/as5047p_hal.o
 .bss.handlerSPI
                0x20003060        0x4 build/as5047p_hal.o
 .bss.xg        0x20003064        0x2 build/ICM_20648.o
                0x20003064                xg
 .bss.yg        0x20003066        0x2 build/ICM_20648.o
                0x20003066                yg
 .bss.zg        0x20003068        0x2 build/ICM_20648.o
                0x20003068                zg
 *fill*         0x2000306a        0x2 
 .bss.huart6    0x2000306c       0x44 build/usart.o
                0x2000306c                huart6
 .bss.uwTick    0x200030b0        0x4 build/stm32f4xx_hal.o
                0x200030b0                uwTick
 .bss.__lock___malloc_recursive_mutex
                0x200030b4        0x1 c:/tools/gcc-arm-none-eabi-10.3-2021.10/bin/../lib/gcc/arm-none-eabi/10.3.1/../../../../arm-none-eabi/lib/thumb/v7e-m+fp/hard\libc_nano.a(lib_a-lock.o)
                0x200030b4                __lock___malloc_recursive_mutex
 .bss.__lock___sfp_recursive_mutex
                0x200030b5        0x1 c:/tools/gcc-arm-none-eabi-10.3-2021.10/bin/../lib/gcc/arm-none-eabi/10.3.1/../../../../arm-none-eabi/lib/thumb/v7e-m+fp/hard\libc_nano.a(lib_a-lock.o)
                0x200030b5                __lock___sfp_recursive_mutex
 .bss.__lock___sinit_recursive_mutex
                0x200030b6        0x1 c:/tools/gcc-arm-none-eabi-10.3-2021.10/bin/../lib/gcc/arm-none-eabi/10.3.1/../../../../arm-none-eabi/lib/thumb/v7e-m+fp/hard\libc_nano.a(lib_a-lock.o)
                0x200030b6                __lock___sinit_recursive_mutex
 *fill*         0x200030b7        0x1 
 .bss.__malloc_free_list
                0x200030b8        0x4 c:/tools/gcc-arm-none-eabi-10.3-2021.10/bin/../lib/gcc/arm-none-eabi/10.3.1/../../../../arm-none-eabi/lib/thumb/v7e-m+fp/hard\libc_nano.a(lib_a-nano-mallocr.o)
                0x200030b8                __malloc_free_list
 .bss.__malloc_sbrk_start
                0x200030bc        0x4 c:/tools/gcc-arm-none-eabi-10.3-2021.10/bin/../lib/gcc/arm-none-eabi/10.3.1/../../../../arm-none-eabi/lib/thumb/v7e-m+fp/hard\libc_nano.a(lib_a-nano-mallocr.o)
                0x200030bc                __malloc_sbrk_start
 .bss.errno     0x200030c0        0x4 c:/tools/gcc-arm-none-eabi-10.3-2021.10/bin/../lib/gcc/arm-none-eabi/10.3.1/../../../../arm-none-eabi/lib/thumb/v7e-m+fp/hard\libc_nano.a(lib_a-reent.o)
                0x200030c0                errno
 .bss.heap_end.0
                0x200030c4        0x4 c:/tools/gcc-arm-none-eabi-10.3-2021.10/bin/../lib/gcc/arm-none-eabi/10.3.1/../../../../arm-none-eabi/lib/thumb/v7e-m+fp/hard\libnosys.a(sbrk.o)
 *(COMMON)
                0x200030c8                . = ALIGN (0x4)
                0x200030c8                _ebss = .
                0x200030c8                __bss_end__ = _ebss

._user_heap_stack
                0x200030c8      0x600 load address 0x0800a960
                0x200030c8                . = ALIGN (0x8)
                0x200030c8                PROVIDE (end = .)
                [!provide]                PROVIDE (_end = .)
                0x200032c8                . = (. + _Min_Heap_Size)
 *fill*         0x200030c8      0x200 
                0x200036c8                . = (. + _Min_Stack_Size)
 *fill*         0x200032c8      0x400 
                0x200036c8                . = ALIGN (0x8)

/DISCARD/
 libc.a(*)
 libm.a(*)
 libgcc.a(*)

.ARM.attributes
                0x00000000       0x30
 *(.ARM.attributes)
 .ARM.attributes
                0x00000000       0x1e c:/tools/gcc-arm-none-eabi-10.3-2021.10/bin/../lib/gcc/arm-none-eabi/10.3.1/thumb/v7e-m+fp/hard/crti.o
 .ARM.attributes
                0x0000001e       0x34 c:/tools/gcc-arm-none-eabi-10.3-2021.10/bin/../lib/gcc/arm-none-eabi/10.3.1/thumb/v7e-m+fp/hard/crtbegin.o
 .ARM.attributes
                0x00000052       0x34 build/main.o
 .ARM.attributes
                0x00000086       0x34 build/gpio.o
 .ARM.attributes
                0x000000ba       0x34 build/adc.o
 .ARM.attributes
                0x000000ee       0x34 build/dma.o
 .ARM.attributes
                0x00000122       0x34 build/spi.o
 .ARM.attributes
                0x00000156       0x34 build/tim.o
 .ARM.attributes
                0x0000018a       0x34 build/as5047p_hal.o
 .ARM.attributes
                0x000001be       0x34 build/as5047p.o
 .ARM.attributes
                0x000001f2       0x34 build/ICM_20648.o
 .ARM.attributes
                0x00000226       0x34 build/usart.o
 .ARM.attributes
                0x0000025a       0x34 build/stm32f4xx_it.o
 .ARM.attributes
                0x0000028e       0x34 build/stm32f4xx_hal_msp.o
 .ARM.attributes
                0x000002c2       0x34 build/stm32f4xx_hal_adc.o
 .ARM.attributes
                0x000002f6       0x34 build/stm32f4xx_hal_rcc.o
 .ARM.attributes
                0x0000032a       0x34 build/stm32f4xx_hal_rcc_ex.o
 .ARM.attributes
                0x0000035e       0x34 build/stm32f4xx_hal_gpio.o
 .ARM.attributes
                0x00000392       0x34 build/stm32f4xx_hal_dma.o
 .ARM.attributes
                0x000003c6       0x34 build/stm32f4xx_hal_cortex.o
 .ARM.attributes
                0x000003fa       0x34 build/stm32f4xx_hal.o
 .ARM.attributes
                0x0000042e       0x34 build/stm32f4xx_hal_spi.o
 .ARM.attributes
                0x00000462       0x34 build/stm32f4xx_hal_tim.o
 .ARM.attributes
                0x00000496       0x34 build/stm32f4xx_hal_tim_ex.o
 .ARM.attributes
                0x000004ca       0x34 build/stm32f4xx_hal_uart.o
 .ARM.attributes
                0x000004fe       0x34 build/system_stm32f4xx.o
 .ARM.attributes
                0x00000532       0x21 build/startup_stm32f412cx.o
 .ARM.attributes
                0x00000553       0x34 c:/tools/gcc-arm-none-eabi-10.3-2021.10/bin/../lib/gcc/arm-none-eabi/10.3.1/../../../../arm-none-eabi/lib/thumb/v7e-m+fp/hard\libc_nano.a(lib_a-impure.o)
 .ARM.attributes
                0x00000587       0x34 c:/tools/gcc-arm-none-eabi-10.3-2021.10/bin/../lib/gcc/arm-none-eabi/10.3.1/../../../../arm-none-eabi/lib/thumb/v7e-m+fp/hard\libc_nano.a(lib_a-init.o)
 .ARM.attributes
                0x000005bb       0x34 c:/tools/gcc-arm-none-eabi-10.3-2021.10/bin/../lib/gcc/arm-none-eabi/10.3.1/../../../../arm-none-eabi/lib/thumb/v7e-m+fp/hard\libc_nano.a(lib_a-memcpy-stub.o)
 .ARM.attributes
                0x000005ef       0x34 c:/tools/gcc-arm-none-eabi-10.3-2021.10/bin/../lib/gcc/arm-none-eabi/10.3.1/../../../../arm-none-eabi/lib/thumb/v7e-m+fp/hard\libc_nano.a(lib_a-memset.o)
 .ARM.attributes
                0x00000623       0x34 c:/tools/gcc-arm-none-eabi-10.3-2021.10/bin/../lib/gcc/arm-none-eabi/10.3.1/../../../../arm-none-eabi/lib/thumb/v7e-m+fp/hard\libc_nano.a(lib_a-nano-vfprintf_float.o)
 .ARM.attributes
                0x00000657       0x34 c:/tools/gcc-arm-none-eabi-10.3-2021.10/bin/../lib/gcc/arm-none-eabi/10.3.1/../../../../arm-none-eabi/lib/thumb/v7e-m+fp/hard\libc_nano.a(lib_a-nano-vfprintf_i.o)
 .ARM.attributes
                0x0000068b       0x34 c:/tools/gcc-arm-none-eabi-10.3-2021.10/bin/../lib/gcc/arm-none-eabi/10.3.1/../../../../arm-none-eabi/lib/thumb/v7e-m+fp/hard\libc_nano.a(lib_a-printf.o)
 .ARM.attributes
                0x000006bf       0x34 c:/tools/gcc-arm-none-eabi-10.3-2021.10/bin/../lib/gcc/arm-none-eabi/10.3.1/../../../../arm-none-eabi/lib/thumb/v7e-m+fp/hard\libc_nano.a(lib_a-puts.o)
 .ARM.attributes
                0x000006f3       0x17 c:/tools/gcc-arm-none-eabi-10.3-2021.10/bin/../lib/gcc/arm-none-eabi/10.3.1/../../../../arm-none-eabi/lib/thumb/v7e-m+fp/hard\libc_nano.a(lib_a-strlen.o)
 .ARM.attributes
                0x0000070a       0x34 c:/tools/gcc-arm-none-eabi-10.3-2021.10/bin/../lib/gcc/arm-none-eabi/10.3.1/../../../../arm-none-eabi/lib/thumb/v7e-m+fp/hard\libc_nano.a(lib_a-wbuf.o)
 .ARM.attributes
                0x0000073e       0x34 c:/tools/gcc-arm-none-eabi-10.3-2021.10/bin/../lib/gcc/arm-none-eabi/10.3.1/../../../../arm-none-eabi/lib/thumb/v7e-m+fp/hard\libc_nano.a(lib_a-wsetup.o)
 .ARM.attributes
                0x00000772       0x34 c:/tools/gcc-arm-none-eabi-10.3-2021.10/bin/../lib/gcc/arm-none-eabi/10.3.1/../../../../arm-none-eabi/lib/thumb/v7e-m+fp/hard\libc_nano.a(lib_a-dtoa.o)
 .ARM.attributes
                0x000007a6       0x34 c:/tools/gcc-arm-none-eabi-10.3-2021.10/bin/../lib/gcc/arm-none-eabi/10.3.1/../../../../arm-none-eabi/lib/thumb/v7e-m+fp/hard\libc_nano.a(lib_a-fflush.o)
 .ARM.attributes
                0x000007da       0x34 c:/tools/gcc-arm-none-eabi-10.3-2021.10/bin/../lib/gcc/arm-none-eabi/10.3.1/../../../../arm-none-eabi/lib/thumb/v7e-m+fp/hard\libc_nano.a(lib_a-findfp.o)
 .ARM.attributes
                0x0000080e       0x34 c:/tools/gcc-arm-none-eabi-10.3-2021.10/bin/../lib/gcc/arm-none-eabi/10.3.1/../../../../arm-none-eabi/lib/thumb/v7e-m+fp/hard\libc_nano.a(lib_a-fwalk.o)
 .ARM.attributes
                0x00000842       0x34 c:/tools/gcc-arm-none-eabi-10.3-2021.10/bin/../lib/gcc/arm-none-eabi/10.3.1/../../../../arm-none-eabi/lib/thumb/v7e-m+fp/hard\libc_nano.a(lib_a-localeconv.o)
 .ARM.attributes
                0x00000876       0x34 c:/tools/gcc-arm-none-eabi-10.3-2021.10/bin/../lib/gcc/arm-none-eabi/10.3.1/../../../../arm-none-eabi/lib/thumb/v7e-m+fp/hard\libc_nano.a(lib_a-lock.o)
 .ARM.attributes
                0x000008aa       0x34 c:/tools/gcc-arm-none-eabi-10.3-2021.10/bin/../lib/gcc/arm-none-eabi/10.3.1/../../../../arm-none-eabi/lib/thumb/v7e-m+fp/hard\libc_nano.a(lib_a-makebuf.o)
 .ARM.attributes
                0x000008de       0x34 c:/tools/gcc-arm-none-eabi-10.3-2021.10/bin/../lib/gcc/arm-none-eabi/10.3.1/../../../../arm-none-eabi/lib/thumb/v7e-m+fp/hard\libc_nano.a(lib_a-malloc.o)
 .ARM.attributes
                0x00000912       0x1c c:/tools/gcc-arm-none-eabi-10.3-2021.10/bin/../lib/gcc/arm-none-eabi/10.3.1/../../../../arm-none-eabi/lib/thumb/v7e-m+fp/hard\libc_nano.a(lib_a-memchr.o)
 .ARM.attributes
                0x0000092e       0x34 c:/tools/gcc-arm-none-eabi-10.3-2021.10/bin/../lib/gcc/arm-none-eabi/10.3.1/../../../../arm-none-eabi/lib/thumb/v7e-m+fp/hard\libc_nano.a(lib_a-mprec.o)
 .ARM.attributes
                0x00000962       0x34 c:/tools/gcc-arm-none-eabi-10.3-2021.10/bin/../lib/gcc/arm-none-eabi/10.3.1/../../../../arm-none-eabi/lib/thumb/v7e-m+fp/hard\libc_nano.a(lib_a-nano-callocr.o)
 .ARM.attributes
                0x00000996       0x34 c:/tools/gcc-arm-none-eabi-10.3-2021.10/bin/../lib/gcc/arm-none-eabi/10.3.1/../../../../arm-none-eabi/lib/thumb/v7e-m+fp/hard\libc_nano.a(lib_a-nano-freer.o)
 .ARM.attributes
                0x000009ca       0x34 c:/tools/gcc-arm-none-eabi-10.3-2021.10/bin/../lib/gcc/arm-none-eabi/10.3.1/../../../../arm-none-eabi/lib/thumb/v7e-m+fp/hard\libc_nano.a(lib_a-nano-mallocr.o)
 .ARM.attributes
                0x000009fe       0x34 c:/tools/gcc-arm-none-eabi-10.3-2021.10/bin/../lib/gcc/arm-none-eabi/10.3.1/../../../../arm-none-eabi/lib/thumb/v7e-m+fp/hard\libc_nano.a(lib_a-nano-vfprintf.o)
 .ARM.attributes
                0x00000a32       0x34 c:/tools/gcc-arm-none-eabi-10.3-2021.10/bin/../lib/gcc/arm-none-eabi/10.3.1/../../../../arm-none-eabi/lib/thumb/v7e-m+fp/hard\libc_nano.a(lib_a-sbrkr.o)
 .ARM.attributes
                0x00000a66       0x34 c:/tools/gcc-arm-none-eabi-10.3-2021.10/bin/../lib/gcc/arm-none-eabi/10.3.1/../../../../arm-none-eabi/lib/thumb/v7e-m+fp/hard\libc_nano.a(lib_a-stdio.o)
 .ARM.attributes
                0x00000a9a       0x34 c:/tools/gcc-arm-none-eabi-10.3-2021.10/bin/../lib/gcc/arm-none-eabi/10.3.1/../../../../arm-none-eabi/lib/thumb/v7e-m+fp/hard\libc_nano.a(lib_a-writer.o)
 .ARM.attributes
                0x00000ace       0x34 c:/tools/gcc-arm-none-eabi-10.3-2021.10/bin/../lib/gcc/arm-none-eabi/10.3.1/../../../../arm-none-eabi/lib/thumb/v7e-m+fp/hard\libc_nano.a(lib_a-assert.o)
 .ARM.attributes
                0x00000b02       0x34 c:/tools/gcc-arm-none-eabi-10.3-2021.10/bin/../lib/gcc/arm-none-eabi/10.3.1/../../../../arm-none-eabi/lib/thumb/v7e-m+fp/hard\libc_nano.a(lib_a-closer.o)
 .ARM.attributes
                0x00000b36       0x34 c:/tools/gcc-arm-none-eabi-10.3-2021.10/bin/../lib/gcc/arm-none-eabi/10.3.1/../../../../arm-none-eabi/lib/thumb/v7e-m+fp/hard\libc_nano.a(lib_a-fprintf.o)
 .ARM.attributes
                0x00000b6a       0x34 c:/tools/gcc-arm-none-eabi-10.3-2021.10/bin/../lib/gcc/arm-none-eabi/10.3.1/../../../../arm-none-eabi/lib/thumb/v7e-m+fp/hard\libc_nano.a(lib_a-fstatr.o)
 .ARM.attributes
                0x00000b9e       0x34 c:/tools/gcc-arm-none-eabi-10.3-2021.10/bin/../lib/gcc/arm-none-eabi/10.3.1/../../../../arm-none-eabi/lib/thumb/v7e-m+fp/hard\libc_nano.a(lib_a-isattyr.o)
 .ARM.attributes
                0x00000bd2       0x34 c:/tools/gcc-arm-none-eabi-10.3-2021.10/bin/../lib/gcc/arm-none-eabi/10.3.1/../../../../arm-none-eabi/lib/thumb/v7e-m+fp/hard\libc_nano.a(lib_a-locale.o)
 .ARM.attributes
                0x00000c06       0x34 c:/tools/gcc-arm-none-eabi-10.3-2021.10/bin/../lib/gcc/arm-none-eabi/10.3.1/../../../../arm-none-eabi/lib/thumb/v7e-m+fp/hard\libc_nano.a(lib_a-lseekr.o)
 .ARM.attributes
                0x00000c3a       0x34 c:/tools/gcc-arm-none-eabi-10.3-2021.10/bin/../lib/gcc/arm-none-eabi/10.3.1/../../../../arm-none-eabi/lib/thumb/v7e-m+fp/hard\libc_nano.a(lib_a-mbtowc_r.o)
 .ARM.attributes
                0x00000c6e       0x34 c:/tools/gcc-arm-none-eabi-10.3-2021.10/bin/../lib/gcc/arm-none-eabi/10.3.1/../../../../arm-none-eabi/lib/thumb/v7e-m+fp/hard\libc_nano.a(lib_a-mlock.o)
 .ARM.attributes
                0x00000ca2       0x34 c:/tools/gcc-arm-none-eabi-10.3-2021.10/bin/../lib/gcc/arm-none-eabi/10.3.1/../../../../arm-none-eabi/lib/thumb/v7e-m+fp/hard\libc_nano.a(lib_a-readr.o)
 .ARM.attributes
                0x00000cd6       0x34 c:/tools/gcc-arm-none-eabi-10.3-2021.10/bin/../lib/gcc/arm-none-eabi/10.3.1/../../../../arm-none-eabi/lib/thumb/v7e-m+fp/hard\libc_nano.a(lib_a-reent.o)
 .ARM.attributes
                0x00000d0a       0x34 c:/tools/gcc-arm-none-eabi-10.3-2021.10/bin/../lib/gcc/arm-none-eabi/10.3.1/../../../../arm-none-eabi/lib/thumb/v7e-m+fp/hard\libc_nano.a(lib_a-wctomb_r.o)
 .ARM.attributes
                0x00000d3e       0x34 c:/tools/gcc-arm-none-eabi-10.3-2021.10/bin/../lib/gcc/arm-none-eabi/10.3.1/../../../../arm-none-eabi/lib/thumb/v7e-m+fp/hard\libc_nano.a(lib_a-abort.o)
 .ARM.attributes
                0x00000d72       0x34 c:/tools/gcc-arm-none-eabi-10.3-2021.10/bin/../lib/gcc/arm-none-eabi/10.3.1/../../../../arm-none-eabi/lib/thumb/v7e-m+fp/hard\libc_nano.a(lib_a-ctype_.o)
 .ARM.attributes
                0x00000da6       0x34 c:/tools/gcc-arm-none-eabi-10.3-2021.10/bin/../lib/gcc/arm-none-eabi/10.3.1/../../../../arm-none-eabi/lib/thumb/v7e-m+fp/hard\libc_nano.a(lib_a-signal.o)
 .ARM.attributes
                0x00000dda       0x34 c:/tools/gcc-arm-none-eabi-10.3-2021.10/bin/../lib/gcc/arm-none-eabi/10.3.1/../../../../arm-none-eabi/lib/thumb/v7e-m+fp/hard\libc_nano.a(lib_a-signalr.o)
 .ARM.attributes
                0x00000e0e       0x34 c:/tools/gcc-arm-none-eabi-10.3-2021.10/bin/../lib/gcc/arm-none-eabi/10.3.1/../../../../arm-none-eabi/lib/thumb/v7e-m+fp/hard\libnosys.a(close.o)
 .ARM.attributes
                0x00000e42       0x34 c:/tools/gcc-arm-none-eabi-10.3-2021.10/bin/../lib/gcc/arm-none-eabi/10.3.1/../../../../arm-none-eabi/lib/thumb/v7e-m+fp/hard\libnosys.a(fstat.o)
 .ARM.attributes
                0x00000e76       0x34 c:/tools/gcc-arm-none-eabi-10.3-2021.10/bin/../lib/gcc/arm-none-eabi/10.3.1/../../../../arm-none-eabi/lib/thumb/v7e-m+fp/hard\libnosys.a(getpid.o)
 .ARM.attributes
                0x00000eaa       0x34 c:/tools/gcc-arm-none-eabi-10.3-2021.10/bin/../lib/gcc/arm-none-eabi/10.3.1/../../../../arm-none-eabi/lib/thumb/v7e-m+fp/hard\libnosys.a(isatty.o)
 .ARM.attributes
                0x00000ede       0x34 c:/tools/gcc-arm-none-eabi-10.3-2021.10/bin/../lib/gcc/arm-none-eabi/10.3.1/../../../../arm-none-eabi/lib/thumb/v7e-m+fp/hard\libnosys.a(kill.o)
 .ARM.attributes
                0x00000f12       0x34 c:/tools/gcc-arm-none-eabi-10.3-2021.10/bin/../lib/gcc/arm-none-eabi/10.3.1/../../../../arm-none-eabi/lib/thumb/v7e-m+fp/hard\libnosys.a(lseek.o)
 .ARM.attributes
                0x00000f46       0x34 c:/tools/gcc-arm-none-eabi-10.3-2021.10/bin/../lib/gcc/arm-none-eabi/10.3.1/../../../../arm-none-eabi/lib/thumb/v7e-m+fp/hard\libnosys.a(read.o)
 .ARM.attributes
                0x00000f7a       0x34 c:/tools/gcc-arm-none-eabi-10.3-2021.10/bin/../lib/gcc/arm-none-eabi/10.3.1/../../../../arm-none-eabi/lib/thumb/v7e-m+fp/hard\libnosys.a(sbrk.o)
 .ARM.attributes
                0x00000fae       0x34 c:/tools/gcc-arm-none-eabi-10.3-2021.10/bin/../lib/gcc/arm-none-eabi/10.3.1/../../../../arm-none-eabi/lib/thumb/v7e-m+fp/hard\libnosys.a(_exit.o)
 .ARM.attributes
                0x00000fe2       0x1e c:/tools/gcc-arm-none-eabi-10.3-2021.10/bin/../lib/gcc/arm-none-eabi/10.3.1/thumb/v7e-m+fp/hard\libgcc.a(_arm_addsubdf3.o)
 .ARM.attributes
                0x00001000       0x1e c:/tools/gcc-arm-none-eabi-10.3-2021.10/bin/../lib/gcc/arm-none-eabi/10.3.1/thumb/v7e-m+fp/hard\libgcc.a(_arm_muldivdf3.o)
 .ARM.attributes
                0x0000101e       0x1e c:/tools/gcc-arm-none-eabi-10.3-2021.10/bin/../lib/gcc/arm-none-eabi/10.3.1/thumb/v7e-m+fp/hard\libgcc.a(_arm_cmpdf2.o)
 .ARM.attributes
                0x0000103c       0x1e c:/tools/gcc-arm-none-eabi-10.3-2021.10/bin/../lib/gcc/arm-none-eabi/10.3.1/thumb/v7e-m+fp/hard\libgcc.a(_arm_unorddf2.o)
 .ARM.attributes
                0x0000105a       0x1e c:/tools/gcc-arm-none-eabi-10.3-2021.10/bin/../lib/gcc/arm-none-eabi/10.3.1/thumb/v7e-m+fp/hard\libgcc.a(_arm_fixdfsi.o)
 .ARM.attributes
                0x00001078       0x1e c:/tools/gcc-arm-none-eabi-10.3-2021.10/bin/../lib/gcc/arm-none-eabi/10.3.1/thumb/v7e-m+fp/hard\libgcc.a(_arm_truncdfsf2.o)
 .ARM.attributes
                0x00001096       0x1e c:/tools/gcc-arm-none-eabi-10.3-2021.10/bin/../lib/gcc/arm-none-eabi/10.3.1/thumb/v7e-m+fp/hard\libgcc.a(_aeabi_uldivmod.o)
 .ARM.attributes
                0x000010b4       0x34 c:/tools/gcc-arm-none-eabi-10.3-2021.10/bin/../lib/gcc/arm-none-eabi/10.3.1/thumb/v7e-m+fp/hard\libgcc.a(_udivmoddi4.o)
 .ARM.attributes
                0x000010e8       0x1e c:/tools/gcc-arm-none-eabi-10.3-2021.10/bin/../lib/gcc/arm-none-eabi/10.3.1/thumb/v7e-m+fp/hard\libgcc.a(_dvmd_tls.o)
 .ARM.attributes
                0x00001106       0x1e c:/tools/gcc-arm-none-eabi-10.3-2021.10/bin/../lib/gcc/arm-none-eabi/10.3.1/thumb/v7e-m+fp/hard/crtn.o
OUTPUT(build/SaponseEx.elf elf32-littlearm)
LOAD linker stubs
LOAD c:/tools/gcc-arm-none-eabi-10.3-2021.10/bin/../lib/gcc/arm-none-eabi/10.3.1/../../../../arm-none-eabi/lib/thumb/v7e-m+fp/hard\libc.a
LOAD c:/tools/gcc-arm-none-eabi-10.3-2021.10/bin/../lib/gcc/arm-none-eabi/10.3.1/../../../../arm-none-eabi/lib/thumb/v7e-m+fp/hard\libm.a
LOAD c:/tools/gcc-arm-none-eabi-10.3-2021.10/bin/../lib/gcc/arm-none-eabi/10.3.1/thumb/v7e-m+fp/hard\libgcc.a

.debug_info     0x00000000    0x1b640
 .debug_info    0x00000000     0x1fb7 build/main.o
 .debug_info    0x00001fb7      0x567 build/gpio.o
 .debug_info    0x0000251e      0xcd9 build/adc.o
 .debug_info    0x000031f7      0x543 build/dma.o
 .debug_info    0x0000373a      0xbf8 build/spi.o
 .debug_info    0x00004332     0x13c5 build/tim.o
 .debug_info    0x000056f7      0xb0d build/as5047p_hal.o
 .debug_info    0x00006204     0x147d build/as5047p.o
 .debug_info    0x00007681      0xc0d build/ICM_20648.o
 .debug_info    0x0000828e      0xad4 build/usart.o
 .debug_info    0x00008d62      0x845 build/stm32f4xx_it.o
 .debug_info    0x000095a7      0x2ff build/stm32f4xx_hal_msp.o
 .debug_info    0x000098a6     0x100a build/stm32f4xx_hal_adc.o
 .debug_info    0x0000a8b0      0xbce build/stm32f4xx_hal_rcc.o
 .debug_info    0x0000b47e      0xa9e build/stm32f4xx_hal_rcc_ex.o
 .debug_info    0x0000bf1c      0x87c build/stm32f4xx_hal_gpio.o
 .debug_info    0x0000c798      0xbd1 build/stm32f4xx_hal_dma.o
 .debug_info    0x0000d369     0x115c build/stm32f4xx_hal_cortex.o
 .debug_info    0x0000e4c5      0xacb build/stm32f4xx_hal.o
 .debug_info    0x0000ef90     0x2015 build/stm32f4xx_hal_spi.o
 .debug_info    0x00010fa5     0x4061 build/stm32f4xx_hal_tim.o
 .debug_info    0x00015006     0x1c6a build/stm32f4xx_hal_tim_ex.o
 .debug_info    0x00016c70     0x43e7 build/stm32f4xx_hal_uart.o
 .debug_info    0x0001b057      0x5c7 build/system_stm32f4xx.o
 .debug_info    0x0001b61e       0x22 build/startup_stm32f412cx.o

.debug_abbrev   0x00000000     0x3596
 .debug_abbrev  0x00000000      0x3f3 build/main.o
 .debug_abbrev  0x000003f3      0x151 build/gpio.o
 .debug_abbrev  0x00000544      0x1df build/adc.o
 .debug_abbrev  0x00000723      0x129 build/dma.o
 .debug_abbrev  0x0000084c      0x1d7 build/spi.o
 .debug_abbrev  0x00000a23      0x28d build/tim.o
 .debug_abbrev  0x00000cb0      0x291 build/as5047p_hal.o
 .debug_abbrev  0x00000f41      0x1f8 build/as5047p.o
 .debug_abbrev  0x00001139      0x21a build/ICM_20648.o
 .debug_abbrev  0x00001353      0x1de build/usart.o
 .debug_abbrev  0x00001531      0x190 build/stm32f4xx_it.o
 .debug_abbrev  0x000016c1       0xd3 build/stm32f4xx_hal_msp.o
 .debug_abbrev  0x00001794      0x292 build/stm32f4xx_hal_adc.o
 .debug_abbrev  0x00001a26      0x29d build/stm32f4xx_hal_rcc.o
 .debug_abbrev  0x00001cc3      0x1db build/stm32f4xx_hal_rcc_ex.o
 .debug_abbrev  0x00001e9e      0x22b build/stm32f4xx_hal_gpio.o
 .debug_abbrev  0x000020c9      0x2ff build/stm32f4xx_hal_dma.o
 .debug_abbrev  0x000023c8      0x382 build/stm32f4xx_hal_cortex.o
 .debug_abbrev  0x0000274a      0x209 build/stm32f4xx_hal.o
 .debug_abbrev  0x00002953      0x2a6 build/stm32f4xx_hal_spi.o
 .debug_abbrev  0x00002bf9      0x282 build/stm32f4xx_hal_tim.o
 .debug_abbrev  0x00002e7b      0x298 build/stm32f4xx_hal_tim_ex.o
 .debug_abbrev  0x00003113      0x356 build/stm32f4xx_hal_uart.o
 .debug_abbrev  0x00003469      0x11b build/system_stm32f4xx.o
 .debug_abbrev  0x00003584       0x12 build/startup_stm32f412cx.o

.debug_loc      0x00000000    0x1530c
 .debug_loc     0x00000000      0x595 build/main.o
 .debug_loc     0x00000595       0x39 build/gpio.o
 .debug_loc     0x000005ce      0x119 build/adc.o
 .debug_loc     0x000006e7       0x38 build/dma.o
 .debug_loc     0x0000071f      0x162 build/spi.o
 .debug_loc     0x00000881      0x268 build/tim.o
 .debug_loc     0x00000ae9      0x385 build/as5047p_hal.o
 .debug_loc     0x00000e6e     0x11f6 build/as5047p.o
 .debug_loc     0x00002064      0x191 build/ICM_20648.o
 .debug_loc     0x000021f5      0x108 build/usart.o
 .debug_loc     0x000022fd       0x60 build/stm32f4xx_it.o
 .debug_loc     0x0000235d       0x2c build/stm32f4xx_hal_msp.o
 .debug_loc     0x00002389      0xdb9 build/stm32f4xx_hal_adc.o
 .debug_loc     0x00003142      0x677 build/stm32f4xx_hal_rcc.o
 .debug_loc     0x000037b9      0xb6b build/stm32f4xx_hal_rcc_ex.o
 .debug_loc     0x00004324      0x5d7 build/stm32f4xx_hal_gpio.o
 .debug_loc     0x000048fb      0xd6d build/stm32f4xx_hal_dma.o
 .debug_loc     0x00005668      0x7a4 build/stm32f4xx_hal_cortex.o
 .debug_loc     0x00005e0c      0x1e1 build/stm32f4xx_hal.o
 .debug_loc     0x00005fed     0x2501 build/stm32f4xx_hal_spi.o
 .debug_loc     0x000084ee     0x5ba0 build/stm32f4xx_hal_tim.o
 .debug_loc     0x0000e08e     0x2137 build/stm32f4xx_hal_tim_ex.o
 .debug_loc     0x000101c5     0x4fef build/stm32f4xx_hal_uart.o
 .debug_loc     0x000151b4      0x158 build/system_stm32f4xx.o

.debug_aranges  0x00000000     0x1140
 .debug_aranges
                0x00000000       0x80 build/main.o
 .debug_aranges
                0x00000080       0x20 build/gpio.o
 .debug_aranges
                0x000000a0       0x30 build/adc.o
 .debug_aranges
                0x000000d0       0x20 build/dma.o
 .debug_aranges
                0x000000f0       0x38 build/spi.o
 .debug_aranges
                0x00000128       0x58 build/tim.o
 .debug_aranges
                0x00000180       0x60 build/as5047p_hal.o
 .debug_aranges
                0x000001e0       0xb8 build/as5047p.o
 .debug_aranges
                0x00000298       0x40 build/ICM_20648.o
 .debug_aranges
                0x000002d8       0x30 build/usart.o
 .debug_aranges
                0x00000308       0x70 build/stm32f4xx_it.o
 .debug_aranges
                0x00000378       0x20 build/stm32f4xx_hal_msp.o
 .debug_aranges
                0x00000398       0xe8 build/stm32f4xx_hal_adc.o
 .debug_aranges
                0x00000480       0x88 build/stm32f4xx_hal_rcc.o
 .debug_aranges
                0x00000508       0x60 build/stm32f4xx_hal_rcc_ex.o
 .debug_aranges
                0x00000568       0x58 build/stm32f4xx_hal_gpio.o
 .debug_aranges
                0x000005c0       0x90 build/stm32f4xx_hal_dma.o
 .debug_aranges
                0x00000650       0xa8 build/stm32f4xx_hal_cortex.o
 .debug_aranges
                0x000006f8       0xf0 build/stm32f4xx_hal.o
 .debug_aranges
                0x000007e8      0x1d0 build/stm32f4xx_hal_spi.o
 .debug_aranges
                0x000009b8      0x3d0 build/stm32f4xx_hal_tim.o
 .debug_aranges
                0x00000d88      0x168 build/stm32f4xx_hal_tim_ex.o
 .debug_aranges
                0x00000ef0      0x200 build/stm32f4xx_hal_uart.o
 .debug_aranges
                0x000010f0       0x28 build/system_stm32f4xx.o
 .debug_aranges
                0x00001118       0x28 build/startup_stm32f412cx.o

.debug_ranges   0x00000000     0x1078
 .debug_ranges  0x00000000       0x88 build/main.o
 .debug_ranges  0x00000088       0x10 build/gpio.o
 .debug_ranges  0x00000098       0x20 build/adc.o
 .debug_ranges  0x000000b8       0x10 build/dma.o
 .debug_ranges  0x000000c8       0x28 build/spi.o
 .debug_ranges  0x000000f0       0x48 build/tim.o
 .debug_ranges  0x00000138       0x50 build/as5047p_hal.o
 .debug_ranges  0x00000188       0xa8 build/as5047p.o
 .debug_ranges  0x00000230       0x30 build/ICM_20648.o
 .debug_ranges  0x00000260       0x20 build/usart.o
 .debug_ranges  0x00000280       0x60 build/stm32f4xx_it.o
 .debug_ranges  0x000002e0       0x10 build/stm32f4xx_hal_msp.o
 .debug_ranges  0x000002f0       0xd8 build/stm32f4xx_hal_adc.o
 .debug_ranges  0x000003c8       0x90 build/stm32f4xx_hal_rcc.o
 .debug_ranges  0x00000458       0x68 build/stm32f4xx_hal_rcc_ex.o
 .debug_ranges  0x000004c0       0x48 build/stm32f4xx_hal_gpio.o
 .debug_ranges  0x00000508       0x80 build/stm32f4xx_hal_dma.o
 .debug_ranges  0x00000588       0xf8 build/stm32f4xx_hal_cortex.o
 .debug_ranges  0x00000680       0xe0 build/stm32f4xx_hal.o
 .debug_ranges  0x00000760      0x1c0 build/stm32f4xx_hal_spi.o
 .debug_ranges  0x00000920      0x3c0 build/stm32f4xx_hal_tim.o
 .debug_ranges  0x00000ce0      0x158 build/stm32f4xx_hal_tim_ex.o
 .debug_ranges  0x00000e38      0x208 build/stm32f4xx_hal_uart.o
 .debug_ranges  0x00001040       0x18 build/system_stm32f4xx.o
 .debug_ranges  0x00001058       0x20 build/startup_stm32f412cx.o

.debug_line     0x00000000    0x151d7
 .debug_line    0x00000000      0x8fb build/main.o
 .debug_line    0x000008fb      0x1ea build/gpio.o
 .debug_line    0x00000ae5      0x3f5 build/adc.o
 .debug_line    0x00000eda      0x16d build/dma.o
 .debug_line    0x00001047      0x3a3 build/spi.o
 .debug_line    0x000013ea      0x5f1 build/tim.o
 .debug_line    0x000019db      0x394 build/as5047p_hal.o
 .debug_line    0x00001d6f      0xb4d build/as5047p.o
 .debug_line    0x000028bc      0x33a build/ICM_20648.o
 .debug_line    0x00002bf6      0x2af build/usart.o
 .debug_line    0x00002ea5      0x2d2 build/stm32f4xx_it.o
 .debug_line    0x00003177      0x144 build/stm32f4xx_hal_msp.o
 .debug_line    0x000032bb      0xfe3 build/stm32f4xx_hal_adc.o
 .debug_line    0x0000429e      0xac2 build/stm32f4xx_hal_rcc.o
 .debug_line    0x00004d60      0xe82 build/stm32f4xx_hal_rcc_ex.o
 .debug_line    0x00005be2      0x698 build/stm32f4xx_hal_gpio.o
 .debug_line    0x0000627a      0xe0f build/stm32f4xx_hal_dma.o
 .debug_line    0x00007089      0x762 build/stm32f4xx_hal_cortex.o
 .debug_line    0x000077eb      0x555 build/stm32f4xx_hal.o
 .debug_line    0x00007d40     0x24d3 build/stm32f4xx_hal_spi.o
 .debug_line    0x0000a213     0x4a8c build/stm32f4xx_hal_tim.o
 .debug_line    0x0000ec9f     0x1cb0 build/stm32f4xx_hal_tim_ex.o
 .debug_line    0x0001094f     0x45d8 build/stm32f4xx_hal_uart.o
 .debug_line    0x00014f27      0x23a build/system_stm32f4xx.o
 .debug_line    0x00015161       0x76 build/startup_stm32f412cx.o

.debug_str      0x00000000     0x5073
 .debug_str     0x00000000      0xe4a build/main.o
                                0xf6d (size before relaxing)
 .debug_str     0x00000e4a       0x6a build/gpio.o
                                0x350 (size before relaxing)
 .debug_str     0x00000eb4       0xc0 build/adc.o
                                0x7e5 (size before relaxing)
 .debug_str     0x00000f74      0x4d8 build/dma.o
                                0x774 (size before relaxing)
 .debug_str     0x0000144c      0x20a build/spi.o
                                0x7ec (size before relaxing)
 .debug_str     0x00001656      0x278 build/tim.o
                               0x101c (size before relaxing)
 .debug_str     0x000018ce      0x131 build/as5047p_hal.o
                                0x791 (size before relaxing)
 .debug_str     0x000019ff      0x36e build/as5047p.o
                                0x61f (size before relaxing)
 .debug_str     0x00001d6d       0x64 build/ICM_20648.o
                                0x6b8 (size before relaxing)