Archive member included to satisfy reference by file (symbol)

c:/tools/gcc-arm-none-eabi-10.3-2021.10/bin/../lib/gcc/arm-none-eabi/10.3.1/../../../../arm-none-eabi/lib/thumb/v7e-m+fp/hard\libc_nano.a(lib_a-exit.o)
                              c:/tools/gcc-arm-none-eabi-10.3-2021.10/bin/../lib/gcc/arm-none-eabi/10.3.1/../../../../arm-none-eabi/lib/thumb/v7e-m+fp/hard/crt0.o (exit)
c:/tools/gcc-arm-none-eabi-10.3-2021.10/bin/../lib/gcc/arm-none-eabi/10.3.1/../../../../arm-none-eabi/lib/thumb/v7e-m+fp/hard\libc_nano.a(lib_a-impure.o)
                              c:/tools/gcc-arm-none-eabi-10.3-2021.10/bin/../lib/gcc/arm-none-eabi/10.3.1/../../../../arm-none-eabi/lib/thumb/v7e-m+fp/hard\libc_nano.a(lib_a-exit.o) (_global_impure_ptr)
c:/tools/gcc-arm-none-eabi-10.3-2021.10/bin/../lib/gcc/arm-none-eabi/10.3.1/../../../../arm-none-eabi/lib/thumb/v7e-m+fp/hard\libc_nano.a(lib_a-init.o)
                              c:/tools/gcc-arm-none-eabi-10.3-2021.10/bin/../lib/gcc/arm-none-eabi/10.3.1/../../../../arm-none-eabi/lib/thumb/v7e-m+fp/hard/crt0.o (__libc_init_array)
c:/tools/gcc-arm-none-eabi-10.3-2021.10/bin/../lib/gcc/arm-none-eabi/10.3.1/../../../../arm-none-eabi/lib/thumb/v7e-m+fp/hard\libc_nano.a(lib_a-memcpy-stub.o)
                              build/as5047p.o (memcpy)
c:/tools/gcc-arm-none-eabi-10.3-2021.10/bin/../lib/gcc/arm-none-eabi/10.3.1/../../../../arm-none-eabi/lib/thumb/v7e-m+fp/hard\libc_nano.a(lib_a-memset.o)
                              c:/tools/gcc-arm-none-eabi-10.3-2021.10/bin/../lib/gcc/arm-none-eabi/10.3.1/../../../../arm-none-eabi/lib/thumb/v7e-m+fp/hard/crt0.o (memset)
c:/tools/gcc-arm-none-eabi-10.3-2021.10/bin/../lib/gcc/arm-none-eabi/10.3.1/../../../../arm-none-eabi/lib/thumb/v7e-m+fp/hard\libc_nano.a(lib_a-nano-vfprintf_float.o)
                              (_printf_float)
c:/tools/gcc-arm-none-eabi-10.3-2021.10/bin/../lib/gcc/arm-none-eabi/10.3.1/../../../../arm-none-eabi/lib/thumb/v7e-m+fp/hard\libc_nano.a(lib_a-nano-vfprintf_i.o)
                              c:/tools/gcc-arm-none-eabi-10.3-2021.10/bin/../lib/gcc/arm-none-eabi/10.3.1/../../../../arm-none-eabi/lib/thumb/v7e-m+fp/hard\libc_nano.a(lib_a-nano-vfprintf_float.o) (_printf_common)
c:/tools/gcc-arm-none-eabi-10.3-2021.10/bin/../lib/gcc/arm-none-eabi/10.3.1/../../../../arm-none-eabi/lib/thumb/v7e-m+fp/hard\libc_nano.a(lib_a-printf.o)
                              build/as5047p_hal.o (printf)
c:/tools/gcc-arm-none-eabi-10.3-2021.10/bin/../lib/gcc/arm-none-eabi/10.3.1/../../../../arm-none-eabi/lib/thumb/v7e-m+fp/hard\libc_nano.a(lib_a-puts.o)
                              build/main.o (puts)
c:/tools/gcc-arm-none-eabi-10.3-2021.10/bin/../lib/gcc/arm-none-eabi/10.3.1/../../../../arm-none-eabi/lib/thumb/v7e-m+fp/hard\libc_nano.a(lib_a-strlen.o)
                              c:/tools/gcc-arm-none-eabi-10.3-2021.10/bin/../lib/gcc/arm-none-eabi/10.3.1/../../../../arm-none-eabi/lib/thumb/v7e-m+fp/hard\libc_nano.a(lib_a-nano-vfprintf_float.o) (strlen)
c:/tools/gcc-arm-none-eabi-10.3-2021.10/bin/../lib/gcc/arm-none-eabi/10.3.1/../../../../arm-none-eabi/lib/thumb/v7e-m+fp/hard\libc_nano.a(lib_a-wbuf.o)
                              c:/tools/gcc-arm-none-eabi-10.3-2021.10/bin/../lib/gcc/arm-none-eabi/10.3.1/../../../../arm-none-eabi/lib/thumb/v7e-m+fp/hard\libc_nano.a(lib_a-puts.o) (__swbuf_r)
c:/tools/gcc-arm-none-eabi-10.3-2021.10/bin/../lib/gcc/arm-none-eabi/10.3.1/../../../../arm-none-eabi/lib/thumb/v7e-m+fp/hard\libc_nano.a(lib_a-wsetup.o)
                              c:/tools/gcc-arm-none-eabi-10.3-2021.10/bin/../lib/gcc/arm-none-eabi/10.3.1/../../../../arm-none-eabi/lib/thumb/v7e-m+fp/hard\libc_nano.a(lib_a-puts.o) (__swsetup_r)
c:/tools/gcc-arm-none-eabi-10.3-2021.10/bin/../lib/gcc/arm-none-eabi/10.3.1/../../../../arm-none-eabi/lib/thumb/v7e-m+fp/hard\libc_nano.a(lib_a-dtoa.o)
                              c:/tools/gcc-arm-none-eabi-10.3-2021.10/bin/../lib/gcc/arm-none-eabi/10.3.1/../../../../arm-none-eabi/lib/thumb/v7e-m+fp/hard\libc_nano.a(lib_a-nano-vfprintf_float.o) (_dtoa_r)
c:/tools/gcc-arm-none-eabi-10.3-2021.10/bin/../lib/gcc/arm-none-eabi/10.3.1/../../../../arm-none-eabi/lib/thumb/v7e-m+fp/hard\libc_nano.a(lib_a-fflush.o)
                              c:/tools/gcc-arm-none-eabi-10.3-2021.10/bin/../lib/gcc/arm-none-eabi/10.3.1/../../../../arm-none-eabi/lib/thumb/v7e-m+fp/hard\libc_nano.a(lib_a-wbuf.o) (_fflush_r)
c:/tools/gcc-arm-none-eabi-10.3-2021.10/bin/../lib/gcc/arm-none-eabi/10.3.1/../../../../arm-none-eabi/lib/thumb/v7e-m+fp/hard\libc_nano.a(lib_a-findfp.o)
                              c:/tools/gcc-arm-none-eabi-10.3-2021.10/bin/../lib/gcc/arm-none-eabi/10.3.1/../../../../arm-none-eabi/lib/thumb/v7e-m+fp/hard\libc_nano.a(lib_a-printf.o) (__sinit)
c:/tools/gcc-arm-none-eabi-10.3-2021.10/bin/../lib/gcc/arm-none-eabi/10.3.1/../../../../arm-none-eabi/lib/thumb/v7e-m+fp/hard\libc_nano.a(lib_a-fwalk.o)
[...]
Memory Configuration

Name             Origin             Length             Attributes
RAM              0x20000000         0x00040000         xrw
FLASH            0x08000000         0x00100000         xr
*default*        0x00000000         0xffffffff

Linker script and memory map

LOAD c:/tools/gcc-arm-none-eabi-10.3-2021.10/bin/../lib/gcc/arm-none-eabi/10.3.1/thumb/v7e-m+fp/hard/crti.o
LOAD c:/tools/gcc-arm-none-eabi-10.3-2021.10/bin/../lib/gcc/arm-none-eabi/10.3.1/thumb/v7e-m+fp/hard/crtbegin.o
LOAD c:/tools/gcc-arm-none-eabi-10.3-2021.10/bin/../lib/gcc/arm-none-eabi/10.3.1/../../../../arm-none-eabi/lib/thumb/v7e-m+fp/hard/crt0.o
LOAD build/main.o
LOAD build/gpio.o
LOAD build/adc.o
LOAD build/dma.o
LOAD build/spi.o
LOAD build/tim.o
LOAD build/as5047p_hal.o
LOAD build/as5047p.o
LOAD build/ICM_20648.o
LOAD build/usart.o
LOAD build/stm32f4xx_it.o
LOAD build/stm32f4xx_hal_msp.o
LOAD build/stm32f4xx_hal_adc.o
LOAD build/stm32f4xx_hal_adc_ex.o
LOAD build/stm32f4xx_ll_adc.o
LOAD build/stm32f4xx_hal_rcc.o
LOAD build/stm32f4xx_hal_rcc_ex.o
LOAD build/stm32f4xx_hal_flash.o
LOAD build/stm32f4xx_hal_flash_ex.o
LOAD build/stm32f4xx_hal_flash_ramfunc.o
LOAD build/stm32f4xx_hal_gpio.o
LOAD build/stm32f4xx_hal_dma_ex.o
LOAD build/stm32f4xx_hal_dma.o
LOAD build/stm32f4xx_hal_pwr.o
LOAD build/stm32f4xx_hal_pwr_ex.o
LOAD build/stm32f4xx_hal_cortex.o
LOAD build/stm32f4xx_hal.o
LOAD build/stm32f4xx_hal_exti.o
LOAD build/stm32f4xx_hal_spi.o
LOAD build/stm32f4xx_hal_tim.o
LOAD build/stm32f4xx_hal_tim_ex.o
LOAD build/stm32f4xx_hal_uart.o
LOAD build/system_stm32f4xx.o
LOAD build/startup_stm32f412cx.o
LOAD c:/tools/gcc-arm-none-eabi-10.3-2021.10/bin/../lib/gcc/arm-none-eabi/10.3.1/../../../../arm-none-eabi/lib/thumb/v7e-m+fp/hard\libc_nano.a
LOAD c:/tools/gcc-arm-none-eabi-10.3-2021.10/bin/../lib/gcc/arm-none-eabi/10.3.1/../../../../arm-none-eabi/lib/thumb/v7e-m+fp/hard\libm.a
LOAD c:/tools/gcc-arm-none-eabi-10.3-2021.10/bin/../lib/gcc/arm-none-eabi/10.3.1/../../../../arm-none-eabi/lib/thumb/v7e-m+fp/hard\libnosys.a
START GROUP
LOAD c:/tools/gcc-arm-none-eabi-10.3-2021.10/bin/../lib/gcc/arm-none-eabi/10.3.1/thumb/v7e-m+fp/hard\libgcc.a
LOAD c:/tools/gcc-arm-none-eabi-10.3-2021.10/bin/../lib/gcc/arm-none-eabi/10.3.1/../../../../arm-none-eabi/lib/thumb/v7e-m+fp/hard\libc_nano.a
END GROUP
START GROUP
LOAD c:/tools/gcc-arm-none-eabi-10.3-2021.10/bin/../lib/gcc/arm-none-eabi/10.3.1/thumb/v7e-m+fp/hard\libgcc.a
LOAD c:/tools/gcc-arm-none-eabi-10.3-2021.10/bin/../lib/gcc/arm-none-eabi/10.3.1/../../../../arm-none-eabi/lib/thumb/v7e-m+fp/hard\libc_nano.a
END GROUP
LOAD c:/tools/gcc-arm-none-eabi-10.3-2021.10/bin/../lib/gcc/arm-none-eabi/10.3.1/thumb/v7e-m+fp/hard/crtend.o
LOAD c:/tools/gcc-arm-none-eabi-10.3-2021.10/bin/../lib/gcc/arm-none-eabi/10.3.1/thumb/v7e-m+fp/hard/crtn.o
                0x20040000                _estack = (ORIGIN (RAM) + LENGTH (RAM))
                0x00000200                _Min_Heap_Size = 0x200
                0x00000400                _Min_Stack_Size = 0x400

.isr_vector     0x08000000      0x1c4
                0x08000000                . = ALIGN (0x4)
 *(.isr_vector)
 .isr_vector    0x08000000      0x1c4 build/startup_stm32f412cx.o
                0x08000000                g_pfnVectors
                0x080001c4                . = ALIGN (0x4)

.text           0x080001d0     0x7628
                0x080001d0                . = ALIGN (0x4)
 *(.text)
 .text          0x080001d0       0x40 c:/tools/gcc-arm-none-eabi-10.3-2021.10/bin/../lib/gcc/arm-none-eabi/10.3.1/thumb/v7e-m+fp/hard/crtbegin.o
 .text          0x08000210       0x10 c:/tools/gcc-arm-none-eabi-10.3-2021.10/bin/../lib/gcc/arm-none-eabi/10.3.1/../../../../arm-none-eabi/lib/thumb/v7e-m+fp/hard\libc_nano.a(lib_a-strlen.o)
                0x08000210                strlen
 .text          0x08000220       0xa0 c:/tools/gcc-arm-none-eabi-10.3-2021.10/bin/../lib/gcc/arm-none-eabi/10.3.1/../../../../arm-none-eabi/lib/thumb/v7e-m+fp/hard\libc_nano.a(lib_a-memchr.o)
                0x08000220                memchr
 .text          0x080002c0      0x378 c:/tools/gcc-arm-none-eabi-10.3-2021.10/bin/../lib/gcc/arm-none-eabi/10.3.1/thumb/v7e-m+fp/hard\libgcc.a(_arm_addsubdf3.o)
                0x080002c0                __aeabi_drsub
                0x080002c8                __aeabi_dsub
                0x080002c8                __subdf3
                0x080002cc                __aeabi_dadd
                0x080002cc                __adddf3
                0x08000544                __floatunsidf
                0x08000544                __aeabi_ui2d
                0x08000564                __floatsidf
                0x08000564                __aeabi_i2d
                0x08000588                __aeabi_f2d
                0x08000588                __extendsfdf2
                0x080005cc                __floatundidf
                0x080005cc                __aeabi_ul2d
                0x080005dc                __floatdidf
                0x080005dc                __aeabi_l2d
 .text          0x08000638      0x424 c:/tools/gcc-arm-none-eabi-10.3-2021.10/bin/../lib/gcc/arm-none-eabi/10.3.1/thumb/v7e-m+fp/hard\libgcc.a(_arm_muldivdf3.o)
                0x08000638                __aeabi_dmul
                0x08000638                __muldf3
                0x0800088c                __divdf3
                0x0800088c                __aeabi_ddiv
 .text          0x08000a5c      0x110 c:/tools/gcc-arm-none-eabi-10.3-2021.10/bin/../lib/gcc/arm-none-eabi/10.3.1/thumb/v7e-m+fp/hard\libgcc.a(_arm_cmpdf2.o)
                0x08000a5c                __gtdf2
                0x08000a5c                __gedf2
                0x08000a64                __ltdf2
                0x08000a64                __ledf2
                0x08000a6c                __nedf2
                0x08000a6c                __eqdf2
                0x08000a6c                __cmpdf2
                0x08000ae8                __aeabi_cdrcmple
                0x08000af8                __aeabi_cdcmpeq
                0x08000af8                __aeabi_cdcmple
                0x08000b08                __aeabi_dcmpeq
                0x08000b1c                __aeabi_dcmplt
                0x08000b30                __aeabi_dcmple
                0x08000b44                __aeabi_dcmpge
                0x08000b58                __aeabi_dcmpgt
 .text          0x08000b6c       0x2c c:/tools/gcc-arm-none-eabi-10.3-2021.10/bin/../lib/gcc/arm-none-eabi/10.3.1/thumb/v7e-m+fp/hard\libgcc.a(_arm_unorddf2.o)
                0x08000b6c                __unorddf2
                0x08000b6c                __aeabi_dcmpun
 .text          0x08000b98       0x50 c:/tools/gcc-arm-none-eabi-10.3-2021.10/bin/../lib/gcc/arm-none-eabi/10.3.1/thumb/v7e-m+fp/hard\libgcc.a(_arm_fixdfsi.o)
                0x08000b98                __aeabi_d2iz
                0x08000b98                __fixdfsi
 .text          0x08000be8       0xa0 c:/tools/gcc-arm-none-eabi-10.3-2021.10/bin/../lib/gcc/arm-none-eabi/10.3.1/thumb/v7e-m+fp/hard\libgcc.a(_arm_truncdfsf2.o)
                0x08000be8                __truncdfsf2
                0x08000be8                __aeabi_d2f
 .text          0x08000c88       0x30 c:/tools/gcc-arm-none-eabi-10.3-2021.10/bin/../lib/gcc/arm-none-eabi/10.3.1/thumb/v7e-m+fp/hard\libgcc.a(_aeabi_uldivmod.o)
                0x08000c88                __aeabi_uldivmod
 .text          0x08000cb8      0x2d0 c:/tools/gcc-arm-none-eabi-10.3-2021.10/bin/../lib/gcc/arm-none-eabi/10.3.1/thumb/v7e-m+fp/hard\libgcc.a(_udivmoddi4.o)
                0x08000cb8                __udivmoddi4
 .text          0x08000f88        0x4 c:/tools/gcc-arm-none-eabi-10.3-2021.10/bin/../lib/gcc/arm-none-eabi/10.3.1/thumb/v7e-m+fp/hard\libgcc.a(_dvmd_tls.o)
                0x08000f88                __aeabi_idiv0
                0x08000f88                __aeabi_ldiv0
 *(.text*)
 .text.SetLED   0x08000f8c       0x48 build/main.o
                0x08000f8c                SetLED
 .text.SetDutyRatio
                0x08000fd4       0x9c build/main.o
                0x08000fd4                SetDutyRatio
 .text.GetSpeed
                0x08001070      0x20c build/main.o
                0x08001070                GetSpeed
 .text.GetWallSens
                0x0800127c       0x6c build/main.o
                0x0800127c                GetWallSens
 .text.GetBattVoltage
                0x080012e8       0x44 build/main.o
                0x080012e8                GetBattVoltage
 *fill*         0x0800132c        0x4 
 .text.GetYawDeg
                0x08001330      0x118 build/main.o
                0x08001330                GetYawDeg
 .text.ControlDuty
                0x08001448       0xbc build/main.o
                0x08001448                ControlDuty
 .text.HAL_TIM_PeriodElapsedCallback
                0x08001504       0x24 build/main.o
                0x08001504                HAL_TIM_PeriodElapsedCallback
 .text.DoPanic  0x08001528       0x60 build/main.o
                0x08001528                DoPanic
 .text.init     0x08001588      0x128 build/main.o
                0x08001588                init
 .text._write   0x080016b0       0x46 build/main.o
                0x080016b0                _write
 .text.Error_Handler
                0x080016f6        0x4 build/main.o
                0x080016f6                Error_Handler
 *fill*         0x080016fa        0x2 
 .text.SystemClock_Config
                0x080016fc       0xa4 build/main.o
                0x080016fc                SystemClock_Config
 .text.main     0x080017a0       0x50 build/main.o
                0x080017a0                main
 .text.MX_GPIO_Init
                0x080017f0       0xdc build/gpio.o
                0x080017f0                MX_GPIO_Init
 .text.MX_ADC1_Init
                0x080018cc       0xcc build/adc.o
                0x080018cc                MX_ADC1_Init
 .text.HAL_ADC_MspInit
                0x08001998       0xd4 build/adc.o
                0x08001998                HAL_ADC_MspInit
 .text.MX_DMA_Init
                0x08001a6c       0x34 build/dma.o
                0x08001a6c                MX_DMA_Init
 .text.MX_SPI1_Init
                0x08001aa0       0x48 build/spi.o
                0x08001aa0                MX_SPI1_Init
 .text.MX_SPI2_Init
                0x08001ae8       0x48 build/spi.o
                0x08001ae8                MX_SPI2_Init
 .text.HAL_SPI_MspInit
                0x08001b30       0xc8 build/spi.o
                0x08001b30                HAL_SPI_MspInit
 .text.MX_TIM6_Init
                0x08001bf8       0x50 build/tim.o
                0x08001bf8                MX_TIM6_Init
 .text.HAL_TIM_PWM_MspInit
                0x08001c48       0x50 build/tim.o
                0x08001c48                HAL_TIM_PWM_MspInit
 .text.HAL_TIM_Base_MspInit
                0x08001c98       0x40 build/tim.o
                0x08001c98                HAL_TIM_Base_MspInit
 .text.HAL_TIM_MspPostInit
                0x08001cd8       0xc0 build/tim.o
                0x08001cd8                HAL_TIM_MspPostInit
 .text.MX_TIM1_Init
                0x08001d98       0xe0 build/tim.o
                0x08001d98                MX_TIM1_Init
 .text.MX_TIM2_Init
                0x08001e78       0x94 build/tim.o
                0x08001e78                MX_TIM2_Init
 .text.AS5047P_SelectSPIAndGPIO
                0x08001f0c       0x50 build/as5047p_hal.o
 .text.AS5047P_HAL_GPIO_Write
                0x08001f5c       0x1c build/as5047p_hal.o
 .text.AS5047P_DeselectSlave
                0x08001f78       0x10 build/as5047p_hal.o
 .text.AS5047P_SelectSlave
                0x08001f88       0x10 build/as5047p_hal.o
 .text.AS5047P_HAL_SPI_TxRx
                0x08001f98       0x28 build/as5047p_hal.o
 .text.AS5047P_HAL_Delay_ms
                0x08001fc0        0x8 build/as5047p_hal.o
                0x08001fc0                AS5047P_HAL_Delay_ms
 .text.AS5047P_HAL_Init
                0x08001fc8        0xa build/as5047p_hal.o
                0x08001fc8                AS5047P_HAL_Init
 .text.AS5047P_HAL_SPI_Transaction
                0x08001fd2       0x20 build/as5047p_hal.o
                0x08001fd2                AS5047P_HAL_SPI_Transaction
 .text.AS5047P_CalcParity
                0x08001ff2       0x1a build/as5047p.o
 .text.AS5047P_IsParityOk
                0x0800200c       0x1a build/as5047p.o
 *fill*         0x08002026        0x2 
 .text.AS5047P_HandleError
                0x08002028       0x28 build/as5047p.o
 .text.AS5047P_ClearError
                0x08002050       0x10 build/as5047p.o
 .text.AS5047P_ReadWriteRaw
                0x08002060       0x68 build/as5047p.o
                0x08002060                AS5047P_ReadWriteRaw
 .text.AS5047P_ReadRegister
                0x080020c8       0x96 build/as5047p.o
                0x080020c8                AS5047P_ReadRegister
 .text.AS5047P_WriteRegister
                0x0800215e       0xb6 build/as5047p.o
                0x0800215e                AS5047P_WriteRegister
 .text.AS5047P_Init
                0x08002214       0x64 build/as5047p.o
                0x08002214                AS5047P_Init
 .text.AS5047P_ErrorPending
                0x08002278        0xc build/as5047p.o
                0x08002278                AS5047P_ErrorPending
 .text.AS5047P_ErrorAck
                0x08002284       0x56 build/as5047p.o
                0x08002284                AS5047P_ErrorAck
 .text.AS5047P_ReadPosition
                0x080022da       0xd2 build/as5047p.o
                0x080022da                AS5047P_ReadPosition
 .text.AS5047P_SetZeroPosition
                0x080023ac       0xb6 build/as5047p.o
                0x080023ac                AS5047P_SetZeroPosition
 *fill*         0x08002462        0x2 
 .text.read_byte
                0x08002464       0x50 build/ICM_20648.o
                0x08002464                read_byte
 .text.write_byte
                0x080024b4       0x50 build/ICM_20648.o
                0x080024b4                write_byte
 .text.IMU_init
                0x08002504       0x54 build/ICM_20648.o
                0x08002504                IMU_init
 .text.read_gyro_data
                0x08002558       0x58 build/ICM_20648.o
                0x08002558                read_gyro_data
 .text.MX_USART6_UART_Init
                0x080025b0       0x34 build/usart.o
                0x080025b0                MX_USART6_UART_Init
 .text.HAL_UART_MspInit
                0x080025e4       0x70 build/usart.o
                0x080025e4                HAL_UART_MspInit
 .text.NMI_Handler
                0x08002654        0x2 build/stm32f4xx_it.o
                0x08002654                NMI_Handler
 .text.HardFault_Handler
                0x08002656        0x2 build/stm32f4xx_it.o
                0x08002656                HardFault_Handler
 .text.MemManage_Handler
                0x08002658        0x2 build/stm32f4xx_it.o
                0x08002658                MemManage_Handler
 .text.BusFault_Handler
                0x0800265a        0x2 build/stm32f4xx_it.o
                0x0800265a                BusFault_Handler
 .text.UsageFault_Handler
                0x0800265c        0x2 build/stm32f4xx_it.o
                0x0800265c                UsageFault_Handler
 .text.SVC_Handler
                0x0800265e        0x2 build/stm32f4xx_it.o
                0x0800265e                SVC_Handler
 .text.DebugMon_Handler
                0x08002660        0x2 build/stm32f4xx_it.o
                0x08002660                DebugMon_Handler
 .text.PendSV_Handler
                0x08002662        0x2 build/stm32f4xx_it.o
                0x08002662                PendSV_Handler
 .text.SysTick_Handler
                0x08002664        0x8 build/stm32f4xx_it.o
                0x08002664                SysTick_Handler
 .text.TIM6_IRQHandler
                0x0800266c       0x10 build/stm32f4xx_it.o
                0x0800266c                TIM6_IRQHandler
 .text.DMA2_Stream0_IRQHandler
                0x0800267c       0x10 build/stm32f4xx_it.o
                0x0800267c                DMA2_Stream0_IRQHandler
 .text.HAL_MspInit
                0x0800268c       0x38 build/stm32f4xx_hal_msp.o
                0x0800268c                HAL_MspInit
 .text.ADC_Init
                0x080026c4      0x134 build/stm32f4xx_hal_adc.o
 .text.HAL_ADC_Init
                0x080027f8       0x56 build/stm32f4xx_hal_adc.o
                0x080027f8                HAL_ADC_Init
 *fill*         0x0800284e        0x2 
 .text.HAL_ADC_Start_DMA
                0x08002850      0x164 build/stm32f4xx_hal_adc.o
                0x08002850                HAL_ADC_Start_DMA
 .text.HAL_ADC_ConvCpltCallback
                0x080029b4        0x2 build/stm32f4xx_hal_adc.o
                0x080029b4                HAL_ADC_ConvCpltCallback
 .text.HAL_ADC_ConvHalfCpltCallback
                0x080029b6        0x2 build/stm32f4xx_hal_adc.o
                0x080029b6                HAL_ADC_ConvHalfCpltCallback
 .text.ADC_DMAHalfConvCplt
                0x080029b8        0xa build/stm32f4xx_hal_adc.o
 .text.HAL_ADC_ErrorCallback
                0x080029c2        0x2 build/stm32f4xx_hal_adc.o
                0x080029c2                HAL_ADC_ErrorCallback
 .text.ADC_DMAError
                0x080029c4       0x16 build/stm32f4xx_hal_adc.o
 .text.ADC_DMAConvCplt
                0x080029da       0x72 build/stm32f4xx_hal_adc.o
 .text.HAL_ADC_ConfigChannel
                0x08002a4c      0x198 build/stm32f4xx_hal_adc.o
                0x08002a4c                HAL_ADC_ConfigChannel
 .text.HAL_RCC_GetSysClockFreq
                0x08002be4       0xa4 build/stm32f4xx_hal_rcc.o
                0x08002be4                HAL_RCC_GetSysClockFreq
 .text.HAL_RCC_ClockConfig
                0x08002c88      0x160 build/stm32f4xx_hal_rcc.o
                0x08002c88                HAL_RCC_ClockConfig
 .text.HAL_RCC_GetHCLKFreq
                0x08002de8        0xc build/stm32f4xx_hal_rcc.o
                0x08002de8                HAL_RCC_GetHCLKFreq
 .text.HAL_RCC_GetPCLK1Freq
                0x08002df4       0x20 build/stm32f4xx_hal_rcc.o
                0x08002df4                HAL_RCC_GetPCLK1Freq
 .text.HAL_RCC_GetPCLK2Freq
                0x08002e14       0x20 build/stm32f4xx_hal_rcc.o
                0x08002e14                HAL_RCC_GetPCLK2Freq
 .text.HAL_RCC_OscConfig
                0x08002e34      0x410 build/stm32f4xx_hal_rcc_ex.o
                0x08002e34                HAL_RCC_OscConfig
 .text.HAL_GPIO_Init
                0x08003244      0x1a8 build/stm32f4xx_hal_gpio.o
                0x08003244                HAL_GPIO_Init
 .text.HAL_GPIO_WritePin
                0x080033ec        0xc build/stm32f4xx_hal_gpio.o
                0x080033ec                HAL_GPIO_WritePin
 .text.DMA_SetConfig
                0x080033f8       0x2c build/stm32f4xx_hal_dma.o
 .text.DMA_CalcBaseAndBitshift
                0x08003424       0x44 build/stm32f4xx_hal_dma.o
 .text.DMA_CheckFifoParam
                0x08003468       0x8e build/stm32f4xx_hal_dma.o
 *fill*         0x080034f6        0x2 
 .text.HAL_DMA_Init
                0x080034f8       0xcc build/stm32f4xx_hal_dma.o
                0x080034f8                HAL_DMA_Init
 .text.HAL_DMA_Start_IT
                0x080035c4       0x6a build/stm32f4xx_hal_dma.o
                0x080035c4                HAL_DMA_Start_IT
 *fill*         0x0800362e        0x2 
 .text.HAL_DMA_IRQHandler
                0x08003630      0x1dc build/stm32f4xx_hal_dma.o
                0x08003630                HAL_DMA_IRQHandler
 .text.HAL_NVIC_SetPriorityGrouping
                0x0800380c       0x24 build/stm32f4xx_hal_cortex.o
                0x0800380c                HAL_NVIC_SetPriorityGrouping
 .text.HAL_NVIC_SetPriority
                0x08003830       0x70 build/stm32f4xx_hal_cortex.o
                0x08003830                HAL_NVIC_SetPriority
 .text.HAL_NVIC_EnableIRQ
                0x080038a0       0x1c build/stm32f4xx_hal_cortex.o
                0x080038a0                HAL_NVIC_EnableIRQ
 .text.HAL_SYSTICK_Config
                0x080038bc       0x28 build/stm32f4xx_hal_cortex.o
                0x080038bc                HAL_SYSTICK_Config
 .text.HAL_InitTick
                0x080038e4       0x4c build/stm32f4xx_hal.o
                0x080038e4                HAL_InitTick
 .text.HAL_Init
                0x08003930       0x34 build/stm32f4xx_hal.o
                0x08003930                HAL_Init
 .text.HAL_IncTick
                0x08003964       0x18 build/stm32f4xx_hal.o
                0x08003964                HAL_IncTick
 .text.HAL_GetTick
                0x0800397c        0xc build/stm32f4xx_hal.o
                0x0800397c                HAL_GetTick
 .text.HAL_Delay
                0x08003988       0x28 build/stm32f4xx_hal.o
                0x08003988                HAL_Delay
 .text.SPI_WaitFlagStateUntilTimeout
                0x080039b0       0xd4 build/stm32f4xx_hal_spi.o
 .text.SPI_EndRxTxTransaction
                0x08003a84       0x68 build/stm32f4xx_hal_spi.o
 .text.SPI_EndRxTransaction
                0x08003aec       0x8c build/stm32f4xx_hal_spi.o
 .text.HAL_SPI_Init
                0x08003b78       0xbe build/stm32f4xx_hal_spi.o
                0x08003b78                HAL_SPI_Init
 .text.HAL_SPI_Transmit
                0x08003c36      0x1b8 build/stm32f4xx_hal_spi.o
                0x08003c36                HAL_SPI_Transmit
 .text.HAL_SPI_TransmitReceive
                0x08003dee      0x238 build/stm32f4xx_hal_spi.o
                0x08003dee                HAL_SPI_TransmitReceive
 .text.HAL_SPI_Receive
                0x08004026      0x180 build/stm32f4xx_hal_spi.o
                0x08004026                HAL_SPI_Receive
 *fill*         0x080041a6        0x2 
 .text.TIM_OC1_SetConfig
                0x080041a8       0x68 build/stm32f4xx_hal_tim.o
 .text.TIM_OC3_SetConfig
                0x08004210       0x70 build/stm32f4xx_hal_tim.o
 .text.TIM_OC4_SetConfig
                0x08004280       0x50 build/stm32f4xx_hal_tim.o
 .text.HAL_TIM_Base_Start_IT
                0x080042d0       0x88 build/stm32f4xx_hal_tim.o
                0x080042d0                HAL_TIM_Base_Start_IT
 .text.HAL_TIM_Base_Stop_IT
                0x08004358       0x32 build/stm32f4xx_hal_tim.o
                0x08004358                HAL_TIM_Base_Stop_IT
 .text.HAL_TIM_OC_DelayElapsedCallback
                0x0800438a        0x2 build/stm32f4xx_hal_tim.o
                0x0800438a                HAL_TIM_OC_DelayElapsedCallback
 .text.HAL_TIM_IC_CaptureCallback
                0x0800438c        0x2 build/stm32f4xx_hal_tim.o
                0x0800438c                HAL_TIM_IC_CaptureCallback
 .text.HAL_TIM_PWM_PulseFinishedCallback
                0x0800438e        0x2 build/stm32f4xx_hal_tim.o
                0x0800438e                HAL_TIM_PWM_PulseFinishedCallback
 .text.HAL_TIM_TriggerCallback
                0x08004390        0x2 build/stm32f4xx_hal_tim.o
                0x08004390                HAL_TIM_TriggerCallback
 .text.HAL_TIM_IRQHandler
                0x08004392      0x17a build/stm32f4xx_hal_tim.o
                0x08004392                HAL_TIM_IRQHandler
 .text.TIM_Base_SetConfig
                0x0800450c       0xc8 build/stm32f4xx_hal_tim.o
                0x0800450c                TIM_Base_SetConfig
 .text.HAL_TIM_Base_Init
                0x080045d4       0x58 build/stm32f4xx_hal_tim.o
                0x080045d4                HAL_TIM_Base_Init
 .text.HAL_TIM_PWM_Init
                0x0800462c       0x58 build/stm32f4xx_hal_tim.o
                0x0800462c                HAL_TIM_PWM_Init
 .text.TIM_OC2_SetConfig
                0x08004684       0x70 build/stm32f4xx_hal_tim.o
                0x08004684                TIM_OC2_SetConfig
 .text.HAL_TIM_PWM_ConfigChannel
                0x080046f4       0xdc build/stm32f4xx_hal_tim.o
                0x080046f4                HAL_TIM_PWM_ConfigChannel
 .text.TIM_CCxChannelCmd
                0x080047d0       0x1e build/stm32f4xx_hal_tim.o
                0x080047d0                TIM_CCxChannelCmd
 *fill*         0x080047ee        0x2 
 .text.HAL_TIM_PWM_Start
                0x080047f0      0x104 build/stm32f4xx_hal_tim.o
                0x080047f0                HAL_TIM_PWM_Start
 .text.HAL_TIMEx_MasterConfigSynchronization
                0x080048f4       0x8c build/stm32f4xx_hal_tim_ex.o
                0x080048f4                HAL_TIMEx_MasterConfigSynchronization
 .text.HAL_TIMEx_ConfigBreakDeadTime
                0x08004980       0x52 build/stm32f4xx_hal_tim_ex.o
                0x08004980                HAL_TIMEx_ConfigBreakDeadTime
 .text.HAL_TIMEx_CommutCallback
                0x080049d2        0x2 build/stm32f4xx_hal_tim_ex.o
                0x080049d2                HAL_TIMEx_CommutCallback
 .text.HAL_TIMEx_BreakCallback
                0x080049d4        0x2 build/stm32f4xx_hal_tim_ex.o
                0x080049d4                HAL_TIMEx_BreakCallback
 *fill*         0x080049d6        0x2 
 .text.UART_SetConfig
                0x080049d8      0x110 build/stm32f4xx_hal_uart.o
 .text.HAL_UART_Init
                0x08004ae8       0x5e build/stm32f4xx_hal_uart.o
                0x08004ae8                HAL_UART_Init
 *fill*         0x08004b46        0x2 
 .text.SystemInit
                0x08004b48       0x14 build/system_stm32f4xx.o
                0x08004b48                SystemInit
 .text.Reset_Handler
                0x08004b5c       0x50 build/startup_stm32f412cx.o
                0x08004b5c                Reset_Handler
 .text.Default_Handler
                0x08004bac        0x2 build/startup_stm32f412cx.o
                0x08004bac                RTC_Alarm_IRQHandler
                0x08004bac                EXTI2_IRQHandler
                0x08004bac                TIM8_CC_IRQHandler
                0x08004bac                FMPI2C1_EV_IRQHandler
                0x08004bac                SPI4_IRQHandler
                0x08004bac                TIM1_CC_IRQHandler
                0x08004bac                DMA2_Stream5_IRQHandler
                0x08004bac                DMA1_Stream5_IRQHandler
                0x08004bac                PVD_IRQHandler
                0x08004bac                SDIO_IRQHandler
                0x08004bac                TAMP_STAMP_IRQHandler
                0x08004bac                CAN2_RX1_IRQHandler
                0x08004bac                EXTI3_IRQHandler
                0x08004bac                TIM8_TRG_COM_TIM14_IRQHandler
                0x08004bac                DFSDM1_FLT1_IRQHandler
                0x08004bac                TIM1_UP_TIM10_IRQHandler
                0x08004bac                TIM8_UP_TIM13_IRQHandler
                0x08004bac                I2C3_ER_IRQHandler
                0x08004bac                EXTI0_IRQHandler
                0x08004bac                I2C2_EV_IRQHandler
                0x08004bac                DMA1_Stream2_IRQHandler
                0x08004bac                CAN1_RX0_IRQHandler
                0x08004bac                FPU_IRQHandler
                0x08004bac                CAN2_SCE_IRQHandler
                0x08004bac                DMA2_Stream2_IRQHandler
                0x08004bac                SPI1_IRQHandler
                0x08004bac                TIM1_BRK_TIM9_IRQHandler
                0x08004bac                CAN2_RX0_IRQHandler
                0x08004bac                DMA2_Stream3_IRQHandler
                0x08004bac                USART6_IRQHandler
                0x08004bac                USART3_IRQHandler
                0x08004bac                CAN1_RX1_IRQHandler
                0x08004bac                TIM4_IRQHandler
                0x08004bac                I2C1_EV_IRQHandler
                0x08004bac                DMA1_Stream6_IRQHandler
                0x08004bac                DMA1_Stream1_IRQHandler
                0x08004bac                TIM3_IRQHandler
                0x08004bac                RCC_IRQHandler
                0x08004bac                TIM8_BRK_TIM12_IRQHandler
                0x08004bac                Default_Handler
                0x08004bac                EXTI15_10_IRQHandler
                0x08004bac                ADC_IRQHandler
                0x08004bac                DMA1_Stream7_IRQHandler
                0x08004bac                SPI5_IRQHandler
                0x08004bac                TIM7_IRQHandler
                0x08004bac                CAN2_TX_IRQHandler
                0x08004bac                TIM5_IRQHandler
                0x08004bac                DMA2_Stream7_IRQHandler
                0x08004bac                I2C3_EV_IRQHandler
                0x08004bac                EXTI9_5_IRQHandler
                0x08004bac                RTC_WKUP_IRQHandler
                0x08004bac                SPI2_IRQHandler
                0x08004bac                DMA1_Stream0_IRQHandler
                0x08004bac                CAN1_TX_IRQHandler
                0x08004bac                FMPI2C1_ER_IRQHandler
                0x08004bac                EXTI4_IRQHandler
                0x08004bac                RNG_IRQHandler
                0x08004bac                WWDG_IRQHandler
                0x08004bac                TIM2_IRQHandler
                0x08004bac                OTG_FS_WKUP_IRQHandler
                0x08004bac                TIM1_TRG_COM_TIM11_IRQHandler
                0x08004bac                EXTI1_IRQHandler
                0x08004bac                USART2_IRQHandler
                0x08004bac                DFSDM1_FLT0_IRQHandler
                0x08004bac                I2C2_ER_IRQHandler
                0x08004bac                DMA2_Stream1_IRQHandler
                0x08004bac                CAN1_SCE_IRQHandler
                0x08004bac                FLASH_IRQHandler
                0x08004bac                DMA2_Stream4_IRQHandler
                0x08004bac                USART1_IRQHandler
                0x08004bac                OTG_FS_IRQHandler
                0x08004bac                SPI3_IRQHandler
                0x08004bac                DMA1_Stream4_IRQHandler
                0x08004bac                I2C1_ER_IRQHandler
                0x08004bac                DMA2_Stream6_IRQHandler
                0x08004bac                DMA1_Stream3_IRQHandler
 *fill*         0x08004bae        0x2 
 .text.__libc_init_array
                0x08004bb0       0x48 c:/tools/gcc-arm-none-eabi-10.3-2021.10/bin/../lib/gcc/arm-none-eabi/10.3.1/../../../../arm-none-eabi/lib/thumb/v7e-m+fp/hard\libc_nano.a(lib_a-init.o)
                0x08004bb0                __libc_init_array
 .text.memcpy   0x08004bf8       0x1c c:/tools/gcc-arm-none-eabi-10.3-2021.10/bin/../lib/gcc/arm-none-eabi/10.3.1/../../../../arm-none-eabi/lib/thumb/v7e-m+fp/hard\libc_nano.a(lib_a-memcpy-stub.o)
                0x08004bf8                memcpy
 .text.memset   0x08004c14       0x10 c:/tools/gcc-arm-none-eabi-10.3-2021.10/bin/../lib/gcc/arm-none-eabi/10.3.1/../../../../arm-none-eabi/lib/thumb/v7e-m+fp/hard\libc_nano.a(lib_a-memset.o)
                0x08004c14                memset
 .text.__cvt    0x08004c24       0xc4 c:/tools/gcc-arm-none-eabi-10.3-2021.10/bin/../lib/gcc/arm-none-eabi/10.3.1/../../../../arm-none-eabi/lib/thumb/v7e-m+fp/hard\libc_nano.a(lib_a-nano-vfprintf_float.o)
                0x08004c24                __cvt
 .text.__exponent
                0x08004ce8       0x7c c:/tools/gcc-arm-none-eabi-10.3-2021.10/bin/../lib/gcc/arm-none-eabi/10.3.1/../../../../arm-none-eabi/lib/thumb/v7e-m+fp/hard\libc_nano.a(lib_a-nano-vfprintf_float.o)
                0x08004ce8                __exponent
 .text._printf_float
                0x08004d64      0x46c c:/tools/gcc-arm-none-eabi-10.3-2021.10/bin/../lib/gcc/arm-none-eabi/10.3.1/../../../../arm-none-eabi/lib/thumb/v7e-m+fp/hard\libc_nano.a(lib_a-nano-vfprintf_float.o)
                0x08004d64                _printf_float
 .text._printf_common
                0x080051d0       0xda c:/tools/gcc-arm-none-eabi-10.3-2021.10/bin/../lib/gcc/arm-none-eabi/10.3.1/../../../../arm-none-eabi/lib/thumb/v7e-m+fp/hard\libc_nano.a(lib_a-nano-vfprintf_i.o)
                0x080051d0                _printf_common
 *fill*         0x080052aa        0x2 
 .text._printf_i
                0x080052ac      0x24c c:/tools/gcc-arm-none-eabi-10.3-2021.10/bin/../lib/gcc/arm-none-eabi/10.3.1/../../../../arm-none-eabi/lib/thumb/v7e-m+fp/hard\libc_nano.a(lib_a-nano-vfprintf_i.o)
                0x080052ac                _printf_i
 .text.printf   0x080054f8       0x30 c:/tools/gcc-arm-none-eabi-10.3-2021.10/bin/../lib/gcc/arm-none-eabi/10.3.1/../../../../arm-none-eabi/lib/thumb/v7e-m+fp/hard\libc_nano.a(lib_a-printf.o)
                0x080054f8                iprintf
                0x080054f8                printf
 .text._puts_r  0x08005528       0xdc c:/tools/gcc-arm-none-eabi-10.3-2021.10/bin/../lib/gcc/arm-none-eabi/10.3.1/../../../../arm-none-eabi/lib/thumb/v7e-m+fp/hard\libc_nano.a(lib_a-puts.o)
                0x08005528                _puts_r
 .text.puts     0x08005604       0x10 c:/tools/gcc-arm-none-eabi-10.3-2021.10/bin/../lib/gcc/arm-none-eabi/10.3.1/../../../../arm-none-eabi/lib/thumb/v7e-m+fp/hard\libc_nano.a(lib_a-puts.o)
                0x08005604                puts
 .text.__swbuf_r
                0x08005614       0xa4 c:/tools/gcc-arm-none-eabi-10.3-2021.10/bin/../lib/gcc/arm-none-eabi/10.3.1/../../../../arm-none-eabi/lib/thumb/v7e-m+fp/hard\libc_nano.a(lib_a-wbuf.o)
                0x08005614                __swbuf_r
 .text.__swsetup_r
                0x080056b8       0xdc c:/tools/gcc-arm-none-eabi-10.3-2021.10/bin/../lib/gcc/arm-none-eabi/10.3.1/../../../../arm-none-eabi/lib/thumb/v7e-m+fp/hard\libc_nano.a(lib_a-wsetup.o)
                0x080056b8                __swsetup_r
 .text.quorem   0x08005794      0x116 c:/tools/gcc-arm-none-eabi-10.3-2021.10/bin/../lib/gcc/arm-none-eabi/10.3.1/../../../../arm-none-eabi/lib/thumb/v7e-m+fp/hard\libc_nano.a(lib_a-dtoa.o)
 *fill*         0x080058aa        0x6 
 .text._dtoa_r  0x080058b0      0xbdc c:/tools/gcc-arm-none-eabi-10.3-2021.10/bin/../lib/gcc/arm-none-eabi/10.3.1/../../../../arm-none-eabi/lib/thumb/v7e-m+fp/hard\libc_nano.a(lib_a-dtoa.o)
                0x080058b0                _dtoa_r
 .text.__sflush_r
                0x0800648c      0x10c c:/tools/gcc-arm-none-eabi-10.3-2021.10/bin/../lib/gcc/arm-none-eabi/10.3.1/../../../../arm-none-eabi/lib/thumb/v7e-m+fp/hard\libc_nano.a(lib_a-fflush.o)
                0x0800648c                __sflush_r
 .text._fflush_r
                0x08006598       0x78 c:/tools/gcc-arm-none-eabi-10.3-2021.10/bin/../lib/gcc/arm-none-eabi/10.3.1/../../../../arm-none-eabi/lib/thumb/v7e-m+fp/hard\libc_nano.a(lib_a-fflush.o)
                0x08006598                _fflush_r
 .text.std      0x08006610       0x48 c:/tools/gcc-arm-none-eabi-10.3-2021.10/bin/../lib/gcc/arm-none-eabi/10.3.1/../../../../arm-none-eabi/lib/thumb/v7e-m+fp/hard\libc_nano.a(lib_a-findfp.o)
 .text._cleanup_r
                0x08006658        0xc c:/tools/gcc-arm-none-eabi-10.3-2021.10/bin/../lib/gcc/arm-none-eabi/10.3.1/../../../../arm-none-eabi/lib/thumb/v7e-m+fp/hard\libc_nano.a(lib_a-findfp.o)
                0x08006658                _cleanup_r
 .text.__sfmoreglue
                0x08006664       0x2c c:/tools/gcc-arm-none-eabi-10.3-2021.10/bin/../lib/gcc/arm-none-eabi/10.3.1/../../../../arm-none-eabi/lib/thumb/v7e-m+fp/hard\libc_nano.a(lib_a-findfp.o)
                0x08006664                __sfmoreglue
 .text.__sfp_lock_acquire
                0x08006690        0xc c:/tools/gcc-arm-none-eabi-10.3-2021.10/bin/../lib/gcc/arm-none-eabi/10.3.1/../../../../arm-none-eabi/lib/thumb/v7e-m+fp/hard\libc_nano.a(lib_a-findfp.o)
                0x08006690                __sfp_lock_acquire
 .text.__sfp_lock_release
                0x0800669c        0xc c:/tools/gcc-arm-none-eabi-10.3-2021.10/bin/../lib/gcc/arm-none-eabi/10.3.1/../../../../arm-none-eabi/lib/thumb/v7e-m+fp/hard\libc_nano.a(lib_a-findfp.o)
                0x0800669c                __sfp_lock_release
 .text.__sinit_lock_acquire
                0x080066a8        0xc c:/tools/gcc-arm-none-eabi-10.3-2021.10/bin/../lib/gcc/arm-none-eabi/10.3.1/../../../../arm-none-eabi/lib/thumb/v7e-m+fp/hard\libc_nano.a(lib_a-findfp.o)
                0x080066a8                __sinit_lock_acquire
 .text.__sinit_lock_release
                0x080066b4        0xc c:/tools/gcc-arm-none-eabi-10.3-2021.10/bin/../lib/gcc/arm-none-eabi/10.3.1/../../../../arm-none-eabi/lib/thumb/v7e-m+fp/hard\libc_nano.a(lib_a-findfp.o)
                0x080066b4                __sinit_lock_release
 .text.__sinit  0x080066c0       0x70 c:/tools/gcc-arm-none-eabi-10.3-2021.10/bin/../lib/gcc/arm-none-eabi/10.3.1/../../../../arm-none-eabi/lib/thumb/v7e-m+fp/hard\libc_nano.a(lib_a-findfp.o)
                0x080066c0                __sinit
 .text.__sfp    0x08006730       0x8c c:/tools/gcc-arm-none-eabi-10.3-2021.10/bin/../lib/gcc/arm-none-eabi/10.3.1/../../../../arm-none-eabi/lib/thumb/v7e-m+fp/hard\libc_nano.a(lib_a-findfp.o)
                0x08006730                __sfp
 .text._fwalk_reent
                0x080067bc       0x3e c:/tools/gcc-arm-none-eabi-10.3-2021.10/bin/../lib/gcc/arm-none-eabi/10.3.1/../../../../arm-none-eabi/lib/thumb/v7e-m+fp/hard\libc_nano.a(lib_a-fwalk.o)
                0x080067bc                _fwalk_reent
 *fill*         0x080067fa        0x2 
 .text._localeconv_r
                0x080067fc        0x8 c:/tools/gcc-arm-none-eabi-10.3-2021.10/bin/../lib/gcc/arm-none-eabi/10.3.1/../../../../arm-none-eabi/lib/thumb/v7e-m+fp/hard\libc_nano.a(lib_a-localeconv.o)
                0x080067fc                _localeconv_r
 .text.__retarget_lock_init_recursive
                0x08006804        0x2 c:/tools/gcc-arm-none-eabi-10.3-2021.10/bin/../lib/gcc/arm-none-eabi/10.3.1/../../../../arm-none-eabi/lib/thumb/v7e-m+fp/hard\libc_nano.a(lib_a-lock.o)
                0x08006804                __retarget_lock_init_recursive
 .text.__retarget_lock_acquire_recursive
                0x08006806        0x2 c:/tools/gcc-arm-none-eabi-10.3-2021.10/bin/../lib/gcc/arm-none-eabi/10.3.1/../../../../arm-none-eabi/lib/thumb/v7e-m+fp/hard\libc_nano.a(lib_a-lock.o)
                0x08006806                __retarget_lock_acquire_recursive
 .text.__retarget_lock_release_recursive
                0x08006808        0x2 c:/tools/gcc-arm-none-eabi-10.3-2021.10/bin/../lib/gcc/arm-none-eabi/10.3.1/../../../../arm-none-eabi/lib/thumb/v7e-m+fp/hard\libc_nano.a(lib_a-lock.o)
                0x08006808                __retarget_lock_release_recursive
 .text.__swhatbuf_r
                0x0800680a       0x4a c:/tools/gcc-arm-none-eabi-10.3-2021.10/bin/../lib/gcc/arm-none-eabi/10.3.1/../../../../arm-none-eabi/lib/thumb/v7e-m+fp/hard\libc_nano.a(lib_a-makebuf.o)
                0x0800680a                __swhatbuf_r
 .text.__smakebuf_r
                0x08006854       0x80 c:/tools/gcc-arm-none-eabi-10.3-2021.10/bin/../lib/gcc/arm-none-eabi/10.3.1/../../../../arm-none-eabi/lib/thumb/v7e-m+fp/hard\libc_nano.a(lib_a-makebuf.o)
                0x08006854                __smakebuf_r
 .text.malloc   0x080068d4       0x10 c:/tools/gcc-arm-none-eabi-10.3-2021.10/bin/../lib/gcc/arm-none-eabi/10.3.1/../../../../arm-none-eabi/lib/thumb/v7e-m+fp/hard\libc_nano.a(lib_a-malloc.o)
                0x080068d4                malloc
 .text._Balloc  0x080068e4       0x80 c:/tools/gcc-arm-none-eabi-10.3-2021.10/bin/../lib/gcc/arm-none-eabi/10.3.1/../../../../arm-none-eabi/lib/thumb/v7e-m+fp/hard\libc_nano.a(lib_a-mprec.o)
                0x080068e4                _Balloc
 .text._Bfree   0x08006964       0x44 c:/tools/gcc-arm-none-eabi-10.3-2021.10/bin/../lib/gcc/arm-none-eabi/10.3.1/../../../../arm-none-eabi/lib/thumb/v7e-m+fp/hard\libc_nano.a(lib_a-mprec.o)
                0x08006964                _Bfree
 .text.__multadd
                0x080069a8       0x8c c:/tools/gcc-arm-none-eabi-10.3-2021.10/bin/../lib/gcc/arm-none-eabi/10.3.1/../../../../arm-none-eabi/lib/thumb/v7e-m+fp/hard\libc_nano.a(lib_a-mprec.o)
                0x080069a8                __multadd
 .text.__hi0bits
                0x08006a34       0x40 c:/tools/gcc-arm-none-eabi-10.3-2021.10/bin/../lib/gcc/arm-none-eabi/10.3.1/../../../../arm-none-eabi/lib/thumb/v7e-m+fp/hard\libc_nano.a(lib_a-mprec.o)
                0x08006a34                __hi0bits
 .text.__lo0bits
                0x08006a74       0x5e c:/tools/gcc-arm-none-eabi-10.3-2021.10/bin/../lib/gcc/arm-none-eabi/10.3.1/../../../../arm-none-eabi/lib/thumb/v7e-m+fp/hard\libc_nano.a(lib_a-mprec.o)
                0x08006a74                __lo0bits
 *fill*         0x08006ad2        0x2 
 .text.__i2b    0x08006ad4       0x2c c:/tools/gcc-arm-none-eabi-10.3-2021.10/bin/../lib/gcc/arm-none-eabi/10.3.1/../../../../arm-none-eabi/lib/thumb/v7e-m+fp/hard\libc_nano.a(lib_a-mprec.o)
                0x08006ad4                __i2b
 .text.__multiply
                0x08006b00      0x154 c:/tools/gcc-arm-none-eabi-10.3-2021.10/bin/../lib/gcc/arm-none-eabi/10.3.1/../../../../arm-none-eabi/lib/thumb/v7e-m+fp/hard\libc_nano.a(lib_a-mprec.o)
                0x08006b00                __multiply
 .text.__pow5mult
                0x08006c54       0xb4 c:/tools/gcc-arm-none-eabi-10.3-2021.10/bin/../lib/gcc/arm-none-eabi/10.3.1/../../../../arm-none-eabi/lib/thumb/v7e-m+fp/hard\libc_nano.a(lib_a-mprec.o)
                0x08006c54                __pow5mult
 .text.__lshift
                0x08006d08       0xe0 c:/tools/gcc-arm-none-eabi-10.3-2021.10/bin/../lib/gcc/arm-none-eabi/10.3.1/../../../../arm-none-eabi/lib/thumb/v7e-m+fp/hard\libc_nano.a(lib_a-mprec.o)
                0x08006d08                __lshift
 .text.__mcmp   0x08006de8       0x38 c:/tools/gcc-arm-none-eabi-10.3-2021.10/bin/../lib/gcc/arm-none-eabi/10.3.1/../../../../arm-none-eabi/lib/thumb/v7e-m+fp/hard\libc_nano.a(lib_a-mprec.o)
                0x08006de8                __mcmp
 .text.__mdiff  0x08006e20      0x114 c:/tools/gcc-arm-none-eabi-10.3-2021.10/bin/../lib/gcc/arm-none-eabi/10.3.1/../../../../arm-none-eabi/lib/thumb/v7e-m+fp/hard\libc_nano.a(lib_a-mprec.o)
                0x08006e20                __mdiff
 .text.__d2b    0x08006f34       0xb8 c:/tools/gcc-arm-none-eabi-10.3-2021.10/bin/../lib/gcc/arm-none-eabi/10.3.1/../../../../arm-none-eabi/lib/thumb/v7e-m+fp/hard\libc_nano.a(lib_a-mprec.o)
                0x08006f34                __d2b
 .text._calloc_r
                0x08006fec       0x2c c:/tools/gcc-arm-none-eabi-10.3-2021.10/bin/../lib/gcc/arm-none-eabi/10.3.1/../../../../arm-none-eabi/lib/thumb/v7e-m+fp/hard\libc_nano.a(lib_a-nano-callocr.o)
                0x08006fec                _calloc_r
 .text._free_r  0x08007018       0x98 c:/tools/gcc-arm-none-eabi-10.3-2021.10/bin/../lib/gcc/arm-none-eabi/10.3.1/../../../../arm-none-eabi/lib/thumb/v7e-m+fp/hard\libc_nano.a(lib_a-nano-freer.o)
                0x08007018                _free_r
 .text.sbrk_aligned
                0x080070b0       0x40 c:/tools/gcc-arm-none-eabi-10.3-2021.10/bin/../lib/gcc/arm-none-eabi/10.3.1/../../../../arm-none-eabi/lib/thumb/v7e-m+fp/hard\libc_nano.a(lib_a-nano-mallocr.o)
 .text._malloc_r
                0x080070f0       0xe8 c:/tools/gcc-arm-none-eabi-10.3-2021.10/bin/../lib/gcc/arm-none-eabi/10.3.1/../../../../arm-none-eabi/lib/thumb/v7e-m+fp/hard\libc_nano.a(lib_a-nano-mallocr.o)
                0x080070f0                _malloc_r
 .text.__sfputc_r
                0x080071d8       0x2e c:/tools/gcc-arm-none-eabi-10.3-2021.10/bin/../lib/gcc/arm-none-eabi/10.3.1/../../../../arm-none-eabi/lib/thumb/v7e-m+fp/hard\libc_nano.a(lib_a-nano-vfprintf.o)
 .text.__sfputs_r
                0x08007206       0x24 c:/tools/gcc-arm-none-eabi-10.3-2021.10/bin/../lib/gcc/arm-none-eabi/10.3.1/../../../../arm-none-eabi/lib/thumb/v7e-m+fp/hard\libc_nano.a(lib_a-nano-vfprintf.o)
                0x08007206                __sfputs_r
 *fill*         0x0800722a        0x2 
 .text._vfprintf_r
                0x0800722c      0x260 c:/tools/gcc-arm-none-eabi-10.3-2021.10/bin/../lib/gcc/arm-none-eabi/10.3.1/../../../../arm-none-eabi/lib/thumb/v7e-m+fp/hard\libc_nano.a(lib_a-nano-vfprintf.o)
                0x0800722c                _vfprintf_r
                0x0800722c                _vfiprintf_r
 .text._sbrk_r  0x0800748c       0x20 c:/tools/gcc-arm-none-eabi-10.3-2021.10/bin/../lib/gcc/arm-none-eabi/10.3.1/../../../../arm-none-eabi/lib/thumb/v7e-m+fp/hard\libc_nano.a(lib_a-sbrkr.o)
                0x0800748c                _sbrk_r
 .text.__sread  0x080074ac       0x22 c:/tools/gcc-arm-none-eabi-10.3-2021.10/bin/../lib/gcc/arm-none-eabi/10.3.1/../../../../arm-none-eabi/lib/thumb/v7e-m+fp/hard\libc_nano.a(lib_a-stdio.o)
                0x080074ac                __sread
 .text.__swrite
                0x080074ce       0x38 c:/tools/gcc-arm-none-eabi-10.3-2021.10/bin/../lib/gcc/arm-none-eabi/10.3.1/../../../../arm-none-eabi/lib/thumb/v7e-m+fp/hard\libc_nano.a(lib_a-stdio.o)
                0x080074ce                __swrite
 .text.__sseek  0x08007506       0x24 c:/tools/gcc-arm-none-eabi-10.3-2021.10/bin/../lib/gcc/arm-none-eabi/10.3.1/../../../../arm-none-eabi/lib/thumb/v7e-m+fp/hard\libc_nano.a(lib_a-stdio.o)
                0x08007506                __sseek
 .text.__sclose
                0x0800752a        0x8 c:/tools/gcc-arm-none-eabi-10.3-2021.10/bin/../lib/gcc/arm-none-eabi/10.3.1/../../../../arm-none-eabi/lib/thumb/v7e-m+fp/hard\libc_nano.a(lib_a-stdio.o)
                0x0800752a                __sclose
 *fill*         0x08007532        0x2 
 .text._write_r
                0x08007534       0x24 c:/tools/gcc-arm-none-eabi-10.3-2021.10/bin/../lib/gcc/arm-none-eabi/10.3.1/../../../../arm-none-eabi/lib/thumb/v7e-m+fp/hard\libc_nano.a(lib_a-writer.o)
                0x08007534                _write_r
 .text.__assert_func
                0x08007558       0x3c c:/tools/gcc-arm-none-eabi-10.3-2021.10/bin/../lib/gcc/arm-none-eabi/10.3.1/../../../../arm-none-eabi/lib/thumb/v7e-m+fp/hard\libc_nano.a(lib_a-assert.o)
                0x08007558                __assert_func
 .text._close_r
                0x08007594       0x20 c:/tools/gcc-arm-none-eabi-10.3-2021.10/bin/../lib/gcc/arm-none-eabi/10.3.1/../../../../arm-none-eabi/lib/thumb/v7e-m+fp/hard\libc_nano.a(lib_a-closer.o)
                0x08007594                _close_r
 .text.fprintf  0x080075b4       0x24 c:/tools/gcc-arm-none-eabi-10.3-2021.10/bin/../lib/gcc/arm-none-eabi/10.3.1/../../../../arm-none-eabi/lib/thumb/v7e-m+fp/hard\libc_nano.a(lib_a-fprintf.o)
                0x080075b4                fiprintf
                0x080075b4                fprintf
 .text._fstat_r
                0x080075d8       0x24 c:/tools/gcc-arm-none-eabi-10.3-2021.10/bin/../lib/gcc/arm-none-eabi/10.3.1/../../../../arm-none-eabi/lib/thumb/v7e-m+fp/hard\libc_nano.a(lib_a-fstatr.o)
                0x080075d8                _fstat_r
 .text._isatty_r
                0x080075fc       0x20 c:/tools/gcc-arm-none-eabi-10.3-2021.10/bin/../lib/gcc/arm-none-eabi/10.3.1/../../../../arm-none-eabi/lib/thumb/v7e-m+fp/hard\libc_nano.a(lib_a-isattyr.o)
                0x080075fc                _isatty_r
 .text._lseek_r
                0x0800761c       0x24 c:/tools/gcc-arm-none-eabi-10.3-2021.10/bin/../lib/gcc/arm-none-eabi/10.3.1/../../../../arm-none-eabi/lib/thumb/v7e-m+fp/hard\libc_nano.a(lib_a-lseekr.o)
                0x0800761c                _lseek_r
 .text.__ascii_mbtowc
                0x08007640       0x24 c:/tools/gcc-arm-none-eabi-10.3-2021.10/bin/../lib/gcc/arm-none-eabi/10.3.1/../../../../arm-none-eabi/lib/thumb/v7e-m+fp/hard\libc_nano.a(lib_a-mbtowc_r.o)
                0x08007640                __ascii_mbtowc
 .text.__malloc_lock
                0x08007664        0xc c:/tools/gcc-arm-none-eabi-10.3-2021.10/bin/../lib/gcc/arm-none-eabi/10.3.1/../../../../arm-none-eabi/lib/thumb/v7e-m+fp/hard\libc_nano.a(lib_a-mlock.o)
                0x08007664                __malloc_lock
 .text.__malloc_unlock
                0x08007670        0xc c:/tools/gcc-arm-none-eabi-10.3-2021.10/bin/../lib/gcc/arm-none-eabi/10.3.1/../../../../arm-none-eabi/lib/thumb/v7e-m+fp/hard\libc_nano.a(lib_a-mlock.o)
                0x08007670                __malloc_unlock
 .text._read_r  0x0800767c       0x24 c:/tools/gcc-arm-none-eabi-10.3-2021.10/bin/../lib/gcc/arm-none-eabi/10.3.1/../../../../arm-none-eabi/lib/thumb/v7e-m+fp/hard\libc_nano.a(lib_a-readr.o)
                0x0800767c                _read_r
 .text.__ascii_wctomb
                0x080076a0       0x1a c:/tools/gcc-arm-none-eabi-10.3-2021.10/bin/../lib/gcc/arm-none-eabi/10.3.1/../../../../arm-none-eabi/lib/thumb/v7e-m+fp/hard\libc_nano.a(lib_a-wctomb_r.o)
                0x080076a0                __ascii_wctomb
 .text.abort    0x080076ba        0xe c:/tools/gcc-arm-none-eabi-10.3-2021.10/bin/../lib/gcc/arm-none-eabi/10.3.1/../../../../arm-none-eabi/lib/thumb/v7e-m+fp/hard\libc_nano.a(lib_a-abort.o)
                0x080076ba                abort
 .text._raise_r
                0x080076c8       0x50 c:/tools/gcc-arm-none-eabi-10.3-2021.10/bin/../lib/gcc/arm-none-eabi/10.3.1/../../../../arm-none-eabi/lib/thumb/v7e-m+fp/hard\libc_nano.a(lib_a-signal.o)
                0x080076c8                _raise_r
 .text.raise    0x08007718       0x10 c:/tools/gcc-arm-none-eabi-10.3-2021.10/bin/../lib/gcc/arm-none-eabi/10.3.1/../../../../arm-none-eabi/lib/thumb/v7e-m+fp/hard\libc_nano.a(lib_a-signal.o)
                0x08007718                raise
 .text._kill_r  0x08007728       0x24 c:/tools/gcc-arm-none-eabi-10.3-2021.10/bin/../lib/gcc/arm-none-eabi/10.3.1/../../../../arm-none-eabi/lib/thumb/v7e-m+fp/hard\libc_nano.a(lib_a-signalr.o)
                0x08007728                _kill_r
 .text._getpid_r
                0x0800774c        0x4 c:/tools/gcc-arm-none-eabi-10.3-2021.10/bin/../lib/gcc/arm-none-eabi/10.3.1/../../../../arm-none-eabi/lib/thumb/v7e-m+fp/hard\libc_nano.a(lib_a-signalr.o)
                0x0800774c                _getpid_r
 .text._close   0x08007750       0x10 c:/tools/gcc-arm-none-eabi-10.3-2021.10/bin/../lib/gcc/arm-none-eabi/10.3.1/../../../../arm-none-eabi/lib/thumb/v7e-m+fp/hard\libnosys.a(close.o)
                0x08007750                _close
 .text._fstat   0x08007760       0x10 c:/tools/gcc-arm-none-eabi-10.3-2021.10/bin/../lib/gcc/arm-none-eabi/10.3.1/../../../../arm-none-eabi/lib/thumb/v7e-m+fp/hard\libnosys.a(fstat.o)
                0x08007760                _fstat
 .text._getpid  0x08007770       0x10 c:/tools/gcc-arm-none-eabi-10.3-2021.10/bin/../lib/gcc/arm-none-eabi/10.3.1/../../../../arm-none-eabi/lib/thumb/v7e-m+fp/hard\libnosys.a(getpid.o)
                0x08007770                _getpid
 .text._isatty  0x08007780       0x10 c:/tools/gcc-arm-none-eabi-10.3-2021.10/bin/../lib/gcc/arm-none-eabi/10.3.1/../../../../arm-none-eabi/lib/thumb/v7e-m+fp/hard\libnosys.a(isatty.o)
                0x08007780                _isatty
 .text._kill    0x08007790       0x10 c:/tools/gcc-arm-none-eabi-10.3-2021.10/bin/../lib/gcc/arm-none-eabi/10.3.1/../../../../arm-none-eabi/lib/thumb/v7e-m+fp/hard\libnosys.a(kill.o)
                0x08007790                _kill
 .text._lseek   0x080077a0       0x10 c:/tools/gcc-arm-none-eabi-10.3-2021.10/bin/../lib/gcc/arm-none-eabi/10.3.1/../../../../arm-none-eabi/lib/thumb/v7e-m+fp/hard\libnosys.a(lseek.o)
                0x080077a0                _lseek
 .text._read    0x080077b0       0x10 c:/tools/gcc-arm-none-eabi-10.3-2021.10/bin/../lib/gcc/arm-none-eabi/10.3.1/../../../../arm-none-eabi/lib/thumb/v7e-m+fp/hard\libnosys.a(read.o)
                0x080077b0                _read
 .text._sbrk    0x080077c0       0x1c c:/tools/gcc-arm-none-eabi-10.3-2021.10/bin/../lib/gcc/arm-none-eabi/10.3.1/../../../../arm-none-eabi/lib/thumb/v7e-m+fp/hard\libnosys.a(sbrk.o)
                0x080077c0                _sbrk
 .text._exit    0x080077dc        0x4 c:/tools/gcc-arm-none-eabi-10.3-2021.10/bin/../lib/gcc/arm-none-eabi/10.3.1/../../../../arm-none-eabi/lib/thumb/v7e-m+fp/hard\libnosys.a(_exit.o)
                0x080077dc                _exit
 *(.glue_7)
 .glue_7        0x080077e0        0x0 linker stubs
 *(.glue_7t)
 .glue_7t       0x080077e0        0x0 linker stubs
 *(.eh_frame)
 .eh_frame      0x080077e0        0x0 c:/tools/gcc-arm-none-eabi-10.3-2021.10/bin/../lib/gcc/arm-none-eabi/10.3.1/thumb/v7e-m+fp/hard/crtbegin.o
 *(.init)
 .init          0x080077e0        0x4 c:/tools/gcc-arm-none-eabi-10.3-2021.10/bin/../lib/gcc/arm-none-eabi/10.3.1/thumb/v7e-m+fp/hard/crti.o
                0x080077e0                _init
 .init          0x080077e4        0x8 c:/tools/gcc-arm-none-eabi-10.3-2021.10/bin/../lib/gcc/arm-none-eabi/10.3.1/thumb/v7e-m+fp/hard/crtn.o
 *(.fini)
 .fini          0x080077ec        0x4 c:/tools/gcc-arm-none-eabi-10.3-2021.10/bin/../lib/gcc/arm-none-eabi/10.3.1/thumb/v7e-m+fp/hard/crti.o
                0x080077ec                _fini
 .fini          0x080077f0        0x8 c:/tools/gcc-arm-none-eabi-10.3-2021.10/bin/../lib/gcc/arm-none-eabi/10.3.1/thumb/v7e-m+fp/hard/crtn.o
                0x080077f8                . = ALIGN (0x4)
                0x080077f8                _etext = .

.vfp11_veneer   0x080077f8        0x0
 .vfp11_veneer  0x080077f8        0x0 linker stubs

.v4_bx          0x080077f8        0x0
 .v4_bx         0x080077f8        0x0 linker stubs

.iplt           0x080077f8        0x0
 .iplt          0x080077f8        0x0 c:/tools/gcc-arm-none-eabi-10.3-2021.10/bin/../lib/gcc/arm-none-eabi/10.3.1/thumb/v7e-m+fp/hard/crtbegin.o

.rodata         0x080077f8      0x454
                0x080077f8                . = ALIGN (0x4)
 *(.rodata)
 *(.rodata*)
 .rodata.DoPanic.str1.4
                0x080077f8        0x9 build/main.o
 *fill*         0x08007801        0x3 
 .rodata.IMU_init.str1.4
                0x08007804        0x5 build/ICM_20648.o
 *fill*         0x08007809        0x3 
 .rodata.flagBitshiftOffset.0
                0x0800780c        0x8 build/stm32f4xx_hal_dma.o
 .rodata.AHBPrescTable
                0x08007814       0x10 build/system_stm32f4xx.o
                0x08007814                AHBPrescTable
 .rodata.APBPrescTable
                0x08007824        0x8 build/system_stm32f4xx.o
                0x08007824                APBPrescTable
 .rodata._global_impure_ptr
                0x0800782c        0x4 c:/tools/gcc-arm-none-eabi-10.3-2021.10/bin/../lib/gcc/arm-none-eabi/10.3.1/../../../../arm-none-eabi/lib/thumb/v7e-m+fp/hard\libc_nano.a(lib_a-impure.o)
                0x0800782c                _global_impure_ptr
 .rodata._printf_float.str1.1
                0x08007830       0x12 c:/tools/gcc-arm-none-eabi-10.3-2021.10/bin/../lib/gcc/arm-none-eabi/10.3.1/../../../../arm-none-eabi/lib/thumb/v7e-m+fp/hard\libc_nano.a(lib_a-nano-vfprintf_float.o)
 .rodata._printf_i.str1.1
                0x08007842       0x22 c:/tools/gcc-arm-none-eabi-10.3-2021.10/bin/../lib/gcc/arm-none-eabi/10.3.1/../../../../arm-none-eabi/lib/thumb/v7e-m+fp/hard\libc_nano.a(lib_a-nano-vfprintf_i.o)
 .rodata._dtoa_r.str1.1
                0x08007864       0xb3 c:/tools/gcc-arm-none-eabi-10.3-2021.10/bin/../lib/gcc/arm-none-eabi/10.3.1/../../../../arm-none-eabi/lib/thumb/v7e-m+fp/hard\libc_nano.a(lib_a-dtoa.o)
                                 0xb5 (size before relaxing)
 *fill*         0x08007917        0x1 
 .rodata.__sf_fake_stderr
                0x08007918       0x20 c:/tools/gcc-arm-none-eabi-10.3-2021.10/bin/../lib/gcc/arm-none-eabi/10.3.1/../../../../arm-none-eabi/lib/thumb/v7e-m+fp/hard\libc_nano.a(lib_a-findfp.o)
                0x08007918                __sf_fake_stderr
 .rodata.__sf_fake_stdin
                0x08007938       0x20 c:/tools/gcc-arm-none-eabi-10.3-2021.10/bin/../lib/gcc/arm-none-eabi/10.3.1/../../../../arm-none-eabi/lib/thumb/v7e-m+fp/hard\libc_nano.a(lib_a-findfp.o)
                0x08007938                __sf_fake_stdin
 .rodata.__sf_fake_stdout
                0x08007958       0x20 c:/tools/gcc-arm-none-eabi-10.3-2021.10/bin/../lib/gcc/arm-none-eabi/10.3.1/../../../../arm-none-eabi/lib/thumb/v7e-m+fp/hard\libc_nano.a(lib_a-findfp.o)
                0x08007958                __sf_fake_stdout
 .rodata._Balloc.str1.1
                0x08007978       0x7f c:/tools/gcc-arm-none-eabi-10.3-2021.10/bin/../lib/gcc/arm-none-eabi/10.3.1/../../../../arm-none-eabi/lib/thumb/v7e-m+fp/hard\libc_nano.a(lib_a-mprec.o)
                                 0x96 (size before relaxing)
 .rodata.__multadd.str1.1
                0x080079f7       0x11 c:/tools/gcc-arm-none-eabi-10.3-2021.10/bin/../lib/gcc/arm-none-eabi/10.3.1/../../../../arm-none-eabi/lib/thumb/v7e-m+fp/hard\libc_nano.a(lib_a-mprec.o)
 *fill*         0x080079f7        0x1 
 .rodata.__mprec_bigtens
                0x080079f8       0x28 c:/tools/gcc-arm-none-eabi-10.3-2021.10/bin/../lib/gcc/arm-none-eabi/10.3.1/../../../../arm-none-eabi/lib/thumb/v7e-m+fp/hard\libc_nano.a(lib_a-mprec.o)
                0x080079f8                __mprec_bigtens
 .rodata.__mprec_tens
                0x08007a20       0xc8 c:/tools/gcc-arm-none-eabi-10.3-2021.10/bin/../lib/gcc/arm-none-eabi/10.3.1/../../../../arm-none-eabi/lib/thumb/v7e-m+fp/hard\libc_nano.a(lib_a-mprec.o)
                0x08007a20                __mprec_tens
 .rodata.p05.0  0x08007ae8        0xc c:/tools/gcc-arm-none-eabi-10.3-2021.10/bin/../lib/gcc/arm-none-eabi/10.3.1/../../../../arm-none-eabi/lib/thumb/v7e-m+fp/hard\libc_nano.a(lib_a-mprec.o)
 .rodata._vfprintf_r.str1.1
                0x08007af4       0x11 c:/tools/gcc-arm-none-eabi-10.3-2021.10/bin/../lib/gcc/arm-none-eabi/10.3.1/../../../../arm-none-eabi/lib/thumb/v7e-m+fp/hard\libc_nano.a(lib_a-nano-vfprintf.o)
 .rodata.__assert_func.str1.1
                0x08007b05       0x3c c:/tools/gcc-arm-none-eabi-10.3-2021.10/bin/../lib/gcc/arm-none-eabi/10.3.1/../../../../arm-none-eabi/lib/thumb/v7e-m+fp/hard\libc_nano.a(lib_a-assert.o)
                                 0x3d (size before relaxing)
 .rodata._setlocale_r.str1.1
                0x08007b41        0x8 c:/tools/gcc-arm-none-eabi-10.3-2021.10/bin/../lib/gcc/arm-none-eabi/10.3.1/../../../../arm-none-eabi/lib/thumb/v7e-m+fp/hard\libc_nano.a(lib_a-locale.o)
                                  0x9 (size before relaxing)
 .rodata.str1.1
                0x08007b49        0x2 c:/tools/gcc-arm-none-eabi-10.3-2021.10/bin/../lib/gcc/arm-none-eabi/10.3.1/../../../../arm-none-eabi/lib/thumb/v7e-m+fp/hard\libc_nano.a(lib_a-locale.o)
 .rodata._ctype_
                0x08007b4b      0x101 c:/tools/gcc-arm-none-eabi-10.3-2021.10/bin/../lib/gcc/arm-none-eabi/10.3.1/../../../../arm-none-eabi/lib/thumb/v7e-m+fp/hard\libc_nano.a(lib_a-ctype_.o)
                0x08007b4b                _ctype_
                0x08007c4c                . = ALIGN (0x4)

.ARM.extab
 *(.ARM.extab* .gnu.linkonce.armextab.*)

.ARM            0x08007c4c        0x8
                0x08007c4c                __exidx_start = .
 *(.ARM.exidx*)
 .ARM.exidx     0x08007c4c        0x8 c:/tools/gcc-arm-none-eabi-10.3-2021.10/bin/../lib/gcc/arm-none-eabi/10.3.1/thumb/v7e-m+fp/hard\libgcc.a(_udivmoddi4.o)
                0x08007c54                __exidx_end = .

.rel.dyn        0x08007c54        0x0
 .rel.iplt      0x08007c54        0x0 c:/tools/gcc-arm-none-eabi-10.3-2021.10/bin/../lib/gcc/arm-none-eabi/10.3.1/thumb/v7e-m+fp/hard/crtbegin.o

.preinit_array  0x08007c54        0x0
                0x08007c54                PROVIDE (__preinit_array_start = .)
 *(.preinit_array*)
                0x08007c54                PROVIDE (__preinit_array_end = .)

.init_array     0x08007c54        0x4
                0x08007c54                PROVIDE (__init_array_start = .)
 *(SORT_BY_NAME(.init_array.*))
 *(.init_array*)
 .init_array    0x08007c54        0x4 c:/tools/gcc-arm-none-eabi-10.3-2021.10/bin/../lib/gcc/arm-none-eabi/10.3.1/thumb/v7e-m+fp/hard/crtbegin.o
                0x08007c58                PROVIDE (__init_array_end = .)

.fini_array     0x08007c58        0x4
                [!provide]                PROVIDE (__fini_array_start = .)
 *(SORT_BY_NAME(.fini_array.*))
 *(.fini_array*)
 .fini_array    0x08007c58        0x4 c:/tools/gcc-arm-none-eabi-10.3-2021.10/bin/../lib/gcc/arm-none-eabi/10.3.1/thumb/v7e-m+fp/hard/crtbegin.o
                [!provide]                PROVIDE (__fini_array_end = .)
                0x08007c5c                _sidata = LOADADDR (.data)

.data           0x20000000     0x2d9c load address 0x08007c5c
                0x20000000                . = ALIGN (0x4)
                0x20000000                _sdata = .
 *(.data)
 *(.data*)
 .data.errMesage
                0x20000000     0x2bc0 build/as5047p.o
 .data.uwTickFreq
                0x20002bc0        0x1 build/stm32f4xx_hal.o
                0x20002bc0                uwTickFreq
 *fill*         0x20002bc1        0x3 
 .data.uwTickPrio
                0x20002bc4        0x4 build/stm32f4xx_hal.o
                0x20002bc4                uwTickPrio
 .data.SystemCoreClock
                0x20002bc8        0x4 build/system_stm32f4xx.o
                0x20002bc8                SystemCoreClock
 .data._impure_ptr
                0x20002bcc        0x4 c:/tools/gcc-arm-none-eabi-10.3-2021.10/bin/../lib/gcc/arm-none-eabi/10.3.1/../../../../arm-none-eabi/lib/thumb/v7e-m+fp/hard\libc_nano.a(lib_a-impure.o)
                0x20002bcc                _impure_ptr
 .data.impure_data
                0x20002bd0       0x60 c:/tools/gcc-arm-none-eabi-10.3-2021.10/bin/../lib/gcc/arm-none-eabi/10.3.1/../../../../arm-none-eabi/lib/thumb/v7e-m+fp/hard\libc_nano.a(lib_a-impure.o)
 .data.__global_locale
                0x20002c30      0x16c c:/tools/gcc-arm-none-eabi-10.3-2021.10/bin/../lib/gcc/arm-none-eabi/10.3.1/../../../../arm-none-eabi/lib/thumb/v7e-m+fp/hard\libc_nano.a(lib_a-locale.o)
                0x20002c30                __global_locale
                0x20002d9c                . = ALIGN (0x4)
                0x20002d9c                _edata = .

.igot.plt       0x20002d9c        0x0 load address 0x0800a9f8
 .igot.plt      0x20002d9c        0x0 c:/tools/gcc-arm-none-eabi-10.3-2021.10/bin/../lib/gcc/arm-none-eabi/10.3.1/thumb/v7e-m+fp/hard/crtbegin.o
                0x20002d9c                . = ALIGN (0x4)

.bss            0x20002d9c      0x338 load address 0x0800a9f8
                0x20002d9c                _sbss = .
                0x20002d9c                __bss_start__ = _sbss
 *(.bss)
 .bss           0x20002d9c       0x1c c:/tools/gcc-arm-none-eabi-10.3-2021.10/bin/../lib/gcc/arm-none-eabi/10.3.1/thumb/v7e-m+fp/hard/crtbegin.o
 *(.bss*)
 .bss.adcval    0x20002db8        0xa build/main.o
                0x20002db8                adcval
 *fill*         0x20002dc2        0x2 
 .bss.angvel    0x20002dc4        0x4 build/main.o
                0x20002dc4                angvel
 .bss.b_angvel  0x20002dc8        0x4 build/main.o
                0x20002dc8                b_angvel
 .bss.b_encL_val
                0x20002dcc        0x2 build/main.o
                0x20002dcc                b_encL_val
 .bss.b_encR_val
                0x20002dce        0x2 build/main.o
                0x20002dce                b_encR_val
 .bss.b_spdL    0x20002dd0        0x4 build/main.o
                0x20002dd0                b_spdL
 .bss.b_spdR    0x20002dd4        0x4 build/main.o
                0x20002dd4                b_spdR
 .bss.deg       0x20002dd8        0x4 build/main.o
                0x20002dd8                deg
 .bss.encL      0x20002ddc       0x10 build/main.o
                0x20002ddc                encL
 .bss.encR      0x20002dec       0x10 build/main.o
                0x20002dec                encR
 .bss.motpower  0x20002dfc        0x1 build/main.o
                0x20002dfc                motpower
 *fill*         0x20002dfd        0x3 
 .bss.r_b_yaw   0x20002e00        0x4 build/main.o
                0x20002e00                r_b_yaw
 .bss.r_yaw     0x20002e04        0x4 build/main.o
                0x20002e04                r_yaw
 .bss.r_yaw_new
                0x20002e08        0x4 build/main.o
                0x20002e08                r_yaw_new
 .bss.r_yaw_ref
                0x20002e0c        0x4 build/main.o
                0x20002e0c                r_yaw_ref
 .bss.senstype  0x20002e10        0x1 build/main.o
                0x20002e10                senstype
 *fill*         0x20002e11        0x3 
 .bss.sensval   0x20002e14        0x8 build/main.o
                0x20002e14                sensval
 .bss.spd       0x20002e1c        0x4 build/main.o
                0x20002e1c                spd
 .bss.spdL      0x20002e20        0x4 build/main.o
                0x20002e20                spdL
 .bss.spdR      0x20002e24        0x4 build/main.o
                0x20002e24                spdR
 .bss.tgt_deg   0x20002e28        0x4 build/main.o
                0x20002e28                tgt_deg
 .bss.tgt_spd   0x20002e2c        0x4 build/main.o
                0x20002e2c                tgt_spd
 .bss.vbat      0x20002e30        0x4 build/main.o
                0x20002e30                vbat
 .bss.hadc1     0x20002e34       0x48 build/adc.o
                0x20002e34                hadc1
 .bss.hdma_adc1
                0x20002e7c       0x60 build/adc.o
                0x20002e7c                hdma_adc1
 .bss.hspi1     0x20002edc       0x58 build/spi.o
                0x20002edc                hspi1
 .bss.hspi2     0x20002f34       0x58 build/spi.o
                0x20002f34                hspi2
 .bss.htim1     0x20002f8c       0x48 build/tim.o
                0x20002f8c                htim1
 .bss.htim2     0x20002fd4       0x48 build/tim.o
                0x20002fd4                htim2
 .bss.htim6     0x2000301c       0x48 build/tim.o
                0x2000301c                htim6
 .bss.gpioPin   0x20003064        0x2 build/as5047p_hal.o
 *fill*         0x20003066        0x2 
 .bss.gpioPort  0x20003068        0x4 build/as5047p_hal.o
 .bss.handlerSPI
                0x2000306c        0x4 build/as5047p_hal.o
 .bss.xg        0x20003070        0x2 build/ICM_20648.o
                0x20003070                xg
 .bss.yg        0x20003072        0x2 build/ICM_20648.o
                0x20003072                yg
 .bss.zg        0x20003074        0x2 build/ICM_20648.o
                0x20003074                zg
 *fill*         0x20003076        0x2 
 .bss.huart6    0x20003078       0x44 build/usart.o
                0x20003078                huart6
 .bss.uwTick    0x200030bc        0x4 build/stm32f4xx_hal.o
                0x200030bc                uwTick
 .bss.__lock___malloc_recursive_mutex
                0x200030c0        0x1 c:/tools/gcc-arm-none-eabi-10.3-2021.10/bin/../lib/gcc/arm-none-eabi/10.3.1/../../../../arm-none-eabi/lib/thumb/v7e-m+fp/hard\libc_nano.a(lib_a-lock.o)
                0x200030c0                __lock___malloc_recursive_mutex
 .bss.__lock___sfp_recursive_mutex
                0x200030c1        0x1 c:/tools/gcc-arm-none-eabi-10.3-2021.10/bin/../lib/gcc/arm-none-eabi/10.3.1/../../../../arm-none-eabi/lib/thumb/v7e-m+fp/hard\libc_nano.a(lib_a-lock.o)
                0x200030c1                __lock___sfp_recursive_mutex
 .bss.__lock___sinit_recursive_mutex
                0x200030c2        0x1 c:/tools/gcc-arm-none-eabi-10.3-2021.10/bin/../lib/gcc/arm-none-eabi/10.3.1/../../../../arm-none-eabi/lib/thumb/v7e-m+fp/hard\libc_nano.a(lib_a-lock.o)
                0x200030c2                __lock___sinit_recursive_mutex
 *fill*         0x200030c3        0x1 
 .bss.__malloc_free_list
                0x200030c4        0x4 c:/tools/gcc-arm-none-eabi-10.3-2021.10/bin/../lib/gcc/arm-none-eabi/10.3.1/../../../../arm-none-eabi/lib/thumb/v7e-m+fp/hard\libc_nano.a(lib_a-nano-mallocr.o)
                0x200030c4                __malloc_free_list
 .bss.__malloc_sbrk_start
                0x200030c8        0x4 c:/tools/gcc-arm-none-eabi-10.3-2021.10/bin/../lib/gcc/arm-none-eabi/10.3.1/../../../../arm-none-eabi/lib/thumb/v7e-m+fp/hard\libc_nano.a(lib_a-nano-mallocr.o)
                0x200030c8                __malloc_sbrk_start
 .bss.errno     0x200030cc        0x4 c:/tools/gcc-arm-none-eabi-10.3-2021.10/bin/../lib/gcc/arm-none-eabi/10.3.1/../../../../arm-none-eabi/lib/thumb/v7e-m+fp/hard\libc_nano.a(lib_a-reent.o)
                0x200030cc                errno
 .bss.heap_end.0
                0x200030d0        0x4 c:/tools/gcc-arm-none-eabi-10.3-2021.10/bin/../lib/gcc/arm-none-eabi/10.3.1/../../../../arm-none-eabi/lib/thumb/v7e-m+fp/hard\libnosys.a(sbrk.o)
 *(COMMON)
                0x200030d4                . = ALIGN (0x4)
                0x200030d4                _ebss = .
                0x200030d4                __bss_end__ = _ebss

._user_heap_stack
                0x200030d4      0x604 load address 0x0800a9f8
                0x200030d8                . = ALIGN (0x8)
 *fill*         0x200030d4        0x4 
                0x200030d8                PROVIDE (end = .)
                [!provide]                PROVIDE (_end = .)
                0x200032d8                . = (. + _Min_Heap_Size)
 *fill*         0x200030d8      0x200 
                0x200036d8                . = (. + _Min_Stack_Size)
 *fill*         0x200032d8      0x400 
                0x200036d8                . = ALIGN (0x8)

/DISCARD/
 libc.a(*)
 libm.a(*)
 libgcc.a(*)

.ARM.attributes
                0x00000000       0x30
 *(.ARM.attributes)
 .ARM.attributes
                0x00000000       0x1e c:/tools/gcc-arm-none-eabi-10.3-2021.10/bin/../lib/gcc/arm-none-eabi/10.3.1/thumb/v7e-m+fp/hard/crti.o
 .ARM.attributes
                0x0000001e       0x34 c:/tools/gcc-arm-none-eabi-10.3-2021.10/bin/../lib/gcc/arm-none-eabi/10.3.1/thumb/v7e-m+fp/hard/crtbegin.o
 .ARM.attributes
                0x00000052       0x34 build/main.o
 .ARM.attributes
                0x00000086       0x34 build/gpio.o
 .ARM.attributes
                0x000000ba       0x34 build/adc.o
 .ARM.attributes
                0x000000ee       0x34 build/dma.o
 .ARM.attributes
                0x00000122       0x34 build/spi.o
 .ARM.attributes
                0x00000156       0x34 build/tim.o
 .ARM.attributes
                0x0000018a       0x34 build/as5047p_hal.o
 .ARM.attributes
                0x000001be       0x34 build/as5047p.o
 .ARM.attributes
                0x000001f2       0x34 build/ICM_20648.o
 .ARM.attributes
                0x00000226       0x34 build/usart.o
 .ARM.attributes
                0x0000025a       0x34 build/stm32f4xx_it.o
 .ARM.attributes
                0x0000028e       0x34 build/stm32f4xx_hal_msp.o
 .ARM.attributes
                0x000002c2       0x34 build/stm32f4xx_hal_adc.o
 .ARM.attributes
                0x000002f6       0x34 build/stm32f4xx_hal_rcc.o
 .ARM.attributes
                0x0000032a       0x34 build/stm32f4xx_hal_rcc_ex.o
 .ARM.attributes
                0x0000035e       0x34 build/stm32f4xx_hal_gpio.o
 .ARM.attributes
                0x00000392       0x34 build/stm32f4xx_hal_dma.o
 .ARM.attributes
                0x000003c6       0x34 build/stm32f4xx_hal_cortex.o
 .ARM.attributes
                0x000003fa       0x34 build/stm32f4xx_hal.o
 .ARM.attributes
                0x0000042e       0x34 build/stm32f4xx_hal_spi.o
 .ARM.attributes
                0x00000462       0x34 build/stm32f4xx_hal_tim.o
 .ARM.attributes
                0x00000496       0x34 build/stm32f4xx_hal_tim_ex.o
 .ARM.attributes
                0x000004ca       0x34 build/stm32f4xx_hal_uart.o
 .ARM.attributes
                0x000004fe       0x34 build/system_stm32f4xx.o
 .ARM.attributes
                0x00000532       0x21 build/startup_stm32f412cx.o
 .ARM.attributes
                0x00000553       0x34 c:/tools/gcc-arm-none-eabi-10.3-2021.10/bin/../lib/gcc/arm-none-eabi/10.3.1/../../../../arm-none-eabi/lib/thumb/v7e-m+fp/hard\libc_nano.a(lib_a-impure.o)
 .ARM.attributes
                0x00000587       0x34 c:/tools/gcc-arm-none-eabi-10.3-2021.10/bin/../lib/gcc/arm-none-eabi/10.3.1/../../../../arm-none-eabi/lib/thumb/v7e-m+fp/hard\libc_nano.a(lib_a-init.o)
 .ARM.attributes
                0x000005bb       0x34 c:/tools/gcc-arm-none-eabi-10.3-2021.10/bin/../lib/gcc/arm-none-eabi/10.3.1/../../../../arm-none-eabi/lib/thumb/v7e-m+fp/hard\libc_nano.a(lib_a-memcpy-stub.o)
 .ARM.attributes
                0x000005ef       0x34 c:/tools/gcc-arm-none-eabi-10.3-2021.10/bin/../lib/gcc/arm-none-eabi/10.3.1/../../../../arm-none-eabi/lib/thumb/v7e-m+fp/hard\libc_nano.a(lib_a-memset.o)
 .ARM.attributes
                0x00000623       0x34 c:/tools/gcc-arm-none-eabi-10.3-2021.10/bin/../lib/gcc/arm-none-eabi/10.3.1/../../../../arm-none-eabi/lib/thumb/v7e-m+fp/hard\libc_nano.a(lib_a-nano-vfprintf_float.o)
 .ARM.attributes
                0x00000657       0x34 c:/tools/gcc-arm-none-eabi-10.3-2021.10/bin/../lib/gcc/arm-none-eabi/10.3.1/../../../../arm-none-eabi/lib/thumb/v7e-m+fp/hard\libc_nano.a(lib_a-nano-vfprintf_i.o)
 .ARM.attributes
                0x0000068b       0x34 c:/tools/gcc-arm-none-eabi-10.3-2021.10/bin/../lib/gcc/arm-none-eabi/10.3.1/../../../../arm-none-eabi/lib/thumb/v7e-m+fp/hard\libc_nano.a(lib_a-printf.o)
 .ARM.attributes
                0x000006bf       0x34 c:/tools/gcc-arm-none-eabi-10.3-2021.10/bin/../lib/gcc/arm-none-eabi/10.3.1/../../../../arm-none-eabi/lib/thumb/v7e-m+fp/hard\libc_nano.a(lib_a-puts.o)
 .ARM.attributes
                0x000006f3       0x17 c:/tools/gcc-arm-none-eabi-10.3-2021.10/bin/../lib/gcc/arm-none-eabi/10.3.1/../../../../arm-none-eabi/lib/thumb/v7e-m+fp/hard\libc_nano.a(lib_a-strlen.o)
 .ARM.attributes
                0x0000070a       0x34 c:/tools/gcc-arm-none-eabi-10.3-2021.10/bin/../lib/gcc/arm-none-eabi/10.3.1/../../../../arm-none-eabi/lib/thumb/v7e-m+fp/hard\libc_nano.a(lib_a-wbuf.o)
 .ARM.attributes
                0x0000073e       0x34 c:/tools/gcc-arm-none-eabi-10.3-2021.10/bin/../lib/gcc/arm-none-eabi/10.3.1/../../../../arm-none-eabi/lib/thumb/v7e-m+fp/hard\libc_nano.a(lib_a-wsetup.o)
 .ARM.attributes
                0x00000772       0x34 c:/tools/gcc-arm-none-eabi-10.3-2021.10/bin/../lib/gcc/arm-none-eabi/10.3.1/../../../../arm-none-eabi/lib/thumb/v7e-m+fp/hard\libc_nano.a(lib_a-dtoa.o)
 .ARM.attributes
                0x000007a6       0x34 c:/tools/gcc-arm-none-eabi-10.3-2021.10/bin/../lib/gcc/arm-none-eabi/10.3.1/../../../../arm-none-eabi/lib/thumb/v7e-m+fp/hard\libc_nano.a(lib_a-fflush.o)
 .ARM.attributes
                0x000007da       0x34 c:/tools/gcc-arm-none-eabi-10.3-2021.10/bin/../lib/gcc/arm-none-eabi/10.3.1/../../../../arm-none-eabi/lib/thumb/v7e-m+fp/hard\libc_nano.a(lib_a-findfp.o)
 .ARM.attributes
                0x0000080e       0x34 c:/tools/gcc-arm-none-eabi-10.3-2021.10/bin/../lib/gcc/arm-none-eabi/10.3.1/../../../../arm-none-eabi/lib/thumb/v7e-m+fp/hard\libc_nano.a(lib_a-fwalk.o)
 .ARM.attributes
                0x00000842       0x34 c:/tools/gcc-arm-none-eabi-10.3-2021.10/bin/../lib/gcc/arm-none-eabi/10.3.1/../../../../arm-none-eabi/lib/thumb/v7e-m+fp/hard\libc_nano.a(lib_a-localeconv.o)
 .ARM.attributes
                0x00000876       0x34 c:/tools/gcc-arm-none-eabi-10.3-2021.10/bin/../lib/gcc/arm-none-eabi/10.3.1/../../../../arm-none-eabi/lib/thumb/v7e-m+fp/hard\libc_nano.a(lib_a-lock.o)
 .ARM.attributes
                0x000008aa       0x34 c:/tools/gcc-arm-none-eabi-10.3-2021.10/bin/../lib/gcc/arm-none-eabi/10.3.1/../../../../arm-none-eabi/lib/thumb/v7e-m+fp/hard\libc_nano.a(lib_a-makebuf.o)
 .ARM.attributes
                0x000008de       0x34 c:/tools/gcc-arm-none-eabi-10.3-2021.10/bin/../lib/gcc/arm-none-eabi/10.3.1/../../../../arm-none-eabi/lib/thumb/v7e-m+fp/hard\libc_nano.a(lib_a-malloc.o)
 .ARM.attributes
                0x00000912       0x1c c:/tools/gcc-arm-none-eabi-10.3-2021.10/bin/../lib/gcc/arm-none-eabi/10.3.1/../../../../arm-none-eabi/lib/thumb/v7e-m+fp/hard\libc_nano.a(lib_a-memchr.o)
 .ARM.attributes
                0x0000092e       0x34 c:/tools/gcc-arm-none-eabi-10.3-2021.10/bin/../lib/gcc/arm-none-eabi/10.3.1/../../../../arm-none-eabi/lib/thumb/v7e-m+fp/hard\libc_nano.a(lib_a-mprec.o)
 .ARM.attributes
                0x00000962       0x34 c:/tools/gcc-arm-none-eabi-10.3-2021.10/bin/../lib/gcc/arm-none-eabi/10.3.1/../../../../arm-none-eabi/lib/thumb/v7e-m+fp/hard\libc_nano.a(lib_a-nano-callocr.o)
 .ARM.attributes
                0x00000996       0x34 c:/tools/gcc-arm-none-eabi-10.3-2021.10/bin/../lib/gcc/arm-none-eabi/10.3.1/../../../../arm-none-eabi/lib/thumb/v7e-m+fp/hard\libc_nano.a(lib_a-nano-freer.o)
 .ARM.attributes
                0x000009ca       0x34 c:/tools/gcc-arm-none-eabi-10.3-2021.10/bin/../lib/gcc/arm-none-eabi/10.3.1/../../../../arm-none-eabi/lib/thumb/v7e-m+fp/hard\libc_nano.a(lib_a-nano-mallocr.o)
 .ARM.attributes
                0x000009fe       0x34 c:/tools/gcc-arm-none-eabi-10.3-2021.10/bin/../lib/gcc/arm-none-eabi/10.3.1/../../../../arm-none-eabi/lib/thumb/v7e-m+fp/hard\libc_nano.a(lib_a-nano-vfprintf.o)
 .ARM.attributes
                0x00000a32       0x34 c:/tools/gcc-arm-none-eabi-10.3-2021.10/bin/../lib/gcc/arm-none-eabi/10.3.1/../../../../arm-none-eabi/lib/thumb/v7e-m+fp/hard\libc_nano.a(lib_a-sbrkr.o)
 .ARM.attributes
                0x00000a66       0x34 c:/tools/gcc-arm-none-eabi-10.3-2021.10/bin/../lib/gcc/arm-none-eabi/10.3.1/../../../../arm-none-eabi/lib/thumb/v7e-m+fp/hard\libc_nano.a(lib_a-stdio.o)
 .ARM.attributes
                0x00000a9a       0x34 c:/tools/gcc-arm-none-eabi-10.3-2021.10/bin/../lib/gcc/arm-none-eabi/10.3.1/../../../../arm-none-eabi/lib/thumb/v7e-m+fp/hard\libc_nano.a(lib_a-writer.o)
 .ARM.attributes
                0x00000ace       0x34 c:/tools/gcc-arm-none-eabi-10.3-2021.10/bin/../lib/gcc/arm-none-eabi/10.3.1/../../../../arm-none-eabi/lib/thumb/v7e-m+fp/hard\libc_nano.a(lib_a-assert.o)
 .ARM.attributes
                0x00000b02       0x34 c:/tools/gcc-arm-none-eabi-10.3-2021.10/bin/../lib/gcc/arm-none-eabi/10.3.1/../../../../arm-none-eabi/lib/thumb/v7e-m+fp/hard\libc_nano.a(lib_a-closer.o)
 .ARM.attributes
                0x00000b36       0x34 c:/tools/gcc-arm-none-eabi-10.3-2021.10/bin/../lib/gcc/arm-none-eabi/10.3.1/../../../../arm-none-eabi/lib/thumb/v7e-m+fp/hard\libc_nano.a(lib_a-fprintf.o)
 .ARM.attributes
                0x00000b6a       0x34 c:/tools/gcc-arm-none-eabi-10.3-2021.10/bin/../lib/gcc/arm-none-eabi/10.3.1/../../../../arm-none-eabi/lib/thumb/v7e-m+fp/hard\libc_nano.a(lib_a-fstatr.o)
 .ARM.attributes
                0x00000b9e       0x34 c:/tools/gcc-arm-none-eabi-10.3-2021.10/bin/../lib/gcc/arm-none-eabi/10.3.1/../../../../arm-none-eabi/lib/thumb/v7e-m+fp/hard\libc_nano.a(lib_a-isattyr.o)
 .ARM.attributes
                0x00000bd2       0x34 c:/tools/gcc-arm-none-eabi-10.3-2021.10/bin/../lib/gcc/arm-none-eabi/10.3.1/../../../../arm-none-eabi/lib/thumb/v7e-m+fp/hard\libc_nano.a(lib_a-locale.o)
 .ARM.attributes
                0x00000c06       0x34 c:/tools/gcc-arm-none-eabi-10.3-2021.10/bin/../lib/gcc/arm-none-eabi/10.3.1/../../../../arm-none-eabi/lib/thumb/v7e-m+fp/hard\libc_nano.a(lib_a-lseekr.o)
 .ARM.attributes
                0x00000c3a       0x34 c:/tools/gcc-arm-none-eabi-10.3-2021.10/bin/../lib/gcc/arm-none-eabi/10.3.1/../../../../arm-none-eabi/lib/thumb/v7e-m+fp/hard\libc_nano.a(lib_a-mbtowc_r.o)
 .ARM.attributes
                0x00000c6e       0x34 c:/tools/gcc-arm-none-eabi-10.3-2021.10/bin/../lib/gcc/arm-none-eabi/10.3.1/../../../../arm-none-eabi/lib/thumb/v7e-m+fp/hard\libc_nano.a(lib_a-mlock.o)
 .ARM.attributes
                0x00000ca2       0x34 c:/tools/gcc-arm-none-eabi-10.3-2021.10/bin/../lib/gcc/arm-none-eabi/10.3.1/../../../../arm-none-eabi/lib/thumb/v7e-m+fp/hard\libc_nano.a(lib_a-readr.o)
 .ARM.attributes
                0x00000cd6       0x34 c:/tools/gcc-arm-none-eabi-10.3-2021.10/bin/../lib/gcc/arm-none-eabi/10.3.1/../../../../arm-none-eabi/lib/thumb/v7e-m+fp/hard\libc_nano.a(lib_a-reent.o)
 .ARM.attributes
                0x00000d0a       0x34 c:/tools/gcc-arm-none-eabi-10.3-2021.10/bin/../lib/gcc/arm-none-eabi/10.3.1/../../../../arm-none-eabi/lib/thumb/v7e-m+fp/hard\libc_nano.a(lib_a-wctomb_r.o)
 .ARM.attributes
                0x00000d3e       0x34 c:/tools/gcc-arm-none-eabi-10.3-2021.10/bin/../lib/gcc/arm-none-eabi/10.3.1/../../../../arm-none-eabi/lib/thumb/v7e-m+fp/hard\libc_nano.a(lib_a-abort.o)
 .ARM.attributes
                0x00000d72       0x34 c:/tools/gcc-arm-none-eabi-10.3-2021.10/bin/../lib/gcc/arm-none-eabi/10.3.1/../../../../arm-none-eabi/lib/thumb/v7e-m+fp/hard\libc_nano.a(lib_a-ctype_.o)
 .ARM.attributes
                0x00000da6       0x34 c:/tools/gcc-arm-none-eabi-10.3-2021.10/bin/../lib/gcc/arm-none-eabi/10.3.1/../../../../arm-none-eabi/lib/thumb/v7e-m+fp/hard\libc_nano.a(lib_a-signal.o)
 .ARM.attributes
                0x00000dda       0x34 c:/tools/gcc-arm-none-eabi-10.3-2021.10/bin/../lib/gcc/arm-none-eabi/10.3.1/../../../../arm-none-eabi/lib/thumb/v7e-m+fp/hard\libc_nano.a(lib_a-signalr.o)
 .ARM.attributes
                0x00000e0e       0x34 c:/tools/gcc-arm-none-eabi-10.3-2021.10/bin/../lib/gcc/arm-none-eabi/10.3.1/../../../../arm-none-eabi/lib/thumb/v7e-m+fp/hard\libnosys.a(close.o)
 .ARM.attributes
                0x00000e42       0x34 c:/tools/gcc-arm-none-eabi-10.3-2021.10/bin/../lib/gcc/arm-none-eabi/10.3.1/../../../../arm-none-eabi/lib/thumb/v7e-m+fp/hard\libnosys.a(fstat.o)
 .ARM.attributes
                0x00000e76       0x34 c:/tools/gcc-arm-none-eabi-10.3-2021.10/bin/../lib/gcc/arm-none-eabi/10.3.1/../../../../arm-none-eabi/lib/thumb/v7e-m+fp/hard\libnosys.a(getpid.o)
 .ARM.attributes
                0x00000eaa       0x34 c:/tools/gcc-arm-none-eabi-10.3-2021.10/bin/../lib/gcc/arm-none-eabi/10.3.1/../../../../arm-none-eabi/lib/thumb/v7e-m+fp/hard\libnosys.a(isatty.o)
 .ARM.attributes
                0x00000ede       0x34 c:/tools/gcc-arm-none-eabi-10.3-2021.10/bin/../lib/gcc/arm-none-eabi/10.3.1/../../../../arm-none-eabi/lib/thumb/v7e-m+fp/hard\libnosys.a(kill.o)
 .ARM.attributes
                0x00000f12       0x34 c:/tools/gcc-arm-none-eabi-10.3-2021.10/bin/../lib/gcc/arm-none-eabi/10.3.1/../../../../arm-none-eabi/lib/thumb/v7e-m+fp/hard\libnosys.a(lseek.o)
 .ARM.attributes
                0x00000f46       0x34 c:/tools/gcc-arm-none-eabi-10.3-2021.10/bin/../lib/gcc/arm-none-eabi/10.3.1/../../../../arm-none-eabi/lib/thumb/v7e-m+fp/hard\libnosys.a(read.o)
 .ARM.attributes
                0x00000f7a       0x34 c:/tools/gcc-arm-none-eabi-10.3-2021.10/bin/../lib/gcc/arm-none-eabi/10.3.1/../../../../arm-none-eabi/lib/thumb/v7e-m+fp/hard\libnosys.a(sbrk.o)
 .ARM.attributes
                0x00000fae       0x34 c:/tools/gcc-arm-none-eabi-10.3-2021.10/bin/../lib/gcc/arm-none-eabi/10.3.1/../../../../arm-none-eabi/lib/thumb/v7e-m+fp/hard\libnosys.a(_exit.o)
 .ARM.attributes
                0x00000fe2       0x1e c:/tools/gcc-arm-none-eabi-10.3-2021.10/bin/../lib/gcc/arm-none-eabi/10.3.1/thumb/v7e-m+fp/hard\libgcc.a(_arm_addsubdf3.o)
 .ARM.attributes
                0x00001000       0x1e c:/tools/gcc-arm-none-eabi-10.3-2021.10/bin/../lib/gcc/arm-none-eabi/10.3.1/thumb/v7e-m+fp/hard\libgcc.a(_arm_muldivdf3.o)
 .ARM.attributes
                0x0000101e       0x1e c:/tools/gcc-arm-none-eabi-10.3-2021.10/bin/../lib/gcc/arm-none-eabi/10.3.1/thumb/v7e-m+fp/hard\libgcc.a(_arm_cmpdf2.o)
 .ARM.attributes
                0x0000103c       0x1e c:/tools/gcc-arm-none-eabi-10.3-2021.10/bin/../lib/gcc/arm-none-eabi/10.3.1/thumb/v7e-m+fp/hard\libgcc.a(_arm_unorddf2.o)
 .ARM.attributes
                0x0000105a       0x1e c:/tools/gcc-arm-none-eabi-10.3-2021.10/bin/../lib/gcc/arm-none-eabi/10.3.1/thumb/v7e-m+fp/hard\libgcc.a(_arm_fixdfsi.o)
 .ARM.attributes
                0x00001078       0x1e c:/tools/gcc-arm-none-eabi-10.3-2021.10/bin/../lib/gcc/arm-none-eabi/10.3.1/thumb/v7e-m+fp/hard\libgcc.a(_arm_truncdfsf2.o)
 .ARM.attributes
                0x00001096       0x1e c:/tools/gcc-arm-none-eabi-10.3-2021.10/bin/../lib/gcc/arm-none-eabi/10.3.1/thumb/v7e-m+fp/hard\libgcc.a(_aeabi_uldivmod.o)
 .ARM.attributes
                0x000010b4       0x34 c:/tools/gcc-arm-none-eabi-10.3-2021.10/bin/../lib/gcc/arm-none-eabi/10.3.1/thumb/v7e-m+fp/hard\libgcc.a(_udivmoddi4.o)
 .ARM.attributes
                0x000010e8       0x1e c:/tools/gcc-arm-none-eabi-10.3-2021.10/bin/../lib/gcc/arm-none-eabi/10.3.1/thumb/v7e-m+fp/hard\libgcc.a(_dvmd_tls.o)
 .ARM.attributes
                0x00001106       0x1e c:/tools/gcc-arm-none-eabi-10.3-2021.10/bin/../lib/gcc/arm-none-eabi/10.3.1/thumb/v7e-m+fp/hard/crtn.o
OUTPUT(build/SaponseEx.elf elf32-littlearm)
LOAD linker stubs
LOAD c:/tools/gcc-arm-none-eabi-10.3-2021.10/bin/../lib/gcc/arm-none-eabi/10.3.1/../../../../arm-none-eabi/lib/thumb/v7e-m+fp/hard\libc.a
LOAD c:/tools/gcc-arm-none-eabi-10.3-2021.10/bin/../lib/gcc/arm-none-eabi/10.3.1/../../../../arm-none-eabi/lib/thumb/v7e-m+fp/hard\libm.a
LOAD c:/tools/gcc-arm-none-eabi-10.3-2021.10/bin/../lib/gcc/arm-none-eabi/10.3.1/thumb/v7e-m+fp/hard\libgcc.a

.debug_info     0x00000000    0x1b700
 .debug_info    0x00000000     0x2077 build/main.o
 .debug_info    0x00002077      0x567 build/gpio.o
 .debug_info    0x000025de      0xcd9 build/adc.o
 .debug_info    0x000032b7      0x543 build/dma.o
 .debug_info    0x000037fa      0xbf8 build/spi.o
 .debug_info    0x000043f2     0x13c5 build/tim.o
 .debug_info    0x000057b7      0xb0d build/as5047p_hal.o
 .debug_info    0x000062c4     0x147d build/as5047p.o
 .debug_info    0x00007741      0xc0d build/ICM_20648.o
 .debug_info    0x0000834e      0xad4 build/usart.o
 .debug_info    0x00008e22      0x845 build/stm32f4xx_it.o
 .debug_info    0x00009667      0x2ff build/stm32f4xx_hal_msp.o
 .debug_info    0x00009966     0x100a build/stm32f4xx_hal_adc.o
 .debug_info    0x0000a970      0xbce build/stm32f4xx_hal_rcc.o
 .debug_info    0x0000b53e      0xa9e build/stm32f4xx_hal_rcc_ex.o
 .debug_info    0x0000bfdc      0x87c build/stm32f4xx_hal_gpio.o
 .debug_info    0x0000c858      0xbd1 build/stm32f4xx_hal_dma.o
 .debug_info    0x0000d429     0x115c build/stm32f4xx_hal_cortex.o
 .debug_info    0x0000e585      0xacb build/stm32f4xx_hal.o
 .debug_info    0x0000f050     0x2015 build/stm32f4xx_hal_spi.o
 .debug_info    0x00011065     0x4061 build/stm32f4xx_hal_tim.o
 .debug_info    0x000150c6     0x1c6a build/stm32f4xx_hal_tim_ex.o
 .debug_info    0x00016d30     0x43e7 build/stm32f4xx_hal_uart.o
 .debug_info    0x0001b117      0x5c7 build/system_stm32f4xx.o
 .debug_info    0x0001b6de       0x22 build/startup_stm32f412cx.o

.debug_abbrev   0x00000000     0x359f
 .debug_abbrev  0x00000000      0x3fc build/main.o
 .debug_abbrev  0x000003fc      0x151 build/gpio.o
 .debug_abbrev  0x0000054d      0x1df build/adc.o
 .debug_abbrev  0x0000072c      0x129 build/dma.o
 .debug_abbrev  0x00000855      0x1d7 build/spi.o
 .debug_abbrev  0x00000a2c      0x28d build/tim.o
 .debug_abbrev  0x00000cb9      0x291 build/as5047p_hal.o
 .debug_abbrev  0x00000f4a      0x1f8 build/as5047p.o
 .debug_abbrev  0x00001142      0x21a build/ICM_20648.o
 .debug_abbrev  0x0000135c      0x1de build/usart.o
 .debug_abbrev  0x0000153a      0x190 build/stm32f4xx_it.o
 .debug_abbrev  0x000016ca       0xd3 build/stm32f4xx_hal_msp.o
 .debug_abbrev  0x0000179d      0x292 build/stm32f4xx_hal_adc.o
 .debug_abbrev  0x00001a2f      0x29d build/stm32f4xx_hal_rcc.o
 .debug_abbrev  0x00001ccc      0x1db build/stm32f4xx_hal_rcc_ex.o
 .debug_abbrev  0x00001ea7      0x22b build/stm32f4xx_hal_gpio.o
 .debug_abbrev  0x000020d2      0x2ff build/stm32f4xx_hal_dma.o
 .debug_abbrev  0x000023d1      0x382 build/stm32f4xx_hal_cortex.o
 .debug_abbrev  0x00002753      0x209 build/stm32f4xx_hal.o
 .debug_abbrev  0x0000295c      0x2a6 build/stm32f4xx_hal_spi.o
 .debug_abbrev  0x00002c02      0x282 build/stm32f4xx_hal_tim.o
 .debug_abbrev  0x00002e84      0x298 build/stm32f4xx_hal_tim_ex.o
 .debug_abbrev  0x0000311c      0x356 build/stm32f4xx_hal_uart.o
 .debug_abbrev  0x00003472      0x11b build/system_stm32f4xx.o
 .debug_abbrev  0x0000358d       0x12 build/startup_stm32f412cx.o

.debug_loc      0x00000000    0x153cd
 .debug_loc     0x00000000      0x656 build/main.o
 .debug_loc     0x00000656       0x39 build/gpio.o
 .debug_loc     0x0000068f      0x119 build/adc.o
 .debug_loc     0x000007a8       0x38 build/dma.o
 .debug_loc     0x000007e0      0x162 build/spi.o
 .debug_loc     0x00000942      0x268 build/tim.o
 .debug_loc     0x00000baa      0x385 build/as5047p_hal.o
 .debug_loc     0x00000f2f     0x11f6 build/as5047p.o
 .debug_loc     0x00002125      0x191 build/ICM_20648.o
 .debug_loc     0x000022b6      0x108 build/usart.o
 .debug_loc     0x000023be       0x60 build/stm32f4xx_it.o
 .debug_loc     0x0000241e       0x2c build/stm32f4xx_hal_msp.o
 .debug_loc     0x0000244a      0xdb9 build/stm32f4xx_hal_adc.o
 .debug_loc     0x00003203      0x677 build/stm32f4xx_hal_rcc.o
 .debug_loc     0x0000387a      0xb6b build/stm32f4xx_hal_rcc_ex.o
 .debug_loc     0x000043e5      0x5d7 build/stm32f4xx_hal_gpio.o
 .debug_loc     0x000049bc      0xd6d build/stm32f4xx_hal_dma.o
 .debug_loc     0x00005729      0x7a4 build/stm32f4xx_hal_cortex.o
 .debug_loc     0x00005ecd      0x1e1 build/stm32f4xx_hal.o
 .debug_loc     0x000060ae     0x2501 build/stm32f4xx_hal_spi.o
 .debug_loc     0x000085af     0x5ba0 build/stm32f4xx_hal_tim.o
 .debug_loc     0x0000e14f     0x2137 build/stm32f4xx_hal_tim_ex.o
 .debug_loc     0x00010286     0x4fef build/stm32f4xx_hal_uart.o
 .debug_loc     0x00015275      0x158 build/system_stm32f4xx.o

.debug_aranges  0x00000000     0x1148
 .debug_aranges
                0x00000000       0x88 build/main.o
 .debug_aranges
                0x00000088       0x20 build/gpio.o
 .debug_aranges
                0x000000a8       0x30 build/adc.o
 .debug_aranges
                0x000000d8       0x20 build/dma.o
 .debug_aranges
                0x000000f8       0x38 build/spi.o
 .debug_aranges
                0x00000130       0x58 build/tim.o
 .debug_aranges
                0x00000188       0x60 build/as5047p_hal.o
 .debug_aranges
                0x000001e8       0xb8 build/as5047p.o
 .debug_aranges
                0x000002a0       0x40 build/ICM_20648.o
 .debug_aranges
                0x000002e0       0x30 build/usart.o
 .debug_aranges
                0x00000310       0x70 build/stm32f4xx_it.o
 .debug_aranges
                0x00000380       0x20 build/stm32f4xx_hal_msp.o
 .debug_aranges
                0x000003a0       0xe8 build/stm32f4xx_hal_adc.o
 .debug_aranges
                0x00000488       0x88 build/stm32f4xx_hal_rcc.o
 .debug_aranges
                0x00000510       0x60 build/stm32f4xx_hal_rcc_ex.o
 .debug_aranges
                0x00000570       0x58 build/stm32f4xx_hal_gpio.o
 .debug_aranges
                0x000005c8       0x90 build/stm32f4xx_hal_dma.o
 .debug_aranges
                0x00000658       0xa8 build/stm32f4xx_hal_cortex.o
 .debug_aranges
                0x00000700       0xf0 build/stm32f4xx_hal.o
 .debug_aranges
                0x000007f0      0x1d0 build/stm32f4xx_hal_spi.o
 .debug_aranges
                0x000009c0      0x3d0 build/stm32f4xx_hal_tim.o
 .debug_aranges
                0x00000d90      0x168 build/stm32f4xx_hal_tim_ex.o
 .debug_aranges
                0x00000ef8      0x200 build/stm32f4xx_hal_uart.o
 .debug_aranges
                0x000010f8       0x28 build/system_stm32f4xx.o
 .debug_aranges
                0x00001120       0x28 build/startup_stm32f412cx.o

.debug_ranges   0x00000000     0x1098
 .debug_ranges  0x00000000       0xa8 build/main.o
 .debug_ranges  0x000000a8       0x10 build/gpio.o
 .debug_ranges  0x000000b8       0x20 build/adc.o
 .debug_ranges  0x000000d8       0x10 build/dma.o
 .debug_ranges  0x000000e8       0x28 build/spi.o
 .debug_ranges  0x00000110       0x48 build/tim.o
 .debug_ranges  0x00000158       0x50 build/as5047p_hal.o
 .debug_ranges  0x000001a8       0xa8 build/as5047p.o
 .debug_ranges  0x00000250       0x30 build/ICM_20648.o
 .debug_ranges  0x00000280       0x20 build/usart.o
 .debug_ranges  0x000002a0       0x60 build/stm32f4xx_it.o
 .debug_ranges  0x00000300       0x10 build/stm32f4xx_hal_msp.o
 .debug_ranges  0x00000310       0xd8 build/stm32f4xx_hal_adc.o
 .debug_ranges  0x000003e8       0x90 build/stm32f4xx_hal_rcc.o
 .debug_ranges  0x00000478       0x68 build/stm32f4xx_hal_rcc_ex.o
 .debug_ranges  0x000004e0       0x48 build/stm32f4xx_hal_gpio.o
 .debug_ranges  0x00000528       0x80 build/stm32f4xx_hal_dma.o
 .debug_ranges  0x000005a8       0xf8 build/stm32f4xx_hal_cortex.o
 .debug_ranges  0x000006a0       0xe0 build/stm32f4xx_hal.o
 .debug_ranges  0x00000780      0x1c0 build/stm32f4xx_hal_spi.o
 .debug_ranges  0x00000940      0x3c0 build/stm32f4xx_hal_tim.o
 .debug_ranges  0x00000d00      0x158 build/stm32f4xx_hal_tim_ex.o
 .debug_ranges  0x00000e58      0x208 build/stm32f4xx_hal_uart.o
 .debug_ranges  0x00001060       0x18 build/system_stm32f4xx.o
 .debug_ranges  0x00001078       0x20 build/startup_stm32f412cx.o

.debug_line     0x00000000    0x15227
 .debug_line    0x00000000      0x94b build/main.o
 .debug_line    0x0000094b      0x1ea build/gpio.o
 .debug_line    0x00000b35      0x3f5 build/adc.o
 .debug_line    0x00000f2a      0x16d build/dma.o
 .debug_line    0x00001097      0x3a3 build/spi.o
 .debug_line    0x0000143a      0x5f1 build/tim.o
 .debug_line    0x00001a2b      0x394 build/as5047p_hal.o
 .debug_line    0x00001dbf      0xb4d build/as5047p.o
 .debug_line    0x0000290c      0x33a build/ICM_20648.o
 .debug_line    0x00002c46      0x2af build/usart.o
 .debug_line    0x00002ef5      0x2d2 build/stm32f4xx_it.o
 .debug_line    0x000031c7      0x144 build/stm32f4xx_hal_msp.o
 .debug_line    0x0000330b      0xfe3 build/stm32f4xx_hal_adc.o
 .debug_line    0x000042ee      0xac2 build/stm32f4xx_hal_rcc.o
 .debug_line    0x00004db0      0xe82 build/stm32f4xx_hal_rcc_ex.o
 .debug_line    0x00005c32      0x698 build/stm32f4xx_hal_gpio.o
 .debug_line    0x000062ca      0xe0f build/stm32f4xx_hal_dma.o
 .debug_line    0x000070d9      0x762 build/stm32f4xx_hal_cortex.o
 .debug_line    0x0000783b      0x555 build/stm32f4xx_hal.o
 .debug_line    0x00007d90     0x24d3 build/stm32f4xx_hal_spi.o
 .debug_line    0x0000a263     0x4a8c build/stm32f4xx_hal_tim.o
 .debug_line    0x0000ecef     0x1cb0 build/stm32f4xx_hal_tim_ex.o
 .debug_line    0x0001099f     0x45d8 build/stm32f4xx_hal_uart.o
 .debug_line    0x00014f77      0x23a build/system_stm32f4xx.o
 .debug_line    0x000151b1       0x76 build/startup_stm32f412cx.o

.debug_str      0x00000000     0x50bf
 .debug_str     0x00000000      0xe99 build/main.o
                                0xfc4 (size before relaxing)
 .debug_str     0x00000e99       0x6a build/gpio.o
                                0x350 (size before relaxing)
 .debug_str     0x00000f03       0xc0 build/adc.o
                                0x7e5 (size before relaxing)
 .debug_str     0x00000fc3      0x4d8 build/dma.o
                                0x774 (size before relaxing)
 .debug_str     0x0000149b      0x20a build/spi.o
                                0x7ec (size before relaxing)
 .debug_str     0x000016a5      0x278 build/tim.o